Archive member included to satisfy reference by file (symbol)

../../src/libLoRa_pico_lib.a(LoRa-RP2040.cpp.obj)
                              CMakeFiles/LoRaReceiver.dir/LoRaReceiver.cpp.obj (LoRaClass::available())
/home/leon/pico/pico-sdk/toolchain/gcc-arm-none-eabi-10.3-2021.10/bin/../lib/gcc/arm-none-eabi/10.3.1/thumb/v6-m/nofp/libgcc.a(_dvmd_tls.o)
                              CMakeFiles/LoRaReceiver.dir/home/leon/pico/pico-sdk/src/rp2_common/pico_divider/divider.S.obj (__aeabi_idiv0)
/home/leon/pico/pico-sdk/toolchain/gcc-arm-none-eabi-10.3-2021.10/bin/../lib/gcc/arm-none-eabi/10.3.1/thumb/v6-m/nofp/libgcc.a(unwind-arm.o)
                              ../../src/libLoRa_pico_lib.a(LoRa-RP2040.cpp.obj) (__aeabi_unwind_cpp_pr1)
/home/leon/pico/pico-sdk/toolchain/gcc-arm-none-eabi-10.3-2021.10/bin/../lib/gcc/arm-none-eabi/10.3.1/thumb/v6-m/nofp/libgcc.a(libunwind.o)
                              /home/leon/pico/pico-sdk/toolchain/gcc-arm-none-eabi-10.3-2021.10/bin/../lib/gcc/arm-none-eabi/10.3.1/thumb/v6-m/nofp/libgcc.a(unwind-arm.o) (restore_core_regs)
/home/leon/pico/pico-sdk/toolchain/gcc-arm-none-eabi-10.3-2021.10/bin/../lib/gcc/arm-none-eabi/10.3.1/thumb/v6-m/nofp/libgcc.a(pr-support.o)
                              /home/leon/pico/pico-sdk/toolchain/gcc-arm-none-eabi-10.3-2021.10/bin/../lib/gcc/arm-none-eabi/10.3.1/thumb/v6-m/nofp/libgcc.a(unwind-arm.o) (__gnu_unwind_execute)
/home/leon/pico/pico-sdk/toolchain/gcc-arm-none-eabi-10.3-2021.10/bin/../lib/gcc/arm-none-eabi/10.3.1/../../../../arm-none-eabi/lib/thumb/v6-m/nofp/libc.a(lib_a-abort.o)
                              /home/leon/pico/pico-sdk/toolchain/gcc-arm-none-eabi-10.3-2021.10/bin/../lib/gcc/arm-none-eabi/10.3.1/thumb/v6-m/nofp/libgcc.a(unwind-arm.o) (abort)
/home/leon/pico/pico-sdk/toolchain/gcc-arm-none-eabi-10.3-2021.10/bin/../lib/gcc/arm-none-eabi/10.3.1/../../../../arm-none-eabi/lib/thumb/v6-m/nofp/libc.a(lib_a-calloc.o)
                              CMakeFiles/LoRaReceiver.dir/home/leon/pico/pico-sdk/src/rp2_common/pico_malloc/pico_malloc.c.obj (calloc)
/home/leon/pico/pico-sdk/toolchain/gcc-arm-none-eabi-10.3-2021.10/bin/../lib/gcc/arm-none-eabi/10.3.1/../../../../arm-none-eabi/lib/thumb/v6-m/nofp/libc.a(lib_a-callocr.o)
                              /home/leon/pico/pico-sdk/toolchain/gcc-arm-none-eabi-10.3-2021.10/bin/../lib/gcc/arm-none-eabi/10.3.1/../../../../arm-none-eabi/lib/thumb/v6-m/nofp/libc.a(lib_a-calloc.o) (_calloc_r)
/home/leon/pico/pico-sdk/toolchain/gcc-arm-none-eabi-10.3-2021.10/bin/../lib/gcc/arm-none-eabi/10.3.1/../../../../arm-none-eabi/lib/thumb/v6-m/nofp/libc.a(lib_a-errno.o)
                              /home/leon/pico/pico-sdk/toolchain/gcc-arm-none-eabi-10.3-2021.10/bin/../lib/gcc/arm-none-eabi/10.3.1/../../../../arm-none-eabi/lib/thumb/v6-m/nofp/libc.a(lib_a-callocr.o) (__errno)
/home/leon/pico/pico-sdk/toolchain/gcc-arm-none-eabi-10.3-2021.10/bin/../lib/gcc/arm-none-eabi/10.3.1/../../../../arm-none-eabi/lib/thumb/v6-m/nofp/libc.a(lib_a-impure.o)
                              /home/leon/pico/pico-sdk/toolchain/gcc-arm-none-eabi-10.3-2021.10/bin/../lib/gcc/arm-none-eabi/10.3.1/../../../../arm-none-eabi/lib/thumb/v6-m/nofp/libc.a(lib_a-calloc.o) (_impure_ptr)
/home/leon/pico/pico-sdk/toolchain/gcc-arm-none-eabi-10.3-2021.10/bin/../lib/gcc/arm-none-eabi/10.3.1/../../../../arm-none-eabi/lib/thumb/v6-m/nofp/libc.a(lib_a-init.o)
                              /home/leon/pico/pico-sdk/toolchain/gcc-arm-none-eabi-10.3-2021.10/bin/../lib/gcc/arm-none-eabi/10.3.1/../../../../arm-none-eabi/lib/thumb/v6-m/nofp/crt0.o (__libc_init_array)
/home/leon/pico/pico-sdk/toolchain/gcc-arm-none-eabi-10.3-2021.10/bin/../lib/gcc/arm-none-eabi/10.3.1/../../../../arm-none-eabi/lib/thumb/v6-m/nofp/libc.a(lib_a-malloc.o)
                              CMakeFiles/LoRaReceiver.dir/home/leon/pico/pico-sdk/src/rp2_common/pico_malloc/pico_malloc.c.obj (malloc)
/home/leon/pico/pico-sdk/toolchain/gcc-arm-none-eabi-10.3-2021.10/bin/../lib/gcc/arm-none-eabi/10.3.1/../../../../arm-none-eabi/lib/thumb/v6-m/nofp/libc.a(lib_a-mallocr.o)
                              /home/leon/pico/pico-sdk/toolchain/gcc-arm-none-eabi-10.3-2021.10/bin/../lib/gcc/arm-none-eabi/10.3.1/../../../../arm-none-eabi/lib/thumb/v6-m/nofp/libc.a(lib_a-callocr.o) (_malloc_r)
/home/leon/pico/pico-sdk/toolchain/gcc-arm-none-eabi-10.3-2021.10/bin/../lib/gcc/arm-none-eabi/10.3.1/../../../../arm-none-eabi/lib/thumb/v6-m/nofp/libc.a(lib_a-mlock.o)
                              /home/leon/pico/pico-sdk/toolchain/gcc-arm-none-eabi-10.3-2021.10/bin/../lib/gcc/arm-none-eabi/10.3.1/../../../../arm-none-eabi/lib/thumb/v6-m/nofp/libc.a(lib_a-mallocr.o) (__malloc_lock)
/home/leon/pico/pico-sdk/toolchain/gcc-arm-none-eabi-10.3-2021.10/bin/../lib/gcc/arm-none-eabi/10.3.1/../../../../arm-none-eabi/lib/thumb/v6-m/nofp/libc.a(lib_a-realloc.o)
                              CMakeFiles/LoRaReceiver.dir/home/leon/pico/pico-sdk/src/rp2_common/pico_malloc/pico_malloc.c.obj (realloc)
[...]
Memory Configuration

Name             Origin             Length             Attributes
FLASH            0x0000000010000000 0x0000000000200000 xr
RAM              0x0000000020000000 0x0000000000040000 xrw
SCRATCH_X        0x0000000020040000 0x0000000000001000 xrw
SCRATCH_Y        0x0000000020041000 0x0000000000001000 xrw
*default*        0x0000000000000000 0xffffffffffffffff

Linker script and memory map

LOAD /home/leon/pico/pico-sdk/toolchain/gcc-arm-none-eabi-10.3-2021.10/bin/../lib/gcc/arm-none-eabi/10.3.1/thumb/v6-m/nofp/crti.o
LOAD /home/leon/pico/pico-sdk/toolchain/gcc-arm-none-eabi-10.3-2021.10/bin/../lib/gcc/arm-none-eabi/10.3.1/thumb/v6-m/nofp/crtbegin.o
LOAD /home/leon/pico/pico-sdk/toolchain/gcc-arm-none-eabi-10.3-2021.10/bin/../lib/gcc/arm-none-eabi/10.3.1/../../../../arm-none-eabi/lib/thumb/v6-m/nofp/crt0.o

.flash_begin    0x0000000010000000        0x0
                0x0000000010000000                __flash_binary_start = .

.boot2          0x0000000010000000      0x100
                0x0000000010000000                __boot2_start__ = .
 *(.boot2)
 .boot2         0x0000000010000000      0x100 /tmp/ccHRYpjo.o
                0x0000000010000100                __boot2_end__ = .
                0x0000000000000001                ASSERT (((__boot2_end__ - __boot2_start__) == 0x100), ERROR: Pico second stage bootloader must be 256 bytes in size)

.text           0x0000000010000100     0x77b8
                0x0000000010000100                __logical_binary_start = .
 *(.vectors)
 .vectors       0x0000000010000100       0xd4 CMakeFiles/LoRaReceiver.dir/home/leon/pico/pico-sdk/src/rp2_common/pico_standard_link/crt0.S.obj
                0x0000000010000100                __vectors
                0x0000000010000100                __VECTOR_TABLE
                0x00000000100001c0                isr_invalid
                0x00000000100001c0                __default_isrs_start
                0x00000000100001c2                isr_nmi
                0x00000000100001c4                isr_hardfault
                0x00000000100001c6                isr_svcall
                0x00000000100001c8                isr_pendsv
                0x00000000100001ca                isr_systick
                0x00000000100001cc                isr_irq30
                0x00000000100001cc                __unhandled_user_irq
                0x00000000100001cc                isr_irq13
                0x00000000100001cc                isr_irq27
                0x00000000100001cc                isr_irq31
                0x00000000100001cc                isr_irq5
                0x00000000100001cc                isr_irq11
                0x00000000100001cc                isr_irq23
                0x00000000100001cc                isr_irq18
                0x00000000100001cc                isr_irq28
                0x00000000100001cc                isr_irq19
                0x00000000100001cc                isr_irq0
                0x00000000100001cc                isr_irq6
                0x00000000100001cc                isr_irq22
                0x00000000100001cc                isr_irq17
                0x00000000100001cc                isr_irq14
                0x00000000100001cc                isr_irq2
                0x00000000100001cc                isr_irq10
                0x00000000100001cc                isr_irq8
                0x00000000100001cc                isr_irq24
                0x00000000100001cc                isr_irq1
                0x00000000100001cc                isr_irq7
                0x00000000100001cc                isr_irq21
                0x00000000100001cc                isr_irq20
                0x00000000100001cc                isr_irq15
                0x00000000100001cc                isr_irq25
                0x00000000100001cc                isr_irq4
                0x00000000100001cc                isr_irq16
                0x00000000100001cc                isr_irq29
                0x00000000100001cc                isr_irq26
                0x00000000100001cc                __default_isrs_end
                0x00000000100001cc                isr_irq3
                0x00000000100001cc                isr_irq12
                0x00000000100001cc                isr_irq9
                0x00000000100001d2                unhandled_user_irq_num_in_r0
 *(.binary_info_header)
 .binary_info_header
                0x00000000100001d4       0x14 CMakeFiles/LoRaReceiver.dir/home/leon/pico/pico-sdk/src/rp2_common/pico_standard_link/crt0.S.obj
                0x00000000100001e8                __binary_info_header_end = .
 *(.reset)
 .reset         0x00000000100001e8       0xa8 CMakeFiles/LoRaReceiver.dir/home/leon/pico/pico-sdk/src/rp2_common/pico_standard_link/crt0.S.obj
                0x00000000100001e8                _entry_point
                0x0000000010000266                __get_current_exception
 .reset         0x0000000010000290       0x30 CMakeFiles/LoRaReceiver.dir/home/leon/pico/pico-sdk/src/rp2_common/pico_standard_link/binary_info.c.obj
 *(.init)
 .init          0x00000000100002c0        0x4 /home/leon/pico/pico-sdk/toolchain/gcc-arm-none-eabi-10.3-2021.10/bin/../lib/gcc/arm-none-eabi/10.3.1/thumb/v6-m/nofp/crti.o
                0x00000000100002c0                _init
 *(EXCLUDE_FILE(*libm.a: *libc.a:*lib_a-mem*.o *libgcc.a:) .text*)
 .text          0x00000000100002c4       0x48 /home/leon/pico/pico-sdk/toolchain/gcc-arm-none-eabi-10.3-2021.10/bin/../lib/gcc/arm-none-eabi/10.3.1/thumb/v6-m/nofp/crtbegin.o
 .text.startup.main
                0x000000001000030c       0x88 CMakeFiles/LoRaReceiver.dir/LoRaReceiver.cpp.obj
                0x000000001000030c                main
 .text.gpio_set_function
                0x0000000010000394       0x30 CMakeFiles/LoRaReceiver.dir/home/leon/pico/pico-sdk/src/rp2_common/hardware_gpio/gpio.c.obj
                0x0000000010000394                gpio_set_function
 .text.gpio_init
                0x00000000100003c4       0x3c CMakeFiles/LoRaReceiver.dir/home/leon/pico/pico-sdk/src/rp2_common/hardware_gpio/gpio.c.obj
                0x00000000100003c4                gpio_init
 .text.hw_claim_or_assert
                0x0000000010000400       0x44 CMakeFiles/LoRaReceiver.dir/home/leon/pico/pico-sdk/src/rp2_common/hardware_claim/claim.c.obj
                0x0000000010000400                hw_claim_or_assert
 .text.hw_claim_unused_from_range
                0x0000000010000444       0x9c CMakeFiles/LoRaReceiver.dir/home/leon/pico/pico-sdk/src/rp2_common/hardware_claim/claim.c.obj
                0x0000000010000444                hw_claim_unused_from_range
 .text.running_on_fpga
                0x00000000100004e0       0x10 CMakeFiles/LoRaReceiver.dir/home/leon/pico/pico-sdk/src/rp2_common/pico_platform/platform.c.obj
                0x00000000100004e0                running_on_fpga
 .text.spin_locks_reset
                0x00000000100004f0       0x1c CMakeFiles/LoRaReceiver.dir/home/leon/pico/pico-sdk/src/rp2_common/hardware_sync/sync.c.obj
                0x00000000100004f0                spin_locks_reset
 .text.next_striped_spin_lock_num
                0x000000001000050c       0x18 CMakeFiles/LoRaReceiver.dir/home/leon/pico/pico-sdk/src/rp2_common/hardware_sync/sync.c.obj
                0x000000001000050c                next_striped_spin_lock_num
 .text.spin_lock_claim_unused
                0x0000000010000524       0x20 CMakeFiles/LoRaReceiver.dir/home/leon/pico/pico-sdk/src/rp2_common/hardware_sync/sync.c.obj
                0x0000000010000524                spin_lock_claim_unused
 .text.irq_set_enabled
                0x0000000010000544       0x24 CMakeFiles/LoRaReceiver.dir/home/leon/pico/pico-sdk/src/rp2_common/hardware_irq/irq.c.obj
                0x0000000010000544                irq_set_enabled
 .text.irq_set_pending
                0x0000000010000568       0x10 CMakeFiles/LoRaReceiver.dir/home/leon/pico/pico-sdk/src/rp2_common/hardware_irq/irq.c.obj
                0x0000000010000568                irq_set_pending
 .text.irq_has_shared_handler
                0x0000000010000578       0x2c CMakeFiles/LoRaReceiver.dir/home/leon/pico/pico-sdk/src/rp2_common/hardware_irq/irq.c.obj
                0x0000000010000578                irq_has_shared_handler
 .text.irq_get_vtable_handler
                0x00000000100005a4       0x10 CMakeFiles/LoRaReceiver.dir/home/leon/pico/pico-sdk/src/rp2_common/hardware_irq/irq.c.obj
                0x00000000100005a4                irq_get_vtable_handler
 .text.irq_set_exclusive_handler
                0x00000000100005b4       0x54 CMakeFiles/LoRaReceiver.dir/home/leon/pico/pico-sdk/src/rp2_common/hardware_irq/irq.c.obj
                0x00000000100005b4                irq_set_exclusive_handler
 .text.irq_add_shared_handler
                0x0000000010000608      0x1e4 CMakeFiles/LoRaReceiver.dir/home/leon/pico/pico-sdk/src/rp2_common/hardware_irq/irq.c.obj
                0x0000000010000608                irq_add_shared_handler
 .text.irq_remove_handler
                0x00000000100007ec      0x1b4 CMakeFiles/LoRaReceiver.dir/home/leon/pico/pico-sdk/src/rp2_common/hardware_irq/irq.c.obj
                0x00000000100007ec                irq_remove_handler
 .text.irq_add_tail_to_free_list
                0x00000000100009a0       0xb4 CMakeFiles/LoRaReceiver.dir/home/leon/pico/pico-sdk/src/rp2_common/hardware_irq/irq.c.obj
                0x00000000100009a0                irq_add_tail_to_free_list
 .text.irq_init_priorities
                0x0000000010000a54       0x24 CMakeFiles/LoRaReceiver.dir/home/leon/pico/pico-sdk/src/rp2_common/hardware_irq/irq.c.obj
                0x0000000010000a54                irq_init_priorities
 .text.user_irq_claim_unused
                0x0000000010000a78       0x30 CMakeFiles/LoRaReceiver.dir/home/leon/pico/pico-sdk/src/rp2_common/hardware_irq/irq.c.obj
                0x0000000010000a78                user_irq_claim_unused
 .text.lock_init
                0x0000000010000aa8       0x10 CMakeFiles/LoRaReceiver.dir/home/leon/pico/pico-sdk/src/common/pico_sync/lock_core.c.obj
                0x0000000010000aa8                lock_init
 .text.timer_pool_entry_comparator
                0x0000000010000ab8       0x34 CMakeFiles/LoRaReceiver.dir/home/leon/pico/pico-sdk/src/common/pico_time/time.c.obj
                0x0000000010000ab8                timer_pool_entry_comparator
 .text.sleep_until_callback
                0x0000000010000aec       0x30 CMakeFiles/LoRaReceiver.dir/home/leon/pico/pico-sdk/src/common/pico_time/time.c.obj
 .text.add_alarm_under_lock.isra.0
                0x0000000010000b1c      0x100 CMakeFiles/LoRaReceiver.dir/home/leon/pico/pico-sdk/src/common/pico_time/time.c.obj
 .text.alarm_pool_alarm_callback
                0x0000000010000c1c      0x1c8 CMakeFiles/LoRaReceiver.dir/home/leon/pico/pico-sdk/src/common/pico_time/time.c.obj
 .text.alarm_pool_add_alarm_at.constprop.0
                0x0000000010000de4      0x11c CMakeFiles/LoRaReceiver.dir/home/leon/pico/pico-sdk/src/common/pico_time/time.c.obj
 .text.alarm_pool_init_default
                0x0000000010000f00       0x64 CMakeFiles/LoRaReceiver.dir/home/leon/pico/pico-sdk/src/common/pico_time/time.c.obj
                0x0000000010000f00                alarm_pool_init_default
 .text.alarm_pool_get_default
                0x0000000010000f64        0x8 CMakeFiles/LoRaReceiver.dir/home/leon/pico/pico-sdk/src/common/pico_time/time.c.obj
                0x0000000010000f64                alarm_pool_get_default
 .text.alarm_pool_add_alarm_at
                0x0000000010000f6c      0x194 CMakeFiles/LoRaReceiver.dir/home/leon/pico/pico-sdk/src/common/pico_time/time.c.obj
                0x0000000010000f6c                alarm_pool_add_alarm_at
 .text.sleep_until
                0x0000000010001100       0xac CMakeFiles/LoRaReceiver.dir/home/leon/pico/pico-sdk/src/common/pico_time/time.c.obj
                0x0000000010001100                sleep_until
 .text.sleep_ms
                0x00000000100011ac       0x38 CMakeFiles/LoRaReceiver.dir/home/leon/pico/pico-sdk/src/common/pico_time/time.c.obj
                0x00000000100011ac                sleep_ms
 .text.best_effort_wfe_or_timeout
                0x00000000100011e4       0xd4 CMakeFiles/LoRaReceiver.dir/home/leon/pico/pico-sdk/src/common/pico_time/time.c.obj
                0x00000000100011e4                best_effort_wfe_or_timeout
 .text.hardware_alarm_irq_handler
                0x00000000100012b8       0xb8 CMakeFiles/LoRaReceiver.dir/home/leon/pico/pico-sdk/src/rp2_common/hardware_timer/timer.c.obj
 .text.hardware_alarm_claim
                0x0000000010001370       0x18 CMakeFiles/LoRaReceiver.dir/home/leon/pico/pico-sdk/src/rp2_common/hardware_timer/timer.c.obj
                0x0000000010001370                hardware_alarm_claim
 .text.time_us_64
                0x0000000010001388       0x14 CMakeFiles/LoRaReceiver.dir/home/leon/pico/pico-sdk/src/rp2_common/hardware_timer/timer.c.obj
                0x0000000010001388                time_us_64
 .text.busy_wait_until
                0x000000001000139c       0x20 CMakeFiles/LoRaReceiver.dir/home/leon/pico/pico-sdk/src/rp2_common/hardware_timer/timer.c.obj
                0x000000001000139c                busy_wait_until
 .text.hardware_alarm_set_callback
                0x00000000100013bc       0x8c CMakeFiles/LoRaReceiver.dir/home/leon/pico/pico-sdk/src/rp2_common/hardware_timer/timer.c.obj
                0x00000000100013bc                hardware_alarm_set_callback
 .text.hardware_alarm_set_target
                0x0000000010001448       0xe0 CMakeFiles/LoRaReceiver.dir/home/leon/pico/pico-sdk/src/rp2_common/hardware_timer/timer.c.obj
                0x0000000010001448                hardware_alarm_set_target
 .text.hardware_alarm_cancel
                0x0000000010001528       0x3c CMakeFiles/LoRaReceiver.dir/home/leon/pico/pico-sdk/src/rp2_common/hardware_timer/timer.c.obj
                0x0000000010001528                hardware_alarm_cancel
 .text.ph_merge_nodes
                0x0000000010001564       0x68 CMakeFiles/LoRaReceiver.dir/home/leon/pico/pico-sdk/src/common/pico_util/pheap.c.obj
 .text.ph_post_alloc_init
                0x00000000100015cc       0x3c CMakeFiles/LoRaReceiver.dir/home/leon/pico/pico-sdk/src/common/pico_util/pheap.c.obj
                0x00000000100015cc                ph_post_alloc_init
 .text.ph_merge_two_pass
                0x0000000010001608       0x90 CMakeFiles/LoRaReceiver.dir/home/leon/pico/pico-sdk/src/common/pico_util/pheap.c.obj
                0x0000000010001608                ph_merge_two_pass
 .text.ph_remove_any_head
                0x0000000010001698       0xf8 CMakeFiles/LoRaReceiver.dir/home/leon/pico/pico-sdk/src/common/pico_util/pheap.c.obj
 .text.ph_remove_head
                0x0000000010001790       0xfc CMakeFiles/LoRaReceiver.dir/home/leon/pico/pico-sdk/src/common/pico_util/pheap.c.obj
                0x0000000010001790                ph_remove_head
 .text.ph_remove_and_free_node
                0x000000001000188c       0x7c CMakeFiles/LoRaReceiver.dir/home/leon/pico/pico-sdk/src/common/pico_util/pheap.c.obj
                0x000000001000188c                ph_remove_and_free_node
 .text.mutex_init
                0x0000000010001908       0x1c CMakeFiles/LoRaReceiver.dir/home/leon/pico/pico-sdk/src/common/pico_sync/mutex.c.obj
                0x0000000010001908                mutex_init
 .text.recursive_mutex_init
                0x0000000010001924       0x1c CMakeFiles/LoRaReceiver.dir/home/leon/pico/pico-sdk/src/common/pico_sync/mutex.c.obj
                0x0000000010001924                recursive_mutex_init
 .text.critical_section_init
                0x0000000010001940       0x20 CMakeFiles/LoRaReceiver.dir/home/leon/pico/pico-sdk/src/common/pico_sync/critical_section.c.obj
                0x0000000010001940                critical_section_init
 .text.runtime_init
                0x0000000010001960       0xf0 CMakeFiles/LoRaReceiver.dir/home/leon/pico/pico-sdk/src/rp2_common/pico_runtime/runtime.c.obj
                0x0000000010001960                runtime_init
 .text._exit    0x0000000010001a50        0x4 CMakeFiles/LoRaReceiver.dir/home/leon/pico/pico-sdk/src/rp2_common/pico_runtime/runtime.c.obj
                0x0000000010001a50                _exit
 .text.exit     0x0000000010001a54        0x4 CMakeFiles/LoRaReceiver.dir/home/leon/pico/pico-sdk/src/rp2_common/pico_runtime/runtime.c.obj
                0x0000000010001a54                exit
 .text.panic    0x0000000010001a58       0x30 CMakeFiles/LoRaReceiver.dir/home/leon/pico/pico-sdk/src/rp2_common/pico_runtime/runtime.c.obj
                0x0000000010001a58                panic
 .text.hard_assertion_failure
                0x0000000010001a88        0xc CMakeFiles/LoRaReceiver.dir/home/leon/pico/pico-sdk/src/rp2_common/pico_runtime/runtime.c.obj
                0x0000000010001a88                hard_assertion_failure
 .text.clocks_init
                0x0000000010001a94      0x2bc CMakeFiles/LoRaReceiver.dir/home/leon/pico/pico-sdk/src/rp2_common/hardware_clocks/clocks.c.obj
                0x0000000010001a94                clocks_init
 .text.clock_get_hz
                0x0000000010001d50        0xc CMakeFiles/LoRaReceiver.dir/home/leon/pico/pico-sdk/src/rp2_common/hardware_clocks/clocks.c.obj
                0x0000000010001d50                clock_get_hz
 .text.pll_init
                0x0000000010001d5c       0xb0 CMakeFiles/LoRaReceiver.dir/home/leon/pico/pico-sdk/src/rp2_common/hardware_pll/pll.c.obj
                0x0000000010001d5c                pll_init
 .text.watchdog_start_tick
                0x0000000010001e0c       0x10 CMakeFiles/LoRaReceiver.dir/home/leon/pico/pico-sdk/src/rp2_common/hardware_watchdog/watchdog.c.obj
                0x0000000010001e0c                watchdog_start_tick
 .text.watchdog_reboot
                0x0000000010001e1c       0x98 CMakeFiles/LoRaReceiver.dir/home/leon/pico/pico-sdk/src/rp2_common/hardware_watchdog/watchdog.c.obj
                0x0000000010001e1c                watchdog_reboot
 .text.xosc_init
                0x0000000010001eb4       0x28 CMakeFiles/LoRaReceiver.dir/home/leon/pico/pico-sdk/src/rp2_common/hardware_xosc/xosc.c.obj
                0x0000000010001eb4                xosc_init
 .text._out_null
                0x0000000010001edc        0x4 CMakeFiles/LoRaReceiver.dir/home/leon/pico/pico-sdk/src/rp2_common/pico_printf/printf.c.obj
 .text._out_rev
                0x0000000010001ee0       0x9c CMakeFiles/LoRaReceiver.dir/home/leon/pico/pico-sdk/src/rp2_common/pico_printf/printf.c.obj
 .text._ntoa_format
                0x0000000010001f7c      0x1cc CMakeFiles/LoRaReceiver.dir/home/leon/pico/pico-sdk/src/rp2_common/pico_printf/printf.c.obj
 .text._out_char
                0x0000000010002148       0x10 CMakeFiles/LoRaReceiver.dir/home/leon/pico/pico-sdk/src/rp2_common/pico_printf/printf.c.obj
 .text._out_fct
                0x0000000010002158       0x10 CMakeFiles/LoRaReceiver.dir/home/leon/pico/pico-sdk/src/rp2_common/pico_printf/printf.c.obj
 .text._etoa    0x0000000010002168      0x44c CMakeFiles/LoRaReceiver.dir/home/leon/pico/pico-sdk/src/rp2_common/pico_printf/printf.c.obj
 .text._ftoa    0x00000000100025b4      0x398 CMakeFiles/LoRaReceiver.dir/home/leon/pico/pico-sdk/src/rp2_common/pico_printf/printf.c.obj
 .text._vsnprintf
                0x000000001000294c      0xb04 CMakeFiles/LoRaReceiver.dir/home/leon/pico/pico-sdk/src/rp2_common/pico_printf/printf.c.obj
 .text.vfctprintf
                0x0000000010003450       0x20 CMakeFiles/LoRaReceiver.dir/home/leon/pico/pico-sdk/src/rp2_common/pico_printf/printf.c.obj
                0x0000000010003450                vfctprintf
 .text.weak_raw_vprintf
                0x0000000010003470       0x30 CMakeFiles/LoRaReceiver.dir/home/leon/pico/pico-sdk/src/rp2_common/pico_printf/printf.c.obj
                0x0000000010003470                weak_raw_vprintf
 .text          0x00000000100034a0       0x10 CMakeFiles/LoRaReceiver.dir/home/leon/pico/pico-sdk/src/rp2_common/pico_bit_ops/bit_ops_aeabi.S.obj
 .text.rom_func_lookup
                0x00000000100034b0       0x10 CMakeFiles/LoRaReceiver.dir/home/leon/pico/pico-sdk/src/rp2_common/pico_bootrom/bootrom.c.obj
                0x00000000100034b0                rom_func_lookup
 .text.rom_data_lookup
                0x00000000100034c0       0x10 CMakeFiles/LoRaReceiver.dir/home/leon/pico/pico-sdk/src/rp2_common/pico_bootrom/bootrom.c.obj
                0x00000000100034c0                rom_data_lookup
 .text.rom_funcs_lookup
                0x00000000100034d0       0x44 CMakeFiles/LoRaReceiver.dir/home/leon/pico/pico-sdk/src/rp2_common/pico_bootrom/bootrom.c.obj
                0x00000000100034d0                rom_funcs_lookup
 .text.__wrap___aeabi_idiv
                0x0000000010003514       0x50 CMakeFiles/LoRaReceiver.dir/home/leon/pico/pico-sdk/src/rp2_common/pico_divider/divider.S.obj
                0x0000000010003514                __wrap___aeabi_idivmod
                0x0000000010003514                divmod_s32s32
                0x0000000010003514                div_s32s32
                0x0000000010003514                __wrap___aeabi_idiv
                0x000000001000351c                divmod_s32s32_unsafe
                0x0000000010003548                divmod_s32s32_savestate
 .text.__wrap___aeabi_uidiv
                0x0000000010003564       0x4c CMakeFiles/LoRaReceiver.dir/home/leon/pico/pico-sdk/src/rp2_common/pico_divider/divider.S.obj
                0x0000000010003564                __wrap___aeabi_uidiv
                0x0000000010003564                __wrap___aeabi_uidivmod
                0x0000000010003564                div_u32u32
                0x0000000010003564                divmod_u32u32
                0x000000001000356c                divmod_u32u32_unsafe
                0x0000000010003594                divmod_u32u32_savestate
 .text.__wrap___aeabi_ldiv
                0x00000000100035b0      0x434 CMakeFiles/LoRaReceiver.dir/home/leon/pico/pico-sdk/src/rp2_common/pico_divider/divider.S.obj
                0x00000000100035b0                div_s64s64
                0x00000000100035b0                divmod_s64s64
                0x00000000100035b0                __wrap___aeabi_ldivmod
                0x00000000100035e8                div_u64u64
                0x00000000100035e8                divmod_u64u64
                0x00000000100035e8                __wrap___aeabi_uldivmod
                0x00000000100035f8                divmod_u64u64_savestate
                0x0000000010003620                divmod_s64s64_unsafe
                0x00000000100036a8                divmod_u64u64_unsafe
 .text.__wrap___aeabi_darithmetic
                0x00000000100039e4       0x60 CMakeFiles/LoRaReceiver.dir/home/leon/pico/pico-sdk/src/rp2_common/pico_double/double_aeabi.S.obj
                0x00000000100039e4                __wrap___aeabi_drsub
                0x00000000100039ea                __wrap___aeabi_dsub
                0x00000000100039f4                __wrap___aeabi_dadd
                0x00000000100039fe                __wrap___aeabi_ddiv
                0x0000000010003a32                __wrap___aeabi_dmul
 .text.__wrap___aeabi_cdcmple
                0x0000000010003a44       0x6c CMakeFiles/LoRaReceiver.dir/home/leon/pico/pico-sdk/src/rp2_common/pico_double/double_aeabi.S.obj
                0x0000000010003a44                __wrap___aeabi_cdrcmple
                0x0000000010003a54                __wrap___aeabi_cdcmple
                0x0000000010003a54                __wrap___aeabi_cdcmpeq
 .text.__wrap___aeabi_dcmplt
                0x0000000010003ab0        0xc CMakeFiles/LoRaReceiver.dir/home/leon/pico/pico-sdk/src/rp2_common/pico_double/double_aeabi.S.obj
                0x0000000010003ab0                __wrap___aeabi_dcmplt
 .text.__wrap___aeabi_dcmple
                0x0000000010003abc       0x10 CMakeFiles/LoRaReceiver.dir/home/leon/pico/pico-sdk/src/rp2_common/pico_double/double_aeabi.S.obj
                0x0000000010003abc                __wrap___aeabi_dcmple
 .text.__wrap___aeabi_dcmpge
                0x0000000010003acc       0x10 CMakeFiles/LoRaReceiver.dir/home/leon/pico/pico-sdk/src/rp2_common/pico_double/double_aeabi.S.obj
                0x0000000010003acc                __wrap___aeabi_dcmpge
 .text.__wrap___aeabi_dcmpgt
                0x0000000010003adc        0xa CMakeFiles/LoRaReceiver.dir/home/leon/pico/pico-sdk/src/rp2_common/pico_double/double_aeabi.S.obj
                0x0000000010003adc                __wrap___aeabi_dcmpgt
 .text.__wrap___aeabi_dcmpun
                0x0000000010003ae6       0x1c CMakeFiles/LoRaReceiver.dir/home/leon/pico/pico-sdk/src/rp2_common/pico_double/double_aeabi.S.obj
                0x0000000010003ae6                __wrap___aeabi_dcmpun
 *fill*         0x0000000010003b02        0x2 
 .text.__wrap___aeabi_i2d
                0x0000000010003b04       0x38 CMakeFiles/LoRaReceiver.dir/home/leon/pico/pico-sdk/src/rp2_common/pico_double/double_aeabi.S.obj
                0x0000000010003b04                __wrap___aeabi_ui2d
                0x0000000010003b0c                __wrap___aeabi_i2d
 .text.__wrap___aeabi_d2iz
                0x0000000010003b3c       0x48 CMakeFiles/LoRaReceiver.dir/home/leon/pico/pico-sdk/src/rp2_common/pico_double/double_aeabi.S.obj
                0x0000000010003b3c                __wrap___aeabi_d2iz
                0x0000000010003b3c                double2int_z
 .text.__wrap___aeabi_d2uiz
                0x0000000010003b84       0x10 CMakeFiles/LoRaReceiver.dir/home/leon/pico/pico-sdk/src/rp2_common/pico_double/double_aeabi.S.obj
                0x0000000010003b84                double2uint
                0x0000000010003b84                __wrap___aeabi_d2uiz
 .text.missing_double_func_shim
                0x0000000010003b94        0xc CMakeFiles/LoRaReceiver.dir/home/leon/pico/pico-sdk/src/rp2_common/pico_double/double_init_rom.c.obj
 .text.__aeabi_double_init
                0x0000000010003ba0       0x98 CMakeFiles/LoRaReceiver.dir/home/leon/pico/pico-sdk/src/rp2_common/pico_double/double_init_rom.c.obj
                0x0000000010003ba0                __aeabi_double_init
 .text.double_table_shim_on_use_helper
                0x0000000010003c38       0x2c CMakeFiles/LoRaReceiver.dir/home/leon/pico/pico-sdk/src/rp2_common/pico_double/double_v1_rom_shim.S.obj
                0x0000000010003c38                double_table_shim_on_use_helper
 .text.__aeabi_lmul
                0x0000000010003c64       0x32 CMakeFiles/LoRaReceiver.dir/home/leon/pico/pico-sdk/src/rp2_common/pico_int64_ops/pico_int64_ops_aeabi.S.obj
                0x0000000010003c64                __wrap___aeabi_lmul
 *fill*         0x0000000010003c96        0x2 
 .text.missing_float_func_shim
                0x0000000010003c98        0xc CMakeFiles/LoRaReceiver.dir/home/leon/pico/pico-sdk/src/rp2_common/pico_float/float_init_rom.c.obj
 .text.__aeabi_float_init
                0x0000000010003ca4       0x5c CMakeFiles/LoRaReceiver.dir/home/leon/pico/pico-sdk/src/rp2_common/pico_float/float_init_rom.c.obj
                0x0000000010003ca4                __aeabi_float_init
 .text          0x0000000010003d00       0x10 CMakeFiles/LoRaReceiver.dir/home/leon/pico/pico-sdk/src/rp2_common/pico_mem_ops/mem_ops_aeabi.S.obj
                0x0000000010003d00                __aeabi_mem_init
 .text.memset   0x0000000010003d10        0xc CMakeFiles/LoRaReceiver.dir/home/leon/pico/pico-sdk/src/rp2_common/pico_mem_ops/mem_ops_aeabi.S.obj
                0x0000000010003d10                __wrap_memset
 .text.memcpy   0x0000000010003d1c        0xc CMakeFiles/LoRaReceiver.dir/home/leon/pico/pico-sdk/src/rp2_common/pico_mem_ops/mem_ops_aeabi.S.obj
                0x0000000010003d1c                __wrap___aeabi_memcpy
                0x0000000010003d1c                __wrap_memcpy
 .text.stdio_out_chars_no_crlf
                0x0000000010003d28       0x10 CMakeFiles/LoRaReceiver.dir/home/leon/pico/pico-sdk/src/rp2_common/pico_stdio/stdio.c.obj
 .text.stdio_out_chars_crlf
                0x0000000010003d38       0xb4 CMakeFiles/LoRaReceiver.dir/home/leon/pico/pico-sdk/src/rp2_common/pico_stdio/stdio.c.obj
 .text.stdio_buffered_printer
                0x0000000010003dec       0x64 CMakeFiles/LoRaReceiver.dir/home/leon/pico/pico-sdk/src/rp2_common/pico_stdio/stdio.c.obj
 .text.stdio_put_string.isra.0
                0x0000000010003e50       0xfc CMakeFiles/LoRaReceiver.dir/home/leon/pico/pico-sdk/src/rp2_common/pico_stdio/stdio.c.obj
 .text.__wrap_putchar
                0x0000000010003f4c       0xa0 CMakeFiles/LoRaReceiver.dir/home/leon/pico/pico-sdk/src/rp2_common/pico_stdio/stdio.c.obj
                0x0000000010003f4c                __wrap_putchar
 .text.__wrap_puts
                0x0000000010003fec       0x3c CMakeFiles/LoRaReceiver.dir/home/leon/pico/pico-sdk/src/rp2_common/pico_stdio/stdio.c.obj
                0x0000000010003fec                __wrap_puts
 .text.stdio_set_driver_enabled
                0x0000000010004028       0x30 CMakeFiles/LoRaReceiver.dir/home/leon/pico/pico-sdk/src/rp2_common/pico_stdio/stdio.c.obj
                0x0000000010004028                stdio_set_driver_enabled
 .text.__wrap_vprintf
                0x0000000010004058       0xd8 CMakeFiles/LoRaReceiver.dir/home/leon/pico/pico-sdk/src/rp2_common/pico_stdio/stdio.c.obj
                0x0000000010004058                __wrap_vprintf
 .text.__wrap_printf
                0x0000000010004130       0x18 CMakeFiles/LoRaReceiver.dir/home/leon/pico/pico-sdk/src/rp2_common/pico_stdio/stdio.c.obj
                0x0000000010004130                __wrap_printf
 .text.stdio_init_all
                0x0000000010004148        0x8 CMakeFiles/LoRaReceiver.dir/home/leon/pico/pico-sdk/src/rp2_common/pico_stdio/stdio.c.obj
                0x0000000010004148                stdio_init_all
 .text.resetd_init
                0x0000000010004150        0x4 CMakeFiles/LoRaReceiver.dir/home/leon/pico/pico-sdk/src/rp2_common/pico_stdio_usb/reset_interface.c.obj
 .text.resetd_reset
                0x0000000010004154        0xc CMakeFiles/LoRaReceiver.dir/home/leon/pico/pico-sdk/src/rp2_common/pico_stdio_usb/reset_interface.c.obj
 .text.resetd_open
                0x0000000010004160       0x28 CMakeFiles/LoRaReceiver.dir/home/leon/pico/pico-sdk/src/rp2_common/pico_stdio_usb/reset_interface.c.obj
 .text.resetd_xfer_cb
                0x0000000010004188        0x4 CMakeFiles/LoRaReceiver.dir/home/leon/pico/pico-sdk/src/rp2_common/pico_stdio_usb/reset_interface.c.obj
 .text.resetd_control_xfer_cb
                0x000000001000418c       0x64 CMakeFiles/LoRaReceiver.dir/home/leon/pico/pico-sdk/src/rp2_common/pico_stdio_usb/reset_interface.c.obj
 .text.usbd_app_driver_get_cb
                0x00000000100041f0        0xc CMakeFiles/LoRaReceiver.dir/home/leon/pico/pico-sdk/src/rp2_common/pico_stdio_usb/reset_interface.c.obj
                0x00000000100041f0                usbd_app_driver_get_cb
 .text.tud_cdc_line_coding_cb
                0x00000000100041fc       0x34 CMakeFiles/LoRaReceiver.dir/home/leon/pico/pico-sdk/src/rp2_common/pico_stdio_usb/reset_interface.c.obj
                0x00000000100041fc                tud_cdc_line_coding_cb
 .text.stdio_usb_in_chars
                0x0000000010004230       0x68 CMakeFiles/LoRaReceiver.dir/home/leon/pico/pico-sdk/src/rp2_common/pico_stdio_usb/stdio_usb.c.obj
                0x0000000010004230                stdio_usb_in_chars
 .text.stdio_usb_out_chars
                0x0000000010004298       0xe4 CMakeFiles/LoRaReceiver.dir/home/leon/pico/pico-sdk/src/rp2_common/pico_stdio_usb/stdio_usb.c.obj
 .text.timer_task
                0x000000001000437c       0x18 CMakeFiles/LoRaReceiver.dir/home/leon/pico/pico-sdk/src/rp2_common/pico_stdio_usb/stdio_usb.c.obj
 .text.usb_irq  0x0000000010004394       0x10 CMakeFiles/LoRaReceiver.dir/home/leon/pico/pico-sdk/src/rp2_common/pico_stdio_usb/stdio_usb.c.obj
 .text.low_priority_worker_irq
                0x00000000100043a4       0x24 CMakeFiles/LoRaReceiver.dir/home/leon/pico/pico-sdk/src/rp2_common/pico_stdio_usb/stdio_usb.c.obj
 .text.stdio_usb_init
                0x00000000100043c8       0xb0 CMakeFiles/LoRaReceiver.dir/home/leon/pico/pico-sdk/src/rp2_common/pico_stdio_usb/stdio_usb.c.obj
                0x00000000100043c8                stdio_usb_init
 .text.tud_descriptor_device_cb
                0x0000000010004478        0x8 CMakeFiles/LoRaReceiver.dir/home/leon/pico/pico-sdk/src/rp2_common/pico_stdio_usb/stdio_usb_descriptors.c.obj
                0x0000000010004478                tud_descriptor_device_cb
 .text.tud_descriptor_configuration_cb
                0x0000000010004480        0x8 CMakeFiles/LoRaReceiver.dir/home/leon/pico/pico-sdk/src/rp2_common/pico_stdio_usb/stdio_usb_descriptors.c.obj
                0x0000000010004480                tud_descriptor_configuration_cb
 .text.tud_descriptor_string_cb
                0x0000000010004488       0x74 CMakeFiles/LoRaReceiver.dir/home/leon/pico/pico-sdk/src/rp2_common/pico_stdio_usb/stdio_usb_descriptors.c.obj
                0x0000000010004488                tud_descriptor_string_cb
 .text.dcd_rp2040_irq
                0x00000000100044fc      0x21c CMakeFiles/LoRaReceiver.dir/home/leon/pico/pico-sdk/lib/tinyusb/src/portable/raspberrypi/rp2040/dcd_rp2040.c.obj
 .text.dcd_int_enable
                0x0000000010004718        0xc CMakeFiles/LoRaReceiver.dir/home/leon/pico/pico-sdk/lib/tinyusb/src/portable/raspberrypi/rp2040/dcd_rp2040.c.obj
                0x0000000010004718                dcd_int_enable
 .text.dcd_set_address
                0x0000000010004724       0x14 CMakeFiles/LoRaReceiver.dir/home/leon/pico/pico-sdk/lib/tinyusb/src/portable/raspberrypi/rp2040/dcd_rp2040.c.obj
                0x0000000010004724                dcd_set_address
 .text.dcd_connect
                0x0000000010004738       0x10 CMakeFiles/LoRaReceiver.dir/home/leon/pico/pico-sdk/lib/tinyusb/src/portable/raspberrypi/rp2040/dcd_rp2040.c.obj
                0x0000000010004738                dcd_connect
 .text.dcd_init
                0x0000000010004748      0x144 CMakeFiles/LoRaReceiver.dir/home/leon/pico/pico-sdk/lib/tinyusb/src/portable/raspberrypi/rp2040/dcd_rp2040.c.obj
                0x0000000010004748                dcd_init
 .text.dcd_edpt0_status_complete
                0x000000001000488c       0x1c CMakeFiles/LoRaReceiver.dir/home/leon/pico/pico-sdk/lib/tinyusb/src/portable/raspberrypi/rp2040/dcd_rp2040.c.obj
                0x000000001000488c                dcd_edpt0_status_complete
 .text.dcd_edpt_open
                0x00000000100048a8       0xf0 CMakeFiles/LoRaReceiver.dir/home/leon/pico/pico-sdk/lib/tinyusb/src/portable/raspberrypi/rp2040/dcd_rp2040.c.obj
                0x00000000100048a8                dcd_edpt_open
 .text.dcd_edpt_close_all
                0x0000000010004998       0xbc CMakeFiles/LoRaReceiver.dir/home/leon/pico/pico-sdk/lib/tinyusb/src/portable/raspberrypi/rp2040/dcd_rp2040.c.obj
                0x0000000010004998                dcd_edpt_close_all
 .text.dcd_edpt_xfer
                0x0000000010004a54       0x24 CMakeFiles/LoRaReceiver.dir/home/leon/pico/pico-sdk/lib/tinyusb/src/portable/raspberrypi/rp2040/dcd_rp2040.c.obj
                0x0000000010004a54                dcd_edpt_xfer
 .text.dcd_edpt_stall
                0x0000000010004a78       0x38 CMakeFiles/LoRaReceiver.dir/home/leon/pico/pico-sdk/lib/tinyusb/src/portable/raspberrypi/rp2040/dcd_rp2040.c.obj
                0x0000000010004a78                dcd_edpt_stall
 .text.dcd_edpt_clear_stall
                0x0000000010004ab0       0x30 CMakeFiles/LoRaReceiver.dir/home/leon/pico/pico-sdk/lib/tinyusb/src/portable/raspberrypi/rp2040/dcd_rp2040.c.obj
                0x0000000010004ab0                dcd_edpt_clear_stall
 .text._hw_endpoint_buffer_control_update32.part.0.isra.0
                0x0000000010004ae0       0x1c CMakeFiles/LoRaReceiver.dir/home/leon/pico/pico-sdk/lib/tinyusb/src/portable/raspberrypi/rp2040/rp2040_usb.c.obj
 .text.rp2040_usb_init
                0x0000000010004afc       0x4c CMakeFiles/LoRaReceiver.dir/home/leon/pico/pico-sdk/lib/tinyusb/src/portable/raspberrypi/rp2040/rp2040_usb.c.obj
                0x0000000010004afc                rp2040_usb_init
 .text.hw_endpoint_reset_transfer
                0x0000000010004b48        0xc CMakeFiles/LoRaReceiver.dir/home/leon/pico/pico-sdk/lib/tinyusb/src/portable/raspberrypi/rp2040/rp2040_usb.c.obj
                0x0000000010004b48                hw_endpoint_reset_transfer
 .text._hw_endpoint_buffer_control_update32
                0x0000000010004b54       0x44 CMakeFiles/LoRaReceiver.dir/home/leon/pico/pico-sdk/lib/tinyusb/src/portable/raspberrypi/rp2040/rp2040_usb.c.obj
                0x0000000010004b54                _hw_endpoint_buffer_control_update32
 .text.hw_endpoint_xfer_start
                0x0000000010004b98      0x138 CMakeFiles/LoRaReceiver.dir/home/leon/pico/pico-sdk/lib/tinyusb/src/portable/raspberrypi/rp2040/rp2040_usb.c.obj
                0x0000000010004b98                hw_endpoint_xfer_start
 .text.hw_endpoint_xfer_continue
                0x0000000010004cd0      0x1e4 CMakeFiles/LoRaReceiver.dir/home/leon/pico/pico-sdk/lib/tinyusb/src/portable/raspberrypi/rp2040/rp2040_usb.c.obj
                0x0000000010004cd0                hw_endpoint_xfer_continue
 .text.tud_mounted
                0x0000000010004eb4       0x10 CMakeFiles/LoRaReceiver.dir/home/leon/pico/pico-sdk/lib/tinyusb/src/device/usbd.c.obj
                0x0000000010004eb4                tud_mounted
 .text.tud_suspended
                0x0000000010004ec4       0x10 CMakeFiles/LoRaReceiver.dir/home/leon/pico/pico-sdk/lib/tinyusb/src/device/usbd.c.obj
                0x0000000010004ec4                tud_suspended
 .text.tud_inited
                0x0000000010004ed4        0xc CMakeFiles/LoRaReceiver.dir/home/leon/pico/pico-sdk/lib/tinyusb/src/device/usbd.c.obj
                0x0000000010004ed4                tud_inited
 .text.tud_init
                0x0000000010004ee0       0xd8 CMakeFiles/LoRaReceiver.dir/home/leon/pico/pico-sdk/lib/tinyusb/src/device/usbd.c.obj
                0x0000000010004ee0                tud_init
 .text.tud_task
                0x0000000010004fb8      0x8ec CMakeFiles/LoRaReceiver.dir/home/leon/pico/pico-sdk/lib/tinyusb/src/device/usbd.c.obj
                0x0000000010004fb8                tud_task
 .text.dcd_event_bus_signal
                0x00000000100058a4      0x120 CMakeFiles/LoRaReceiver.dir/home/leon/pico/pico-sdk/lib/tinyusb/src/device/usbd.c.obj
                0x00000000100058a4                dcd_event_bus_signal
 .text.dcd_event_bus_reset
                0x00000000100059c4       0x54 CMakeFiles/LoRaReceiver.dir/home/leon/pico/pico-sdk/lib/tinyusb/src/device/usbd.c.obj
                0x00000000100059c4                dcd_event_bus_reset
 .text.dcd_event_setup_received
                0x0000000010005a18       0x50 CMakeFiles/LoRaReceiver.dir/home/leon/pico/pico-sdk/lib/tinyusb/src/device/usbd.c.obj
                0x0000000010005a18                dcd_event_setup_received
 .text.dcd_event_xfer_complete
                0x0000000010005a68       0x68 CMakeFiles/LoRaReceiver.dir/home/leon/pico/pico-sdk/lib/tinyusb/src/device/usbd.c.obj
                0x0000000010005a68                dcd_event_xfer_complete
 .text.usbd_open_edpt_pair
                0x0000000010005ad0       0x80 CMakeFiles/LoRaReceiver.dir/home/leon/pico/pico-sdk/lib/tinyusb/src/device/usbd.c.obj
                0x0000000010005ad0                usbd_open_edpt_pair
 .text.usbd_edpt_open
                0x0000000010005b50       0x30 CMakeFiles/LoRaReceiver.dir/home/leon/pico/pico-sdk/lib/tinyusb/src/device/usbd.c.obj
                0x0000000010005b50                usbd_edpt_open
 .text.usbd_edpt_claim
                0x0000000010005b80       0x64 CMakeFiles/LoRaReceiver.dir/home/leon/pico/pico-sdk/lib/tinyusb/src/device/usbd.c.obj
                0x0000000010005b80                usbd_edpt_claim
 .text.usbd_edpt_release
                0x0000000010005be4       0x4c CMakeFiles/LoRaReceiver.dir/home/leon/pico/pico-sdk/lib/tinyusb/src/device/usbd.c.obj
                0x0000000010005be4                usbd_edpt_release
 .text.usbd_edpt_xfer
                0x0000000010005c30       0x48 CMakeFiles/LoRaReceiver.dir/home/leon/pico/pico-sdk/lib/tinyusb/src/device/usbd.c.obj
                0x0000000010005c30                usbd_edpt_xfer
 .text.tud_control_status
                0x0000000010005c78       0x30 CMakeFiles/LoRaReceiver.dir/home/leon/pico/pico-sdk/lib/tinyusb/src/device/usbd_control.c.obj
                0x0000000010005c78                tud_control_status
 .text.tud_control_xfer
                0x0000000010005ca8       0xbc CMakeFiles/LoRaReceiver.dir/home/leon/pico/pico-sdk/lib/tinyusb/src/device/usbd_control.c.obj
                0x0000000010005ca8                tud_control_xfer
 .text.usbd_control_reset
                0x0000000010005d64       0x14 CMakeFiles/LoRaReceiver.dir/home/leon/pico/pico-sdk/lib/tinyusb/src/device/usbd_control.c.obj
                0x0000000010005d64                usbd_control_reset
 .text.usbd_control_set_complete_callback
                0x0000000010005d78        0xc CMakeFiles/LoRaReceiver.dir/home/leon/pico/pico-sdk/lib/tinyusb/src/device/usbd_control.c.obj
                0x0000000010005d78                usbd_control_set_complete_callback
 .text.usbd_control_set_request
                0x0000000010005d84       0x1c CMakeFiles/LoRaReceiver.dir/home/leon/pico/pico-sdk/lib/tinyusb/src/device/usbd_control.c.obj
                0x0000000010005d84                usbd_control_set_request
 .text.usbd_control_xfer_cb
                0x0000000010005da0       0xfc CMakeFiles/LoRaReceiver.dir/home/leon/pico/pico-sdk/lib/tinyusb/src/device/usbd_control.c.obj
                0x0000000010005da0                usbd_control_xfer_cb
 .text.tud_cdc_n_connected
                0x0000000010005e9c       0x30 CMakeFiles/LoRaReceiver.dir/home/leon/pico/pico-sdk/lib/tinyusb/src/class/cdc/cdc_device.c.obj
                0x0000000010005e9c                tud_cdc_n_connected
 .text.tud_cdc_n_available
                0x0000000010005ecc       0x18 CMakeFiles/LoRaReceiver.dir/home/leon/pico/pico-sdk/lib/tinyusb/src/class/cdc/cdc_device.c.obj
                0x0000000010005ecc                tud_cdc_n_available
 .text.tud_cdc_n_read
                0x0000000010005ee4       0x70 CMakeFiles/LoRaReceiver.dir/home/leon/pico/pico-sdk/lib/tinyusb/src/class/cdc/cdc_device.c.obj
                0x0000000010005ee4                tud_cdc_n_read
 .text.tud_cdc_n_write_flush
                0x0000000010005f54       0x78 CMakeFiles/LoRaReceiver.dir/home/leon/pico/pico-sdk/lib/tinyusb/src/class/cdc/cdc_device.c.obj
                0x0000000010005f54                tud_cdc_n_write_flush
 .text.tud_cdc_n_write
                0x0000000010005fcc       0x34 CMakeFiles/LoRaReceiver.dir/home/leon/pico/pico-sdk/lib/tinyusb/src/class/cdc/cdc_device.c.obj
                0x0000000010005fcc                tud_cdc_n_write
 .text.tud_cdc_n_write_available
                0x0000000010006000       0x18 CMakeFiles/LoRaReceiver.dir/home/leon/pico/pico-sdk/lib/tinyusb/src/class/cdc/cdc_device.c.obj
                0x0000000010006000                tud_cdc_n_write_available
 .text.cdcd_init
                0x0000000010006018       0x7c CMakeFiles/LoRaReceiver.dir/home/leon/pico/pico-sdk/lib/tinyusb/src/class/cdc/cdc_device.c.obj
                0x0000000010006018                cdcd_init
 .text.cdcd_reset
                0x0000000010006094       0x2c CMakeFiles/LoRaReceiver.dir/home/leon/pico/pico-sdk/lib/tinyusb/src/class/cdc/cdc_device.c.obj
                0x0000000010006094                cdcd_reset
 .text.cdcd_open
                0x00000000100060c0       0xe4 CMakeFiles/LoRaReceiver.dir/home/leon/pico/pico-sdk/lib/tinyusb/src/class/cdc/cdc_device.c.obj
                0x00000000100060c0                cdcd_open
 .text.cdcd_control_xfer_cb
                0x00000000100061a4       0xe4 CMakeFiles/LoRaReceiver.dir/home/leon/pico/pico-sdk/lib/tinyusb/src/class/cdc/cdc_device.c.obj
                0x00000000100061a4                cdcd_control_xfer_cb
 .text.cdcd_xfer_cb
                0x0000000010006288      0x148 CMakeFiles/LoRaReceiver.dir/home/leon/pico/pico-sdk/lib/tinyusb/src/class/cdc/cdc_device.c.obj
                0x0000000010006288                cdcd_xfer_cb
 .text.tusb_init
                0x00000000100063d0        0xc CMakeFiles/LoRaReceiver.dir/home/leon/pico/pico-sdk/lib/tinyusb/src/tusb.c.obj
                0x00000000100063d0                tusb_init
 .text.tusb_inited
                0x00000000100063dc        0x8 CMakeFiles/LoRaReceiver.dir/home/leon/pico/pico-sdk/lib/tinyusb/src/tusb.c.obj
                0x00000000100063dc                tusb_inited
 .text.tu_edpt_validate
                0x00000000100063e4       0x78 CMakeFiles/LoRaReceiver.dir/home/leon/pico/pico-sdk/lib/tinyusb/src/tusb.c.obj
                0x00000000100063e4                tu_edpt_validate
 .text.tu_edpt_bind_driver
                0x000000001000645c       0x2c CMakeFiles/LoRaReceiver.dir/home/leon/pico/pico-sdk/lib/tinyusb/src/tusb.c.obj
                0x000000001000645c                tu_edpt_bind_driver
 .text.tu_fifo_config
                0x0000000010006488       0x78 CMakeFiles/LoRaReceiver.dir/home/leon/pico/pico-sdk/lib/tinyusb/src/common/tusb_fifo.c.obj
                0x0000000010006488                tu_fifo_config
 .text.tu_fifo_count
                0x0000000010006500       0x20 CMakeFiles/LoRaReceiver.dir/home/leon/pico/pico-sdk/lib/tinyusb/src/common/tusb_fifo.c.obj
                0x0000000010006500                tu_fifo_count
 .text.tu_fifo_empty
                0x0000000010006520       0x10 CMakeFiles/LoRaReceiver.dir/home/leon/pico/pico-sdk/lib/tinyusb/src/common/tusb_fifo.c.obj
                0x0000000010006520                tu_fifo_empty
 .text.tu_fifo_remaining
                0x0000000010006530       0x1c CMakeFiles/LoRaReceiver.dir/home/leon/pico/pico-sdk/lib/tinyusb/src/common/tusb_fifo.c.obj
                0x0000000010006530                tu_fifo_remaining
 .text.tu_fifo_read
                0x000000001000654c       0x9c CMakeFiles/LoRaReceiver.dir/home/leon/pico/pico-sdk/lib/tinyusb/src/common/tusb_fifo.c.obj
                0x000000001000654c                tu_fifo_read
 .text.tu_fifo_read_n
                0x00000000100065e8      0x100 CMakeFiles/LoRaReceiver.dir/home/leon/pico/pico-sdk/lib/tinyusb/src/common/tusb_fifo.c.obj
                0x00000000100065e8                tu_fifo_read_n
 .text.tu_fifo_write
                0x00000000100066e8       0x7c CMakeFiles/LoRaReceiver.dir/home/leon/pico/pico-sdk/lib/tinyusb/src/common/tusb_fifo.c.obj
                0x00000000100066e8                tu_fifo_write
 .text.tu_fifo_write_n
                0x0000000010006764      0x100 CMakeFiles/LoRaReceiver.dir/home/leon/pico/pico-sdk/lib/tinyusb/src/common/tusb_fifo.c.obj
                0x0000000010006764                tu_fifo_write_n
 .text.tu_fifo_clear
                0x0000000010006864       0x4c CMakeFiles/LoRaReceiver.dir/home/leon/pico/pico-sdk/lib/tinyusb/src/common/tusb_fifo.c.obj
                0x0000000010006864                tu_fifo_clear
 .text.tu_fifo_set_overwritable
                0x00000000100068b0       0x3c CMakeFiles/LoRaReceiver.dir/home/leon/pico/pico-sdk/lib/tinyusb/src/common/tusb_fifo.c.obj
                0x00000000100068b0                tu_fifo_set_overwritable
 .text.startup._retrieve_unique_id_on_boot
                0x00000000100068ec       0x10 CMakeFiles/LoRaReceiver.dir/home/leon/pico/pico-sdk/src/rp2_common/pico_unique_id/unique_id.c.obj
 .text.pico_get_unique_board_id_string
                0x00000000100068fc      0x1a8 CMakeFiles/LoRaReceiver.dir/home/leon/pico/pico-sdk/src/rp2_common/pico_unique_id/unique_id.c.obj
                0x00000000100068fc                pico_get_unique_board_id_string
 .text.flash_get_unique_id
                0x0000000010006aa4       0x40 CMakeFiles/LoRaReceiver.dir/home/leon/pico/pico-sdk/src/rp2_common/hardware_flash/flash.c.obj
                0x0000000010006aa4                flash_get_unique_id
 .text.spi_init
                0x0000000010006ae4       0xf8 CMakeFiles/LoRaReceiver.dir/home/leon/pico/pico-sdk/src/rp2_common/hardware_spi/spi.c.obj
                0x0000000010006ae4                spi_init
 .text._ZN5Print17availableForWriteEv
                0x0000000010006bdc        0x4 ../../src/libLoRa_pico_lib.a(LoRa-RP2040.cpp.obj)
                0x0000000010006bdc                Print::availableForWrite()
 .text._ZN9LoRaClass5flushEv
                0x0000000010006be0        0x4 ../../src/libLoRa_pico_lib.a(LoRa-RP2040.cpp.obj)
                0x0000000010006be0                LoRaClass::flush()
 .text._ZN9LoRaClass9availableEv
                0x0000000010006be4       0x64 ../../src/libLoRa_pico_lib.a(LoRa-RP2040.cpp.obj)
                0x0000000010006be4                LoRaClass::available()
 .text._ZN9LoRaClass4readEv
                0x0000000010006c48       0xbc ../../src/libLoRa_pico_lib.a(LoRa-RP2040.cpp.obj)
                0x0000000010006c48                LoRaClass::read()
 .text._ZN9LoRaClass5writeEPKhj
                0x0000000010006d04      0x104 ../../src/libLoRa_pico_lib.a(LoRa-RP2040.cpp.obj)
                0x0000000010006d04                LoRaClass::write(unsigned char const*, unsigned int)
 .text._ZN9LoRaClass4peekEv
                0x0000000010006e08      0x120 ../../src/libLoRa_pico_lib.a(LoRa-RP2040.cpp.obj)
                0x0000000010006e08                LoRaClass::peek()
 .text._ZN9LoRaClass5writeEh
                0x0000000010006f28       0xf8 ../../src/libLoRa_pico_lib.a(LoRa-RP2040.cpp.obj)
                0x0000000010006f28                LoRaClass::write(unsigned char)
 .text._ZN9LoRaClass5beginEl
                0x0000000010007020      0x330 ../../src/libLoRa_pico_lib.a(LoRa-RP2040.cpp.obj)
                0x0000000010007020                LoRaClass::begin(long)
 .text._ZN9LoRaClass11parsePacketEi
                0x0000000010007350      0x314 ../../src/libLoRa_pico_lib.a(LoRa-RP2040.cpp.obj)
                0x0000000010007350                LoRaClass::parsePacket(int)
 .text._ZN9LoRaClass10packetRssiEv
                0x0000000010007664       0x6c ../../src/libLoRa_pico_lib.a(LoRa-RP2040.cpp.obj)
                0x0000000010007664                LoRaClass::packetRssi()
 .text.startup._GLOBAL__sub_I__ZN9LoRaClassC2Ev
                0x00000000100076d0       0x34 ../../src/libLoRa_pico_lib.a(LoRa-RP2040.cpp.obj)
 .text.abort    0x0000000010007704       0x10 /home/leon/pico/pico-sdk/toolchain/gcc-arm-none-eabi-10.3-2021.10/bin/../lib/gcc/arm-none-eabi/10.3.1/../../../../arm-none-eabi/lib/thumb/v6-m/nofp/libc.a(lib_a-abort.o)
                0x0000000010007704                abort
 .text.raise    0x0000000010007714       0x60 /home/leon/pico/pico-sdk/toolchain/gcc-arm-none-eabi-10.3-2021.10/bin/../lib/gcc/arm-none-eabi/10.3.1/../../../../arm-none-eabi/lib/thumb/v6-m/nofp/libc.a(lib_a-signal.o)
                0x0000000010007714                raise
 .text._kill_r  0x0000000010007774       0x28 /home/leon/pico/pico-sdk/toolchain/gcc-arm-none-eabi-10.3-2021.10/bin/../lib/gcc/arm-none-eabi/10.3.1/../../../../arm-none-eabi/lib/thumb/v6-m/nofp/libc.a(lib_a-signalr.o)
                0x0000000010007774                _kill_r
 .text._getpid_r
                0x000000001000779c        0x8 /home/leon/pico/pico-sdk/toolchain/gcc-arm-none-eabi-10.3-2021.10/bin/../lib/gcc/arm-none-eabi/10.3.1/../../../../arm-none-eabi/lib/thumb/v6-m/nofp/libc.a(lib_a-signalr.o)
                0x000000001000779c                _getpid_r
 .text.strlen   0x00000000100077a4       0x5c /home/leon/pico/pico-sdk/toolchain/gcc-arm-none-eabi-10.3-2021.10/bin/../lib/gcc/arm-none-eabi/10.3.1/../../../../arm-none-eabi/lib/thumb/v6-m/nofp/libc.a(lib_a-strlen-stub.o)
                0x00000000100077a4                strlen
 .text._getpid  0x0000000010007800       0x10 /home/leon/pico/pico-sdk/toolchain/gcc-arm-none-eabi-10.3-2021.10/bin/../lib/gcc/arm-none-eabi/10.3.1/../../../../arm-none-eabi/lib/thumb/v6-m/nofp/libnosys.a(getpid.o)
                0x0000000010007800                _getpid
 .text._kill    0x0000000010007810       0x10 /home/leon/pico/pico-sdk/toolchain/gcc-arm-none-eabi-10.3-2021.10/bin/../lib/gcc/arm-none-eabi/10.3.1/../../../../arm-none-eabi/lib/thumb/v6-m/nofp/libnosys.a(kill.o)
                0x0000000010007810                _kill
 *(.fini)
 .fini          0x0000000010007820        0x4 /home/leon/pico/pico-sdk/toolchain/gcc-arm-none-eabi-10.3-2021.10/bin/../lib/gcc/arm-none-eabi/10.3.1/thumb/v6-m/nofp/crti.o
                0x0000000010007820                _fini
 *fill*         0x0000000010007824        0x4 
 .fini.__stub   0x0000000010007828       0x90 linker stubs
 *crtbegin.o(.ctors)
 *crtbegin?.o(.ctors)
 *(EXCLUDE_FILE(*crtend.o *crtend?.o) .ctors)
 *(SORT_BY_NAME(.ctors.*))
 *(.ctors)
 *crtbegin.o(.dtors)
 *crtbegin?.o(.dtors)
 *(EXCLUDE_FILE(*crtend.o *crtend?.o) .dtors)
 *(SORT_BY_NAME(.dtors.*))
 *(.dtors)
 *(.eh_frame*)
 .eh_frame      0x00000000100078b8        0x0 /home/leon/pico/pico-sdk/toolchain/gcc-arm-none-eabi-10.3-2021.10/bin/../lib/gcc/arm-none-eabi/10.3.1/thumb/v6-m/nofp/crtbegin.o
                0x00000000100078b8                . = ALIGN (0x4)

.glue_7         0x00000000100078b8        0x0
 .glue_7        0x00000000100078b8        0x0 linker stubs

.glue_7t        0x00000000100078b8        0x0
 .glue_7t       0x00000000100078b8        0x0 linker stubs

.vfp11_veneer   0x00000000100078b8        0x0
 .vfp11_veneer  0x00000000100078b8        0x0 linker stubs

.v4_bx          0x00000000100078b8        0x0
 .v4_bx         0x00000000100078b8        0x0 linker stubs

.iplt           0x00000000100078b8        0x0
 .iplt          0x00000000100078b8        0x0 /home/leon/pico/pico-sdk/toolchain/gcc-arm-none-eabi-10.3-2021.10/bin/../lib/gcc/arm-none-eabi/10.3.1/thumb/v6-m/nofp/crtbegin.o

.rodata         0x00000000100078b8      0x5c4
 *(EXCLUDE_FILE(*libm.a: *libc.a:*lib_a-mem*.o *libgcc.a:) .rodata*)
 .rodata.main.str1.4
                0x00000000100078b8       0x4e CMakeFiles/LoRaReceiver.dir/LoRaReceiver.cpp.obj
 *fill*         0x0000000010007906        0x2 
 .rodata.spin_lock_claim_unused.str1.4
                0x0000000010007908       0x1b CMakeFiles/LoRaReceiver.dir/home/leon/pico/pico-sdk/src/rp2_common/hardware_sync/sync.c.obj
 *fill*         0x0000000010007923        0x1 
 .rodata.user_irq_claim_unused.str1.4
                0x0000000010007924       0x1b CMakeFiles/LoRaReceiver.dir/home/leon/pico/pico-sdk/src/rp2_common/hardware_irq/irq.c.obj
 *fill*         0x000000001000793f        0x1 
 .rodata.hardware_alarm_claim.str1.4
                0x0000000010007940       0x22 CMakeFiles/LoRaReceiver.dir/home/leon/pico/pico-sdk/src/rp2_common/hardware_timer/timer.c.obj
 *fill*         0x0000000010007962        0x2 
 .rodata.panic.str1.4
                0x0000000010007964       0x10 CMakeFiles/LoRaReceiver.dir/home/leon/pico/pico-sdk/src/rp2_common/pico_runtime/runtime.c.obj
                                         0x12 (size before relaxing)
 .rodata.hard_assertion_failure.str1.4
                0x0000000010007974        0xc CMakeFiles/LoRaReceiver.dir/home/leon/pico/pico-sdk/src/rp2_common/pico_runtime/runtime.c.obj
 .rodata._ftoa.str1.4
                0x0000000010007980       0x15 CMakeFiles/LoRaReceiver.dir/home/leon/pico/pico-sdk/src/rp2_common/pico_printf/printf.c.obj
 *fill*         0x0000000010007995        0x3 
 .rodata._vsnprintf
                0x0000000010007998      0x1e0 CMakeFiles/LoRaReceiver.dir/home/leon/pico/pico-sdk/src/rp2_common/pico_printf/printf.c.obj
 .rodata.pow10.0
                0x0000000010007b78       0x50 CMakeFiles/LoRaReceiver.dir/home/leon/pico/pico-sdk/src/rp2_common/pico_printf/printf.c.obj
 .rodata.missing_double_func_shim.str1.4
                0x0000000010007bc8       0x18 CMakeFiles/LoRaReceiver.dir/home/leon/pico/pico-sdk/src/rp2_common/pico_double/double_init_rom.c.obj
 .rodata.missing_float_func_shim.str1.4
                0x0000000010007be0       0x18 CMakeFiles/LoRaReceiver.dir/home/leon/pico/pico-sdk/src/rp2_common/pico_float/float_init_rom.c.obj
                                          0x1 (size before relaxing)
 .rodata.str1.4
                0x0000000010007be0       0x44 CMakeFiles/LoRaReceiver.dir/home/leon/pico/pico-sdk/src/rp2_common/pico_standard_link/binary_info.c.obj
 .rodata.__bi_44
                0x0000000010007c24        0xc CMakeFiles/LoRaReceiver.dir/home/leon/pico/pico-sdk/src/rp2_common/pico_standard_link/binary_info.c.obj
 .rodata.__bi_75
                0x0000000010007c30        0xc CMakeFiles/LoRaReceiver.dir/home/leon/pico/pico-sdk/src/rp2_common/pico_standard_link/binary_info.c.obj
 .rodata.__bi_81
                0x0000000010007c3c        0xc CMakeFiles/LoRaReceiver.dir/home/leon/pico/pico-sdk/src/rp2_common/pico_standard_link/binary_info.c.obj
 .rodata.crlf_str.0
                0x0000000010007c48        0x2 CMakeFiles/LoRaReceiver.dir/home/leon/pico/pico-sdk/src/rp2_common/pico_stdio/stdio.c.obj
 *fill*         0x0000000010007c4a        0x2 
 .rodata._resetd_driver
                0x0000000010007c4c       0x18 CMakeFiles/LoRaReceiver.dir/home/leon/pico/pico-sdk/src/rp2_common/pico_stdio_usb/reset_interface.c.obj
 .rodata.str1.4
                0x0000000010007c64       0x13 CMakeFiles/LoRaReceiver.dir/home/leon/pico/pico-sdk/src/rp2_common/pico_stdio_usb/stdio_usb.c.obj
 *fill*         0x0000000010007c77        0x1 
 .rodata.__bi_118.0
                0x0000000010007c78        0xc CMakeFiles/LoRaReceiver.dir/home/leon/pico/pico-sdk/src/rp2_common/pico_stdio_usb/stdio_usb.c.obj
 .rodata.str1.4
                0x0000000010007c84       0x2a CMakeFiles/LoRaReceiver.dir/home/leon/pico/pico-sdk/src/rp2_common/pico_stdio_usb/stdio_usb_descriptors.c.obj
 *fill*         0x0000000010007cae        0x2 
 .rodata.usbd_desc_cfg
                0x0000000010007cb0       0x54 CMakeFiles/LoRaReceiver.dir/home/leon/pico/pico-sdk/src/rp2_common/pico_stdio_usb/stdio_usb_descriptors.c.obj
 .rodata.usbd_desc_device
                0x0000000010007d04       0x12 CMakeFiles/LoRaReceiver.dir/home/leon/pico/pico-sdk/src/rp2_common/pico_stdio_usb/stdio_usb_descriptors.c.obj
 *fill*         0x0000000010007d16        0x2 
 .rodata.usbd_desc_str
                0x0000000010007d18       0x18 CMakeFiles/LoRaReceiver.dir/home/leon/pico/pico-sdk/src/rp2_common/pico_stdio_usb/stdio_usb_descriptors.c.obj
 .rodata.dcd_rp2040_irq.str1.4
                0x0000000010007d30       0x14 CMakeFiles/LoRaReceiver.dir/home/leon/pico/pico-sdk/lib/tinyusb/src/portable/raspberrypi/rp2040/dcd_rp2040.c.obj
 .rodata._hw_endpoint_buffer_control_update32.part.0.isra.0.str1.4
                0x0000000010007d44       0x1f CMakeFiles/LoRaReceiver.dir/home/leon/pico/pico-sdk/lib/tinyusb/src/portable/raspberrypi/rp2040/rp2040_usb.c.obj
 *fill*         0x0000000010007d63        0x1 
 .rodata.hw_endpoint_xfer_continue.str1.4
                0x0000000010007d64       0x29 CMakeFiles/LoRaReceiver.dir/home/leon/pico/pico-sdk/lib/tinyusb/src/portable/raspberrypi/rp2040/rp2040_usb.c.obj
 *fill*         0x0000000010007d8d        0x3 
 .rodata.str1.4
                0x0000000010007d90        0x7 CMakeFiles/LoRaReceiver.dir/home/leon/pico/pico-sdk/lib/tinyusb/src/portable/raspberrypi/rp2040/rp2040_usb.c.obj
 *fill*         0x0000000010007d97        0x1 
 .rodata.tud_task
                0x0000000010007d98       0x8c CMakeFiles/LoRaReceiver.dir/home/leon/pico/pico-sdk/lib/tinyusb/src/device/usbd.c.obj
 .rodata._usbd_driver
                0x0000000010007e24       0x18 CMakeFiles/LoRaReceiver.dir/home/leon/pico/pico-sdk/lib/tinyusb/src/device/usbd.c.obj
 .rodata.str1.4
                0x0000000010007e3c        0x7 ../../src/libLoRa_pico_lib.a(LoRa-RP2040.cpp.obj)
 *fill*         0x0000000010007e43        0x1 
 .rodata._ZTV9LoRaClass
                0x0000000010007e44       0x24 ../../src/libLoRa_pico_lib.a(LoRa-RP2040.cpp.obj)
                0x0000000010007e44                vtable for LoRaClass
 .rodata._ZZN9LoRaClass5beginElE8__bi_108
                0x0000000010007e68        0x8 ../../src/libLoRa_pico_lib.a(LoRa-RP2040.cpp.obj)
 .rodata._ZZN9LoRaClass5beginElE8__bi_115
                0x0000000010007e70        0xc ../../src/libLoRa_pico_lib.a(LoRa-RP2040.cpp.obj)
                0x0000000010007e7c                . = ALIGN (0x4)
 *(SORT_BY_ALIGNMENT(SORT_BY_NAME(.flashdata*)))
                0x0000000010007e7c                . = ALIGN (0x4)

.ARM.extab      0x0000000010007e7c       0x90
 *(.ARM.extab* .gnu.linkonce.armextab.*)
 .ARM.extab.text._ZN5Print17availableForWriteEv
                0x0000000010007e7c        0x0 ../../src/libLoRa_pico_lib.a(LoRa-RP2040.cpp.obj)
 .ARM.extab.text._ZN9LoRaClass9availableEv
                0x0000000010007e7c        0xc ../../src/libLoRa_pico_lib.a(LoRa-RP2040.cpp.obj)
 .ARM.extab.text._ZN9LoRaClass4readEv
                0x0000000010007e88        0xc ../../src/libLoRa_pico_lib.a(LoRa-RP2040.cpp.obj)
 .ARM.extab.text._ZN9LoRaClass5writeEPKhj
                0x0000000010007e94        0xc ../../src/libLoRa_pico_lib.a(LoRa-RP2040.cpp.obj)
 .ARM.extab.text._ZN9LoRaClass4peekEv
                0x0000000010007ea0        0xc ../../src/libLoRa_pico_lib.a(LoRa-RP2040.cpp.obj)
 .ARM.extab.text._ZN9LoRaClass5writeEh
                0x0000000010007eac        0xc ../../src/libLoRa_pico_lib.a(LoRa-RP2040.cpp.obj)
 .ARM.extab.text._ZN9LoRaClass5beginEl
                0x0000000010007eb8        0xc ../../src/libLoRa_pico_lib.a(LoRa-RP2040.cpp.obj)
 .ARM.extab.text._ZN9LoRaClass11parsePacketEi
                0x0000000010007ec4        0xc ../../src/libLoRa_pico_lib.a(LoRa-RP2040.cpp.obj)
 .ARM.extab.text._ZN9LoRaClass10packetRssiEv
                0x0000000010007ed0        0xc ../../src/libLoRa_pico_lib.a(LoRa-RP2040.cpp.obj)
 .ARM.extab     0x0000000010007edc       0x24 /home/leon/pico/pico-sdk/toolchain/gcc-arm-none-eabi-10.3-2021.10/bin/../lib/gcc/arm-none-eabi/10.3.1/thumb/v6-m/nofp/libgcc.a(unwind-arm.o)
 .ARM.extab     0x0000000010007f00        0xc /home/leon/pico/pico-sdk/toolchain/gcc-arm-none-eabi-10.3-2021.10/bin/../lib/gcc/arm-none-eabi/10.3.1/thumb/v6-m/nofp/libgcc.a(pr-support.o)
                0x0000000010007f0c                __exidx_start = .

.ARM.exidx      0x0000000010007f0c      0x118
 *(.ARM.exidx* .gnu.linkonce.armexidx.*)
 .ARM.exidx.text.startup.main
                0x0000000010007f0c       0x10 CMakeFiles/LoRaReceiver.dir/LoRaReceiver.cpp.obj
                                          0x8 (size before relaxing)
 .ARM.exidx.text._ZN5Print17availableForWriteEv
                0x0000000010007f1c        0x0 ../../src/libLoRa_pico_lib.a(LoRa-RP2040.cpp.obj)
                                          0x8 (size before relaxing)
 .ARM.exidx.text._ZN9LoRaClass5flushEv
                0x0000000010007f1c        0x0 ../../src/libLoRa_pico_lib.a(LoRa-RP2040.cpp.obj)
                                          0x8 (size before relaxing)
 .ARM.exidx.text._ZN9LoRaClass9availableEv
                0x0000000010007f1c        0x8 ../../src/libLoRa_pico_lib.a(LoRa-RP2040.cpp.obj)
 .ARM.exidx.text._ZN9LoRaClass4readEv
                0x0000000010007f24        0x8 ../../src/libLoRa_pico_lib.a(LoRa-RP2040.cpp.obj)
 .ARM.exidx.text._ZN9LoRaClass5writeEPKhj
                0x0000000010007f2c        0x8 ../../src/libLoRa_pico_lib.a(LoRa-RP2040.cpp.obj)
 .ARM.exidx.text._ZN9LoRaClass4peekEv
                0x0000000010007f34        0x8 ../../src/libLoRa_pico_lib.a(LoRa-RP2040.cpp.obj)
 .ARM.exidx.text._ZN9LoRaClass5writeEh
                0x0000000010007f3c        0x8 ../../src/libLoRa_pico_lib.a(LoRa-RP2040.cpp.obj)
 .ARM.exidx.text._ZN9LoRaClass5beginEl
                0x0000000010007f44        0x8 ../../src/libLoRa_pico_lib.a(LoRa-RP2040.cpp.obj)
 .ARM.exidx.text._ZN9LoRaClass11parsePacketEi
                0x0000000010007f4c        0x8 ../../src/libLoRa_pico_lib.a(LoRa-RP2040.cpp.obj)
 .ARM.exidx.text._ZN9LoRaClass10packetRssiEv
                0x0000000010007f54        0x8 ../../src/libLoRa_pico_lib.a(LoRa-RP2040.cpp.obj)
 .ARM.exidx.text.startup._GLOBAL__sub_I__ZN9LoRaClassC2Ev
                0x0000000010007f5c        0x8 ../../src/libLoRa_pico_lib.a(LoRa-RP2040.cpp.obj)
 .ARM.exidx     0x0000000010007f64       0x90 /home/leon/pico/pico-sdk/toolchain/gcc-arm-none-eabi-10.3-2021.10/bin/../lib/gcc/arm-none-eabi/10.3.1/thumb/v6-m/nofp/libgcc.a(unwind-arm.o)
                                         0xd8 (size before relaxing)
 .ARM.exidx     0x0000000010007ff4       0x30 /home/leon/pico/pico-sdk/toolchain/gcc-arm-none-eabi-10.3-2021.10/bin/../lib/gcc/arm-none-eabi/10.3.1/thumb/v6-m/nofp/libgcc.a(pr-support.o)
                                         0x38 (size before relaxing)
                0x0000000010008024                __exidx_end = .

.rel.dyn        0x0000000010008024        0x0
 .rel.iplt      0x0000000010008024        0x0 /home/leon/pico/pico-sdk/toolchain/gcc-arm-none-eabi-10.3-2021.10/bin/../lib/gcc/arm-none-eabi/10.3.1/thumb/v6-m/nofp/crtbegin.o
                0x0000000010008024                . = ALIGN (0x4)
                0x0000000010008024                __binary_info_start = .

.binary_info    0x0000000010008024       0x28
 *(.binary_info.keep.*)
 .binary_info.keep.__bi_ptr22
                0x0000000010008024        0x4 CMakeFiles/LoRaReceiver.dir/home/leon/pico/pico-sdk/src/rp2_common/pico_standard_link/binary_info.c.obj
 .binary_info.keep.__bi_ptr30
                0x0000000010008028        0x4 CMakeFiles/LoRaReceiver.dir/home/leon/pico/pico-sdk/src/rp2_common/pico_standard_link/binary_info.c.obj
 .binary_info.keep.__bi_ptr38
                0x000000001000802c        0x4 CMakeFiles/LoRaReceiver.dir/home/leon/pico/pico-sdk/src/rp2_common/pico_standard_link/binary_info.c.obj
 .binary_info.keep.__bi_ptr44
                0x0000000010008030        0x4 CMakeFiles/LoRaReceiver.dir/home/leon/pico/pico-sdk/src/rp2_common/pico_standard_link/binary_info.c.obj
 .binary_info.keep.__bi_ptr50
                0x0000000010008034        0x4 CMakeFiles/LoRaReceiver.dir/home/leon/pico/pico-sdk/src/rp2_common/pico_standard_link/binary_info.c.obj
 .binary_info.keep.__bi_ptr75
                0x0000000010008038        0x4 CMakeFiles/LoRaReceiver.dir/home/leon/pico/pico-sdk/src/rp2_common/pico_standard_link/binary_info.c.obj
 .binary_info.keep.__bi_ptr81
                0x000000001000803c        0x4 CMakeFiles/LoRaReceiver.dir/home/leon/pico/pico-sdk/src/rp2_common/pico_standard_link/binary_info.c.obj
 .binary_info.keep.__bi_ptr108
                0x0000000010008040        0x4 ../../src/libLoRa_pico_lib.a(LoRa-RP2040.cpp.obj)
 .binary_info.keep.__bi_ptr115
                0x0000000010008044        0x4 ../../src/libLoRa_pico_lib.a(LoRa-RP2040.cpp.obj)
 *(.binary_info.*)
 .binary_info.__bi_ptr118
                0x0000000010008048        0x4 CMakeFiles/LoRaReceiver.dir/home/leon/pico/pico-sdk/src/rp2_common/pico_stdio_usb/stdio_usb.c.obj
                0x000000001000804c                __binary_info_end = .
                0x000000001000804c                . = ALIGN (0x4)
                0x000000001000804c                __etext = .

.ram_vector_table
                0x0000000020000000       0xc0
 *(.ram_vector_table)
 .ram_vector_table
                0x0000000020000000       0xc0 CMakeFiles/LoRaReceiver.dir/home/leon/pico/pico-sdk/src/rp2_common/pico_runtime/runtime.c.obj
                0x0000000020000000                ram_vector_table

.data           0x00000000200000c0     0x17d4 load address 0x000000001000804c
                0x00000000200000c0                __data_start__ = .
 *(vtable)
 *(.time_critical*)
 .time_critical.mutex_enter_blocking
                0x00000000200000c0       0x48 CMakeFiles/LoRaReceiver.dir/home/leon/pico/pico-sdk/src/common/pico_sync/mutex.c.obj
                0x00000000200000c0                mutex_enter_blocking
 .time_critical.mutex_try_enter
                0x0000000020000108       0x44 CMakeFiles/LoRaReceiver.dir/home/leon/pico/pico-sdk/src/common/pico_sync/mutex.c.obj
                0x0000000020000108                mutex_try_enter
 .time_critical.mutex_enter_timeout_ms
                0x000000002000014c       0xa0 CMakeFiles/LoRaReceiver.dir/home/leon/pico/pico-sdk/src/common/pico_sync/mutex.c.obj
                0x000000002000014c                mutex_enter_timeout_ms
 .time_critical.mutex_exit
                0x00000000200001ec       0x28 CMakeFiles/LoRaReceiver.dir/home/leon/pico/pico-sdk/src/common/pico_sync/mutex.c.obj
                0x00000000200001ec                mutex_exit
 .time_critical.flash_init_boot2_copyout
                0x0000000020000214       0x30 CMakeFiles/LoRaReceiver.dir/home/leon/pico/pico-sdk/src/rp2_common/hardware_flash/flash.c.obj
 .time_critical.flash_enable_xip_via_boot2
                0x0000000020000244       0x10 CMakeFiles/LoRaReceiver.dir/home/leon/pico/pico-sdk/src/rp2_common/hardware_flash/flash.c.obj
 .time_critical.flash_cs_force
                0x0000000020000254       0x38 CMakeFiles/LoRaReceiver.dir/home/leon/pico/pico-sdk/src/rp2_common/hardware_flash/flash.c.obj
 .time_critical.flash_do_cmd
                0x000000002000028c       0xc4 CMakeFiles/LoRaReceiver.dir/home/leon/pico/pico-sdk/src/rp2_common/hardware_flash/flash.c.obj
                0x000000002000028c                flash_do_cmd
 .time_critical.spi_write_read_blocking
                0x0000000020000350       0x74 CMakeFiles/LoRaReceiver.dir/home/leon/pico/pico-sdk/src/rp2_common/hardware_spi/spi.c.obj
                0x0000000020000350                spi_write_read_blocking
 .time_critical.spi_write_blocking
                0x00000000200003c4       0x4c CMakeFiles/LoRaReceiver.dir/home/leon/pico/pico-sdk/src/rp2_common/hardware_spi/spi.c.obj
                0x00000000200003c4                spi_write_blocking
 *(.text*)
 .text          0x0000000020000410        0x4 /home/leon/pico/pico-sdk/toolchain/gcc-arm-none-eabi-10.3-2021.10/bin/../lib/gcc/arm-none-eabi/10.3.1/thumb/v6-m/nofp/libgcc.a(_dvmd_tls.o)
                0x0000000020000410                __aeabi_ldiv0
                0x0000000020000410                __aeabi_idiv0
 .text          0x0000000020000414      0xa30 /home/leon/pico/pico-sdk/toolchain/gcc-arm-none-eabi-10.3-2021.10/bin/../lib/gcc/arm-none-eabi/10.3.1/thumb/v6-m/nofp/libgcc.a(unwind-arm.o)
                0x00000000200006e0                _Unwind_GetCFA
                0x00000000200006e4                __gnu_Unwind_RaiseException
                0x0000000020000738                __gnu_Unwind_ForcedUnwind
                0x000000002000074c                __gnu_Unwind_Resume
                0x0000000020000794                __gnu_Unwind_Resume_or_Rethrow
                0x00000000200007b0                _Unwind_Complete
                0x00000000200007b4                _Unwind_DeleteException
                0x00000000200007c4                _Unwind_VRS_Get
                0x0000000020000810                _Unwind_VRS_Set
                0x000000002000085c                __gnu_Unwind_Backtrace
                0x0000000020000bb8                __aeabi_unwind_cpp_pr0
                0x0000000020000bc4                __aeabi_unwind_cpp_pr1
                0x0000000020000bd0                __aeabi_unwind_cpp_pr2
                0x0000000020000bdc                _Unwind_VRS_Pop
 .text          0x0000000020000e44      0x144 /home/leon/pico/pico-sdk/toolchain/gcc-arm-none-eabi-10.3-2021.10/bin/../lib/gcc/arm-none-eabi/10.3.1/thumb/v6-m/nofp/libgcc.a(libunwind.o)
                0x0000000020000e44                __restore_core_regs
                0x0000000020000e44                restore_core_regs
                0x0000000020000e70                __gnu_Unwind_Restore_VFP
                0x0000000020000e74                __gnu_Unwind_Save_VFP
                0x0000000020000e78                __gnu_Unwind_Restore_VFP_D
                0x0000000020000e7c                __gnu_Unwind_Save_VFP_D
                0x0000000020000e80                __gnu_Unwind_Restore_VFP_D_16_to_31
                0x0000000020000e84                __gnu_Unwind_Save_VFP_D_16_to_31
                0x0000000020000e88                __gnu_Unwind_Restore_WMMXD
                0x0000000020000e8c                __gnu_Unwind_Save_WMMXD
                0x0000000020000e90                __gnu_Unwind_Restore_WMMXC
                0x0000000020000e94                __gnu_Unwind_Save_WMMXC
                0x0000000020000e98                ___Unwind_RaiseException
                0x0000000020000e98                _Unwind_RaiseException
                0x0000000020000ec8                ___Unwind_Resume
                0x0000000020000ec8                _Unwind_Resume
                0x0000000020000ef8                _Unwind_Resume_or_Rethrow
                0x0000000020000ef8                ___Unwind_Resume_or_Rethrow
                0x0000000020000f28                ___Unwind_ForcedUnwind
                0x0000000020000f28                _Unwind_ForcedUnwind
                0x0000000020000f58                _Unwind_Backtrace
                0x0000000020000f58                ___Unwind_Backtrace
 .text          0x0000000020000f88      0x38c /home/leon/pico/pico-sdk/toolchain/gcc-arm-none-eabi-10.3-2021.10/bin/../lib/gcc/arm-none-eabi/10.3.1/thumb/v6-m/nofp/libgcc.a(pr-support.o)
                0x0000000020000fdc                __gnu_unwind_execute
                0x00000000200012cc                __gnu_unwind_frame
                0x00000000200012f4                _Unwind_GetRegionStart
                0x0000000020001300                _Unwind_GetLanguageSpecificData
 *fill*         0x0000000020001314        0x4 
 .text.__stub   0x0000000020001318       0x50 linker stubs
                0x0000000020001368                . = ALIGN (0x4)
 *(.rodata*)
                0x0000000020001368                . = ALIGN (0x4)
 *(.data*)
 .data.striped_spin_lock_num
                0x0000000020001368        0x1 CMakeFiles/LoRaReceiver.dir/home/leon/pico/pico-sdk/src/rp2_common/hardware_sync/sync.c.obj
 *fill*         0x0000000020001369        0x3 
 .data          0x000000002000136c       0x48 CMakeFiles/LoRaReceiver.dir/home/leon/pico/pico-sdk/src/rp2_common/hardware_irq/irq_handler_chain.S.obj
                0x000000002000136c                irq_handler_chain_slots
                0x000000002000139c                irq_handler_chain_first_slot
                0x00000000200013a6                irq_handler_chain_remove_tail
 .data.default_alarm_pool
                0x00000000200013b4       0x18 CMakeFiles/LoRaReceiver.dir/home/leon/pico/pico-sdk/src/common/pico_time/time.c.obj
 .data.default_alarm_pool_heap
                0x00000000200013cc       0x10 CMakeFiles/LoRaReceiver.dir/home/leon/pico/pico-sdk/src/common/pico_time/time.c.obj
 *fill*         0x00000000200013dc        0x4 
 .data.aeabi_bits_funcs
                0x00000000200013e0       0x10 CMakeFiles/LoRaReceiver.dir/home/leon/pico/pico-sdk/src/rp2_common/pico_bit_ops/bit_ops_aeabi.S.obj
                0x00000000200013e0                aeabi_bits_funcs
                0x00000000200013f0                aeabi_bits_funcs_end
 .data.aeabi_mem_funcs
                0x00000000200013f0       0x10 CMakeFiles/LoRaReceiver.dir/home/leon/pico/pico-sdk/src/rp2_common/pico_mem_ops/mem_ops_aeabi.S.obj
                0x00000000200013f0                aeabi_mem_funcs
                0x0000000020001400                aeabi_mem_funcs_end
 .data.stdio_usb
                0x0000000020001400       0x14 CMakeFiles/LoRaReceiver.dir/home/leon/pico/pico-sdk/src/rp2_common/pico_stdio_usb/stdio_usb.c.obj
                0x0000000020001400                stdio_usb
 .data.ep_dir_string
                0x0000000020001414        0x8 CMakeFiles/LoRaReceiver.dir/home/leon/pico/pico-sdk/lib/tinyusb/src/portable/raspberrypi/rp2040/rp2040_usb.c.obj
                0x0000000020001414                ep_dir_string
 .data._usbd_qdef
                0x000000002000141c       0x24 CMakeFiles/LoRaReceiver.dir/home/leon/pico/pico-sdk/lib/tinyusb/src/device/usbd.c.obj
                0x000000002000141c                _usbd_qdef
 .data._impure_ptr
                0x0000000020001440        0x4 /home/leon/pico/pico-sdk/toolchain/gcc-arm-none-eabi-10.3-2021.10/bin/../lib/gcc/arm-none-eabi/10.3.1/../../../../arm-none-eabi/lib/thumb/v6-m/nofp/libc.a(lib_a-impure.o)
                0x0000000020001440                _impure_ptr
 *fill*         0x0000000020001444        0x4 
 .data.impure_data
                0x0000000020001448      0x428 /home/leon/pico/pico-sdk/toolchain/gcc-arm-none-eabi-10.3-2021.10/bin/../lib/gcc/arm-none-eabi/10.3.1/../../../../arm-none-eabi/lib/thumb/v6-m/nofp/libc.a(lib_a-impure.o)
                0x0000000020001870                . = ALIGN (0x4)
 *(.after_data.*)
                0x0000000020001870                . = ALIGN (0x4)
                0x0000000020001870                PROVIDE (__mutex_array_start = .)
 *(SORT_BY_NAME(.mutex_array.*))
 *(.mutex_array)
 .mutex_array   0x0000000020001870        0x8 CMakeFiles/LoRaReceiver.dir/home/leon/pico/pico-sdk/src/rp2_common/pico_stdio/stdio.c.obj
                0x0000000020001878                PROVIDE (__mutex_array_end = .)
                0x0000000020001878                . = ALIGN (0x4)
                0x0000000020001878                PROVIDE (__preinit_array_start = .)
 *(SORT_BY_NAME(.preinit_array.*))
 .preinit_array.00001
                0x0000000020001878        0x4 CMakeFiles/LoRaReceiver.dir/home/leon/pico/pico-sdk/src/rp2_common/pico_mem_ops/mem_ops_aeabi.S.obj
 .preinit_array.00010
                0x000000002000187c        0x4 CMakeFiles/LoRaReceiver.dir/home/leon/pico/pico-sdk/src/rp2_common/pico_bit_ops/bit_ops_aeabi.S.obj
 .preinit_array.00020
                0x0000000020001880        0x4 CMakeFiles/LoRaReceiver.dir/home/leon/pico/pico-sdk/src/rp2_common/pico_double/double_aeabi.S.obj
 .preinit_array.00020
                0x0000000020001884        0x4 CMakeFiles/LoRaReceiver.dir/home/leon/pico/pico-sdk/src/rp2_common/pico_float/float_aeabi.S.obj
 *(.preinit_array)
                0x0000000020001888                PROVIDE (__preinit_array_end = .)
                0x0000000020001888                . = ALIGN (0x4)
                0x0000000020001888                PROVIDE (__init_array_start = .)
 *(SORT_BY_NAME(.init_array.*))
 *(.init_array)
 .init_array    0x0000000020001888        0x4 /home/leon/pico/pico-sdk/toolchain/gcc-arm-none-eabi-10.3-2021.10/bin/../lib/gcc/arm-none-eabi/10.3.1/thumb/v6-m/nofp/crtbegin.o
 .init_array    0x000000002000188c        0x4 CMakeFiles/LoRaReceiver.dir/home/leon/pico/pico-sdk/src/rp2_common/pico_unique_id/unique_id.c.obj
 .init_array    0x0000000020001890        0x4 ../../src/libLoRa_pico_lib.a(LoRa-RP2040.cpp.obj)
                0x0000000020001894                PROVIDE (__init_array_end = .)
                0x0000000020001894                . = ALIGN (0x4)
                [!provide]                        PROVIDE (__fini_array_start = .)
 *(SORT_BY_NAME(.fini_array.*))
 *(.fini_array)
                [!provide]                        PROVIDE (__fini_array_end = .)
 *(.jcr)
                0x0000000020001894                . = ALIGN (0x4)
                0x0000000020001894                __data_end__ = .

.igot.plt       0x0000000020001894        0x0 load address 0x0000000010009820
 .igot.plt      0x0000000020001894        0x0 /home/leon/pico/pico-sdk/toolchain/gcc-arm-none-eabi-10.3-2021.10/bin/../lib/gcc/arm-none-eabi/10.3.1/thumb/v6-m/nofp/crtbegin.o

.uninitialized_data
                0x0000000020001894        0x0 load address 0x0000000010009820
                0x0000000020001894                . = ALIGN (0x4)
 *(.uninitialized_data*)

.scratch_x      0x0000000020040000        0x0 load address 0x0000000010009820
                0x0000000020040000                __scratch_x_start__ = .
 *(.scratch_x.*)
                0x0000000020040000                . = ALIGN (0x4)
                0x0000000020040000                __scratch_x_end__ = .
                0x0000000010009820                __scratch_x_source__ = LOADADDR (.scratch_x)

.scratch_y      0x0000000020041000        0x0 load address 0x0000000010009820
                0x0000000020041000                __scratch_y_start__ = .
 *(.scratch_y.*)
                0x0000000020041000                . = ALIGN (0x4)
                0x0000000020041000                __scratch_y_end__ = .
                0x0000000010009820                __scratch_y_source__ = LOADADDR (.scratch_y)

.bss            0x0000000020001898      0xdb8
                0x0000000020001898                . = ALIGN (0x4)
                0x0000000020001898                __bss_start__ = .
 *(SORT_BY_ALIGNMENT(SORT_BY_NAME(.bss*)))
 .bss.default_alarm_pool_entries
                0x0000000020001898      0x100 CMakeFiles/LoRaReceiver.dir/home/leon/pico/pico-sdk/src/common/pico_time/time.c.obj
 .bss.last_avail_time.1
                0x0000000020001998        0x8 CMakeFiles/LoRaReceiver.dir/home/leon/pico/pico-sdk/src/rp2_common/pico_stdio_usb/stdio_usb.c.obj
 .bss.sd_table  0x00000000200019a0      0x100 CMakeFiles/LoRaReceiver.dir/home/leon/pico/pico-sdk/src/rp2_common/pico_double/double_init_rom.c.obj
                0x00000000200019a0                sd_table
 .bss           0x0000000020001aa0       0x1c /home/leon/pico/pico-sdk/toolchain/gcc-arm-none-eabi-10.3-2021.10/bin/../lib/gcc/arm-none-eabi/10.3.1/thumb/v6-m/nofp/crtbegin.o
 .bss.LoRa      0x0000000020001abc       0x2c ../../src/libLoRa_pico_lib.a(LoRa-RP2040.cpp.obj)
                0x0000000020001abc                LoRa
 .bss._app_driver
                0x0000000020001ae8        0x4 CMakeFiles/LoRaReceiver.dir/home/leon/pico/pico-sdk/lib/tinyusb/src/device/usbd.c.obj
 .bss._cdcd_itf
                0x0000000020001aec      0x2d8 CMakeFiles/LoRaReceiver.dir/home/leon/pico/pico-sdk/lib/tinyusb/src/class/cdc/cdc_device.c.obj
 .bss._ctrl_xfer
                0x0000000020001dc4       0x14 CMakeFiles/LoRaReceiver.dir/home/leon/pico/pico-sdk/lib/tinyusb/src/device/usbd_control.c.obj
 .bss._ubsd_mutexdef
                0x0000000020001dd8        0x8 CMakeFiles/LoRaReceiver.dir/home/leon/pico/pico-sdk/lib/tinyusb/src/device/usbd.c.obj
 .bss._usbd_ctrl_buf
                0x0000000020001de0       0x40 CMakeFiles/LoRaReceiver.dir/home/leon/pico/pico-sdk/lib/tinyusb/src/device/usbd_control.c.obj
 .bss._usbd_dev
                0x0000000020001e20       0x53 CMakeFiles/LoRaReceiver.dir/home/leon/pico/pico-sdk/lib/tinyusb/src/device/usbd.c.obj
 *fill*         0x0000000020001e73        0x1 
 .bss._usbd_mutex
                0x0000000020001e74        0x4 CMakeFiles/LoRaReceiver.dir/home/leon/pico/pico-sdk/lib/tinyusb/src/device/usbd.c.obj
 .bss._usbd_q   0x0000000020001e78        0x4 CMakeFiles/LoRaReceiver.dir/home/leon/pico/pico-sdk/lib/tinyusb/src/device/usbd.c.obj
 .bss._usbd_qdef_buf
                0x0000000020001e7c       0xc0 CMakeFiles/LoRaReceiver.dir/home/leon/pico/pico-sdk/lib/tinyusb/src/device/usbd.c.obj
                0x0000000020001e7c                _usbd_qdef_buf
 .bss.alarm_callbacks
                0x0000000020001f3c       0x10 CMakeFiles/LoRaReceiver.dir/home/leon/pico/pico-sdk/src/rp2_common/hardware_timer/timer.c.obj
 .bss.boot2_copyout
                0x0000000020001f4c      0x100 CMakeFiles/LoRaReceiver.dir/home/leon/pico/pico-sdk/src/rp2_common/hardware_flash/flash.c.obj
 .bss.claimed   0x000000002000204c        0x4 CMakeFiles/LoRaReceiver.dir/home/leon/pico/pico-sdk/src/rp2_common/hardware_sync/sync.c.obj
 .bss.configured_freq
                0x0000000020002050       0x28 CMakeFiles/LoRaReceiver.dir/home/leon/pico/pico-sdk/src/rp2_common/hardware_clocks/clocks.c.obj
 .bss.default_alarm_pool_entry_ids_high
                0x0000000020002078       0x10 CMakeFiles/LoRaReceiver.dir/home/leon/pico/pico-sdk/src/common/pico_time/time.c.obj
 .bss.default_alarm_pool_heap_nodes
                0x0000000020002088       0x30 CMakeFiles/LoRaReceiver.dir/home/leon/pico/pico-sdk/src/common/pico_time/time.c.obj
 .bss.desc_str.0
                0x00000000200020b8       0x28 CMakeFiles/LoRaReceiver.dir/home/leon/pico/pico-sdk/src/rp2_common/pico_stdio_usb/stdio_usb_descriptors.c.obj
 .bss.drivers   0x00000000200020e0        0x4 CMakeFiles/LoRaReceiver.dir/home/leon/pico/pico-sdk/src/rp2_common/pico_stdio/stdio.c.obj
 .bss.errno     0x00000000200020e4        0x4 /home/leon/pico/pico-sdk/toolchain/gcc-arm-none-eabi-10.3-2021.10/bin/../lib/gcc/arm-none-eabi/10.3.1/../../../../arm-none-eabi/lib/thumb/v6-m/nofp/libc.a(lib_a-reent.o)
                0x00000000200020e4                errno
 .bss.filter    0x00000000200020e8        0x4 CMakeFiles/LoRaReceiver.dir/home/leon/pico/pico-sdk/src/rp2_common/pico_stdio/stdio.c.obj
 .bss.hw_endpoints
                0x00000000200020ec      0x400 CMakeFiles/LoRaReceiver.dir/home/leon/pico/pico-sdk/lib/tinyusb/src/portable/raspberrypi/rp2040/dcd_rp2040.c.obj
 .bss.lazy_vsnprintf
                0x00000000200024ec        0x4 CMakeFiles/LoRaReceiver.dir/home/leon/pico/pico-sdk/src/rp2_common/pico_printf/printf.c.obj
 .bss.load_value
                0x00000000200024f0        0x4 CMakeFiles/LoRaReceiver.dir/home/leon/pico/pico-sdk/src/rp2_common/hardware_watchdog/watchdog.c.obj
 .bss.next_buffer_ptr
                0x00000000200024f4        0x4 CMakeFiles/LoRaReceiver.dir/home/leon/pico/pico-sdk/lib/tinyusb/src/portable/raspberrypi/rp2040/dcd_rp2040.c.obj
 .bss.pools     0x00000000200024f8       0x10 CMakeFiles/LoRaReceiver.dir/home/leon/pico/pico-sdk/src/common/pico_time/time.c.obj
 .bss.retrieved_id
                0x0000000020002508        0x8 CMakeFiles/LoRaReceiver.dir/home/leon/pico/pico-sdk/src/rp2_common/pico_unique_id/unique_id.c.obj
 .bss.sf_clz_func
                0x0000000020002510        0x4 CMakeFiles/LoRaReceiver.dir/home/leon/pico/pico-sdk/src/rp2_common/pico_double/double_init_rom.c.obj
                0x0000000020002510                sf_clz_func
 .bss.sf_table  0x0000000020002514      0x100 CMakeFiles/LoRaReceiver.dir/home/leon/pico/pico-sdk/src/rp2_common/pico_float/float_init_rom.c.obj
                0x0000000020002514                sf_table
 .bss.sleep_notifier
                0x0000000020002614        0x4 CMakeFiles/LoRaReceiver.dir/home/leon/pico/pico-sdk/src/common/pico_time/time.c.obj
 .bss.stdio_usb_mutex
                0x0000000020002618        0x8 CMakeFiles/LoRaReceiver.dir/home/leon/pico/pico-sdk/src/rp2_common/pico_stdio_usb/stdio_usb.c.obj
 .bss.target_hi
                0x0000000020002620       0x10 CMakeFiles/LoRaReceiver.dir/home/leon/pico/pico-sdk/src/rp2_common/hardware_timer/timer.c.obj
 .bss.usbd_serial_str
                0x0000000020002630       0x11 CMakeFiles/LoRaReceiver.dir/home/leon/pico/pico-sdk/src/rp2_common/pico_stdio_usb/stdio_usb_descriptors.c.obj
 *fill*         0x0000000020002641        0x3 
 .bss.user_irq_claimed
                0x0000000020002644        0x2 CMakeFiles/LoRaReceiver.dir/home/leon/pico/pico-sdk/src/rp2_common/hardware_irq/irq.c.obj
 .bss._app_driver_count
                0x0000000020002646        0x1 CMakeFiles/LoRaReceiver.dir/home/leon/pico/pico-sdk/lib/tinyusb/src/device/usbd.c.obj
 .bss._usbd_initialized
                0x0000000020002647        0x1 CMakeFiles/LoRaReceiver.dir/home/leon/pico/pico-sdk/lib/tinyusb/src/device/usbd.c.obj
 .bss.boot2_copyout_valid
                0x0000000020002648        0x1 CMakeFiles/LoRaReceiver.dir/home/leon/pico/pico-sdk/src/rp2_common/hardware_flash/flash.c.obj
 .bss.claimed   0x0000000020002649        0x1 CMakeFiles/LoRaReceiver.dir/home/leon/pico/pico-sdk/src/rp2_common/hardware_timer/timer.c.obj
 .bss.irq_hander_chain_free_slot_head
                0x000000002000264a        0x1 CMakeFiles/LoRaReceiver.dir/home/leon/pico/pico-sdk/src/rp2_common/hardware_irq/irq.c.obj
 .bss.itf_num   0x000000002000264b        0x1 CMakeFiles/LoRaReceiver.dir/home/leon/pico/pico-sdk/src/rp2_common/pico_stdio_usb/reset_interface.c.obj
 .bss.low_priority_irq_num
                0x000000002000264c        0x1 CMakeFiles/LoRaReceiver.dir/home/leon/pico/pico-sdk/src/rp2_common/pico_stdio_usb/stdio_usb.c.obj
 .bss.timer_callbacks_pending
                0x000000002000264d        0x1 CMakeFiles/LoRaReceiver.dir/home/leon/pico/pico-sdk/src/rp2_common/hardware_timer/timer.c.obj
 *(COMMON)
                0x0000000020002650                . = ALIGN (0x4)
 *fill*         0x000000002000264e        0x2 
                0x0000000020002650                __bss_end__ = .

.heap           0x0000000020002650      0x800
                0x0000000020002650                __end__ = .
                0x0000000020002650                end = __end__
 *(.heap*)
 .heap          0x0000000020002650      0x800 CMakeFiles/LoRaReceiver.dir/home/leon/pico/pico-sdk/src/rp2_common/pico_standard_link/crt0.S.obj
                0x0000000020002e50                __HeapLimit = .

.stack1_dummy   0x0000000020040000        0x0
 *(.stack1*)

.stack_dummy    0x0000000020041000      0x800
 *(.stack*)
 .stack         0x0000000020041000      0x800 CMakeFiles/LoRaReceiver.dir/home/leon/pico/pico-sdk/src/rp2_common/pico_standard_link/crt0.S.obj

.flash_end      0x0000000010009820        0x0
                0x0000000010009820                __flash_binary_end = .
                0x0000000020040000                __StackLimit = (ORIGIN (RAM) + LENGTH (RAM))
                0x0000000020041000                __StackOneTop = (ORIGIN (SCRATCH_X) + LENGTH (SCRATCH_X))
                0x0000000020042000                __StackTop = (ORIGIN (SCRATCH_Y) + LENGTH (SCRATCH_Y))
                0x0000000020041000                __StackOneBottom = (__StackOneTop - SIZEOF (.stack1_dummy))
                0x0000000020041800                __StackBottom = (__StackTop - SIZEOF (.stack_dummy))
                0x0000000020042000                PROVIDE (__stack = __StackTop)
                0x0000000000000001                ASSERT ((__StackLimit >= __HeapLimit), region RAM overflowed)
                0x0000000000000001                ASSERT (((__binary_info_header_end - __logical_binary_start) <= 0x100), Binary info must be in first 256 bytes of the binary)
LOAD CMakeFiles/LoRaReceiver.dir/LoRaReceiver.cpp.obj
LOAD CMakeFiles/LoRaReceiver.dir/home/leon/pico/pico-sdk/src/rp2_common/pico_stdlib/stdlib.c.obj
LOAD CMakeFiles/LoRaReceiver.dir/home/leon/pico/pico-sdk/src/rp2_common/hardware_gpio/gpio.c.obj
LOAD CMakeFiles/LoRaReceiver.dir/home/leon/pico/pico-sdk/src/rp2_common/hardware_claim/claim.c.obj
LOAD CMakeFiles/LoRaReceiver.dir/home/leon/pico/pico-sdk/src/rp2_common/pico_platform/platform.c.obj
LOAD CMakeFiles/LoRaReceiver.dir/home/leon/pico/pico-sdk/src/rp2_common/hardware_sync/sync.c.obj
LOAD CMakeFiles/LoRaReceiver.dir/home/leon/pico/pico-sdk/src/rp2_common/hardware_irq/irq.c.obj
LOAD CMakeFiles/LoRaReceiver.dir/home/leon/pico/pico-sdk/src/rp2_common/hardware_irq/irq_handler_chain.S.obj
LOAD CMakeFiles/LoRaReceiver.dir/home/leon/pico/pico-sdk/src/common/pico_sync/sem.c.obj
LOAD CMakeFiles/LoRaReceiver.dir/home/leon/pico/pico-sdk/src/common/pico_sync/lock_core.c.obj
LOAD CMakeFiles/LoRaReceiver.dir/home/leon/pico/pico-sdk/src/common/pico_time/time.c.obj
LOAD CMakeFiles/LoRaReceiver.dir/home/leon/pico/pico-sdk/src/common/pico_time/timeout_helper.c.obj
LOAD CMakeFiles/LoRaReceiver.dir/home/leon/pico/pico-sdk/src/rp2_common/hardware_timer/timer.c.obj
LOAD CMakeFiles/LoRaReceiver.dir/home/leon/pico/pico-sdk/src/common/pico_util/datetime.c.obj
LOAD CMakeFiles/LoRaReceiver.dir/home/leon/pico/pico-sdk/src/common/pico_util/pheap.c.obj
LOAD CMakeFiles/LoRaReceiver.dir/home/leon/pico/pico-sdk/src/common/pico_util/queue.c.obj
LOAD CMakeFiles/LoRaReceiver.dir/home/leon/pico/pico-sdk/src/common/pico_sync/mutex.c.obj
LOAD CMakeFiles/LoRaReceiver.dir/home/leon/pico/pico-sdk/src/common/pico_sync/critical_section.c.obj
LOAD CMakeFiles/LoRaReceiver.dir/home/leon/pico/pico-sdk/src/rp2_common/hardware_uart/uart.c.obj
LOAD CMakeFiles/LoRaReceiver.dir/home/leon/pico/pico-sdk/src/rp2_common/hardware_divider/divider.S.obj
LOAD CMakeFiles/LoRaReceiver.dir/home/leon/pico/pico-sdk/src/rp2_common/pico_runtime/runtime.c.obj
LOAD CMakeFiles/LoRaReceiver.dir/home/leon/pico/pico-sdk/src/rp2_common/hardware_clocks/clocks.c.obj
LOAD CMakeFiles/LoRaReceiver.dir/home/leon/pico/pico-sdk/src/rp2_common/hardware_pll/pll.c.obj
LOAD CMakeFiles/LoRaReceiver.dir/home/leon/pico/pico-sdk/src/rp2_common/hardware_vreg/vreg.c.obj
LOAD CMakeFiles/LoRaReceiver.dir/home/leon/pico/pico-sdk/src/rp2_common/hardware_watchdog/watchdog.c.obj
LOAD CMakeFiles/LoRaReceiver.dir/home/leon/pico/pico-sdk/src/rp2_common/hardware_xosc/xosc.c.obj
LOAD CMakeFiles/LoRaReceiver.dir/home/leon/pico/pico-sdk/src/rp2_common/pico_printf/printf.c.obj
LOAD CMakeFiles/LoRaReceiver.dir/home/leon/pico/pico-sdk/src/rp2_common/pico_bit_ops/bit_ops_aeabi.S.obj
LOAD CMakeFiles/LoRaReceiver.dir/home/leon/pico/pico-sdk/src/rp2_common/pico_bootrom/bootrom.c.obj
LOAD CMakeFiles/LoRaReceiver.dir/home/leon/pico/pico-sdk/src/rp2_common/pico_divider/divider.S.obj
LOAD CMakeFiles/LoRaReceiver.dir/home/leon/pico/pico-sdk/src/rp2_common/pico_double/double_aeabi.S.obj
LOAD CMakeFiles/LoRaReceiver.dir/home/leon/pico/pico-sdk/src/rp2_common/pico_double/double_init_rom.c.obj
LOAD CMakeFiles/LoRaReceiver.dir/home/leon/pico/pico-sdk/src/rp2_common/pico_double/double_math.c.obj
LOAD CMakeFiles/LoRaReceiver.dir/home/leon/pico/pico-sdk/src/rp2_common/pico_double/double_v1_rom_shim.S.obj
LOAD CMakeFiles/LoRaReceiver.dir/home/leon/pico/pico-sdk/src/rp2_common/pico_int64_ops/pico_int64_ops_aeabi.S.obj
LOAD CMakeFiles/LoRaReceiver.dir/home/leon/pico/pico-sdk/src/rp2_common/pico_float/float_aeabi.S.obj
LOAD CMakeFiles/LoRaReceiver.dir/home/leon/pico/pico-sdk/src/rp2_common/pico_float/float_init_rom.c.obj
LOAD CMakeFiles/LoRaReceiver.dir/home/leon/pico/pico-sdk/src/rp2_common/pico_float/float_math.c.obj
LOAD CMakeFiles/LoRaReceiver.dir/home/leon/pico/pico-sdk/src/rp2_common/pico_float/float_v1_rom_shim.S.obj
LOAD CMakeFiles/LoRaReceiver.dir/home/leon/pico/pico-sdk/src/rp2_common/pico_malloc/pico_malloc.c.obj
LOAD CMakeFiles/LoRaReceiver.dir/home/leon/pico/pico-sdk/src/rp2_common/pico_mem_ops/mem_ops_aeabi.S.obj
LOAD CMakeFiles/LoRaReceiver.dir/home/leon/pico/pico-sdk/src/rp2_common/pico_standard_link/crt0.S.obj
LOAD CMakeFiles/LoRaReceiver.dir/home/leon/pico/pico-sdk/src/rp2_common/pico_standard_link/new_delete.cpp.obj
LOAD CMakeFiles/LoRaReceiver.dir/home/leon/pico/pico-sdk/src/rp2_common/pico_standard_link/binary_info.c.obj
LOAD CMakeFiles/LoRaReceiver.dir/home/leon/pico/pico-sdk/src/rp2_common/pico_stdio/stdio.c.obj