Archive member included to satisfy reference by file (symbol)

../../src/libLoRa_pico_lib.a(LoRa-RP2040.cpp.obj)
                              CMakeFiles/LoRaSenderNonBlocking.dir/LoRaSenderNonBlocking.cpp.obj (LoRaClass::begin(long))
../../src/libLoRa_print.a(Print.cpp.obj)
                              CMakeFiles/LoRaSenderNonBlocking.dir/LoRaSenderNonBlocking.cpp.obj (Print::print(char const*))
/home/leon/pico/pico-sdk/toolchain/gcc-arm-none-eabi-10.3-2021.10/bin/../lib/gcc/arm-none-eabi/10.3.1/../../../../arm-none-eabi/lib/thumb/v6-m/nofp/libstdc++.a(class_type_info.o)
                              ../../src/libLoRa_print.a(Print.cpp.obj) (vtable for __cxxabiv1::__class_type_info)
/home/leon/pico/pico-sdk/toolchain/gcc-arm-none-eabi-10.3-2021.10/bin/../lib/gcc/arm-none-eabi/10.3.1/../../../../arm-none-eabi/lib/thumb/v6-m/nofp/libstdc++.a(del_ops.o)
                              /home/leon/pico/pico-sdk/toolchain/gcc-arm-none-eabi-10.3-2021.10/bin/../lib/gcc/arm-none-eabi/10.3.1/../../../../arm-none-eabi/lib/thumb/v6-m/nofp/libstdc++.a(class_type_info.o) (operator delete(void*, unsigned int))
/home/leon/pico/pico-sdk/toolchain/gcc-arm-none-eabi-10.3-2021.10/bin/../lib/gcc/arm-none-eabi/10.3.1/../../../../arm-none-eabi/lib/thumb/v6-m/nofp/libstdc++.a(pure.o)
                              ../../src/libLoRa_print.a(Print.cpp.obj) (__cxa_pure_virtual)
/home/leon/pico/pico-sdk/toolchain/gcc-arm-none-eabi-10.3-2021.10/bin/../lib/gcc/arm-none-eabi/10.3.1/../../../../arm-none-eabi/lib/thumb/v6-m/nofp/libstdc++.a(si_class_type_info.o)
                              /home/leon/pico/pico-sdk/toolchain/gcc-arm-none-eabi-10.3-2021.10/bin/../lib/gcc/arm-none-eabi/10.3.1/../../../../arm-none-eabi/lib/thumb/v6-m/nofp/libstdc++.a(class_type_info.o) (vtable for __cxxabiv1::__si_class_type_info)
/home/leon/pico/pico-sdk/toolchain/gcc-arm-none-eabi-10.3-2021.10/bin/../lib/gcc/arm-none-eabi/10.3.1/../../../../arm-none-eabi/lib/thumb/v6-m/nofp/libstdc++.a(tinfo.o)
                              /home/leon/pico/pico-sdk/toolchain/gcc-arm-none-eabi-10.3-2021.10/bin/../lib/gcc/arm-none-eabi/10.3.1/../../../../arm-none-eabi/lib/thumb/v6-m/nofp/libstdc++.a(class_type_info.o) (std::type_info::~type_info())
/home/leon/pico/pico-sdk/toolchain/gcc-arm-none-eabi-10.3-2021.10/bin/../lib/gcc/arm-none-eabi/10.3.1/../../../../arm-none-eabi/lib/thumb/v6-m/nofp/libstdc++.a(del_op.o)
                              /home/leon/pico/pico-sdk/toolchain/gcc-arm-none-eabi-10.3-2021.10/bin/../lib/gcc/arm-none-eabi/10.3.1/../../../../arm-none-eabi/lib/thumb/v6-m/nofp/libstdc++.a(del_ops.o) (operator delete(void*))
/home/leon/pico/pico-sdk/toolchain/gcc-arm-none-eabi-10.3-2021.10/bin/../lib/gcc/arm-none-eabi/10.3.1/../../../../arm-none-eabi/lib/thumb/v6-m/nofp/libstdc++.a(eh_terminate.o)
                              /home/leon/pico/pico-sdk/toolchain/gcc-arm-none-eabi-10.3-2021.10/bin/../lib/gcc/arm-none-eabi/10.3.1/../../../../arm-none-eabi/lib/thumb/v6-m/nofp/libstdc++.a(pure.o) (std::terminate())
/home/leon/pico/pico-sdk/toolchain/gcc-arm-none-eabi-10.3-2021.10/bin/../lib/gcc/arm-none-eabi/10.3.1/../../../../arm-none-eabi/lib/thumb/v6-m/nofp/libstdc++.a(eh_unex_handler.o)
                              /home/leon/pico/pico-sdk/toolchain/gcc-arm-none-eabi-10.3-2021.10/bin/../lib/gcc/arm-none-eabi/10.3.1/../../../../arm-none-eabi/lib/thumb/v6-m/nofp/libstdc++.a(eh_terminate.o) (__cxxabiv1::__unexpected_handler)
/home/leon/pico/pico-sdk/toolchain/gcc-arm-none-eabi-10.3-2021.10/bin/../lib/gcc/arm-none-eabi/10.3.1/../../../../arm-none-eabi/lib/thumb/v6-m/nofp/libstdc++.a(vterminate.o)
                              /home/leon/pico/pico-sdk/toolchain/gcc-arm-none-eabi-10.3-2021.10/bin/../lib/gcc/arm-none-eabi/10.3.1/../../../../arm-none-eabi/lib/thumb/v6-m/nofp/libstdc++.a(eh_terminate.o) (__gnu_cxx::__verbose_terminate_handler())
/home/leon/pico/pico-sdk/toolchain/gcc-arm-none-eabi-10.3-2021.10/bin/../lib/gcc/arm-none-eabi/10.3.1/../../../../arm-none-eabi/lib/thumb/v6-m/nofp/libstdc++.a(cp-demangle.o)
                              /home/leon/pico/pico-sdk/toolchain/gcc-arm-none-eabi-10.3-2021.10/bin/../lib/gcc/arm-none-eabi/10.3.1/../../../../arm-none-eabi/lib/thumb/v6-m/nofp/libstdc++.a(vterminate.o) (__cxa_demangle)
/home/leon/pico/pico-sdk/toolchain/gcc-arm-none-eabi-10.3-2021.10/bin/../lib/gcc/arm-none-eabi/10.3.1/../../../../arm-none-eabi/lib/thumb/v6-m/nofp/libstdc++.a(eh_arm.o)
                              /home/leon/pico/pico-sdk/toolchain/gcc-arm-none-eabi-10.3-2021.10/bin/../lib/gcc/arm-none-eabi/10.3.1/../../../../arm-none-eabi/lib/thumb/v6-m/nofp/libstdc++.a(eh_terminate.o) (__cxa_end_cleanup)
/home/leon/pico/pico-sdk/toolchain/gcc-arm-none-eabi-10.3-2021.10/bin/../lib/gcc/arm-none-eabi/10.3.1/../../../../arm-none-eabi/lib/thumb/v6-m/nofp/libstdc++.a(eh_call.o)
[...]
Memory Configuration

Name             Origin             Length             Attributes
FLASH            0x0000000010000000 0x0000000000200000 xr
RAM              0x0000000020000000 0x0000000000040000 xrw
SCRATCH_X        0x0000000020040000 0x0000000000001000 xrw
SCRATCH_Y        0x0000000020041000 0x0000000000001000 xrw
*default*        0x0000000000000000 0xffffffffffffffff

Linker script and memory map

LOAD /home/leon/pico/pico-sdk/toolchain/gcc-arm-none-eabi-10.3-2021.10/bin/../lib/gcc/arm-none-eabi/10.3.1/thumb/v6-m/nofp/crti.o
LOAD /home/leon/pico/pico-sdk/toolchain/gcc-arm-none-eabi-10.3-2021.10/bin/../lib/gcc/arm-none-eabi/10.3.1/thumb/v6-m/nofp/crtbegin.o
LOAD /home/leon/pico/pico-sdk/toolchain/gcc-arm-none-eabi-10.3-2021.10/bin/../lib/gcc/arm-none-eabi/10.3.1/../../../../arm-none-eabi/lib/thumb/v6-m/nofp/crt0.o

.flash_begin    0x0000000010000000        0x0
                0x0000000010000000                __flash_binary_start = .

.boot2          0x0000000010000000      0x100
                0x0000000010000000                __boot2_start__ = .
 *(.boot2)
 .boot2         0x0000000010000000      0x100 /tmp/ccD8GeJd.o
                0x0000000010000100                __boot2_end__ = .
                0x0000000000000001                ASSERT (((__boot2_end__ - __boot2_start__) == 0x100), ERROR: Pico second stage bootloader must be 256 bytes in size)

.text           0x0000000010000100    0x119b8
                0x0000000010000100                __logical_binary_start = .
 *(.vectors)
 .vectors       0x0000000010000100       0xd4 CMakeFiles/LoRaSenderNonBlocking.dir/home/leon/pico/pico-sdk/src/rp2_common/pico_standard_link/crt0.S.obj
                0x0000000010000100                __vectors
                0x0000000010000100                __VECTOR_TABLE
                0x00000000100001c0                isr_invalid
                0x00000000100001c0                __default_isrs_start
                0x00000000100001c2                isr_nmi
                0x00000000100001c4                isr_hardfault
                0x00000000100001c6                isr_svcall
                0x00000000100001c8                isr_pendsv
                0x00000000100001ca                isr_systick
                0x00000000100001cc                isr_irq30
                0x00000000100001cc                __unhandled_user_irq
                0x00000000100001cc                isr_irq13
                0x00000000100001cc                isr_irq27
                0x00000000100001cc                isr_irq31
                0x00000000100001cc                isr_irq5
                0x00000000100001cc                isr_irq11
                0x00000000100001cc                isr_irq23
                0x00000000100001cc                isr_irq18
                0x00000000100001cc                isr_irq28
                0x00000000100001cc                isr_irq19
                0x00000000100001cc                isr_irq0
                0x00000000100001cc                isr_irq6
                0x00000000100001cc                isr_irq22
                0x00000000100001cc                isr_irq17
                0x00000000100001cc                isr_irq14
                0x00000000100001cc                isr_irq2
                0x00000000100001cc                isr_irq10
                0x00000000100001cc                isr_irq8
                0x00000000100001cc                isr_irq24
                0x00000000100001cc                isr_irq1
                0x00000000100001cc                isr_irq7
                0x00000000100001cc                isr_irq21
                0x00000000100001cc                isr_irq20
                0x00000000100001cc                isr_irq15
                0x00000000100001cc                isr_irq25
                0x00000000100001cc                isr_irq4
                0x00000000100001cc                isr_irq16
                0x00000000100001cc                isr_irq29
                0x00000000100001cc                isr_irq26
                0x00000000100001cc                __default_isrs_end
                0x00000000100001cc                isr_irq3
                0x00000000100001cc                isr_irq12
                0x00000000100001cc                isr_irq9
                0x00000000100001d2                unhandled_user_irq_num_in_r0
 *(.binary_info_header)
 .binary_info_header
                0x00000000100001d4       0x14 CMakeFiles/LoRaSenderNonBlocking.dir/home/leon/pico/pico-sdk/src/rp2_common/pico_standard_link/crt0.S.obj
                0x00000000100001e8                __binary_info_header_end = .
 *(.reset)
 .reset         0x00000000100001e8       0xa8 CMakeFiles/LoRaSenderNonBlocking.dir/home/leon/pico/pico-sdk/src/rp2_common/pico_standard_link/crt0.S.obj
                0x00000000100001e8                _entry_point
                0x0000000010000266                __get_current_exception
 .reset         0x0000000010000290       0x30 CMakeFiles/LoRaSenderNonBlocking.dir/home/leon/pico/pico-sdk/src/rp2_common/pico_standard_link/binary_info.c.obj
 *(.init)
 .init          0x00000000100002c0        0x4 /home/leon/pico/pico-sdk/toolchain/gcc-arm-none-eabi-10.3-2021.10/bin/../lib/gcc/arm-none-eabi/10.3.1/thumb/v6-m/nofp/crti.o
                0x00000000100002c0                _init
 *(EXCLUDE_FILE(*libm.a: *libc.a:*lib_a-mem*.o *libgcc.a:) .text*)
 .text          0x00000000100002c4       0x48 /home/leon/pico/pico-sdk/toolchain/gcc-arm-none-eabi-10.3-2021.10/bin/../lib/gcc/arm-none-eabi/10.3.1/thumb/v6-m/nofp/crtbegin.o
 .text.startup.main
                0x000000001000030c       0xb8 CMakeFiles/LoRaSenderNonBlocking.dir/LoRaSenderNonBlocking.cpp.obj
                0x000000001000030c                main
 .text.gpio_set_function
                0x00000000100003c4       0x30 CMakeFiles/LoRaSenderNonBlocking.dir/home/leon/pico/pico-sdk/src/rp2_common/hardware_gpio/gpio.c.obj
                0x00000000100003c4                gpio_set_function
 .text.gpio_init
                0x00000000100003f4       0x3c CMakeFiles/LoRaSenderNonBlocking.dir/home/leon/pico/pico-sdk/src/rp2_common/hardware_gpio/gpio.c.obj
                0x00000000100003f4                gpio_init
 .text.hw_claim_or_assert
                0x0000000010000430       0x44 CMakeFiles/LoRaSenderNonBlocking.dir/home/leon/pico/pico-sdk/src/rp2_common/hardware_claim/claim.c.obj
                0x0000000010000430                hw_claim_or_assert
 .text.hw_claim_unused_from_range
                0x0000000010000474       0x9c CMakeFiles/LoRaSenderNonBlocking.dir/home/leon/pico/pico-sdk/src/rp2_common/hardware_claim/claim.c.obj
                0x0000000010000474                hw_claim_unused_from_range
 .text.running_on_fpga
                0x0000000010000510       0x10 CMakeFiles/LoRaSenderNonBlocking.dir/home/leon/pico/pico-sdk/src/rp2_common/pico_platform/platform.c.obj
                0x0000000010000510                running_on_fpga
 .text.spin_locks_reset
                0x0000000010000520       0x1c CMakeFiles/LoRaSenderNonBlocking.dir/home/leon/pico/pico-sdk/src/rp2_common/hardware_sync/sync.c.obj
                0x0000000010000520                spin_locks_reset
 .text.next_striped_spin_lock_num
                0x000000001000053c       0x18 CMakeFiles/LoRaSenderNonBlocking.dir/home/leon/pico/pico-sdk/src/rp2_common/hardware_sync/sync.c.obj
                0x000000001000053c                next_striped_spin_lock_num
 .text.spin_lock_claim_unused
                0x0000000010000554       0x20 CMakeFiles/LoRaSenderNonBlocking.dir/home/leon/pico/pico-sdk/src/rp2_common/hardware_sync/sync.c.obj
                0x0000000010000554                spin_lock_claim_unused
 .text.irq_set_enabled
                0x0000000010000574       0x24 CMakeFiles/LoRaSenderNonBlocking.dir/home/leon/pico/pico-sdk/src/rp2_common/hardware_irq/irq.c.obj
                0x0000000010000574                irq_set_enabled
 .text.irq_set_pending
                0x0000000010000598       0x10 CMakeFiles/LoRaSenderNonBlocking.dir/home/leon/pico/pico-sdk/src/rp2_common/hardware_irq/irq.c.obj
                0x0000000010000598                irq_set_pending
 .text.irq_has_shared_handler
                0x00000000100005a8       0x2c CMakeFiles/LoRaSenderNonBlocking.dir/home/leon/pico/pico-sdk/src/rp2_common/hardware_irq/irq.c.obj
                0x00000000100005a8                irq_has_shared_handler
 .text.irq_get_vtable_handler
                0x00000000100005d4       0x10 CMakeFiles/LoRaSenderNonBlocking.dir/home/leon/pico/pico-sdk/src/rp2_common/hardware_irq/irq.c.obj
                0x00000000100005d4                irq_get_vtable_handler
 .text.irq_set_exclusive_handler
                0x00000000100005e4       0x54 CMakeFiles/LoRaSenderNonBlocking.dir/home/leon/pico/pico-sdk/src/rp2_common/hardware_irq/irq.c.obj
                0x00000000100005e4                irq_set_exclusive_handler
 .text.irq_add_shared_handler
                0x0000000010000638      0x1e4 CMakeFiles/LoRaSenderNonBlocking.dir/home/leon/pico/pico-sdk/src/rp2_common/hardware_irq/irq.c.obj
                0x0000000010000638                irq_add_shared_handler
 .text.irq_remove_handler
                0x000000001000081c      0x1b4 CMakeFiles/LoRaSenderNonBlocking.dir/home/leon/pico/pico-sdk/src/rp2_common/hardware_irq/irq.c.obj
                0x000000001000081c                irq_remove_handler
 .text.irq_add_tail_to_free_list
                0x00000000100009d0       0xb4 CMakeFiles/LoRaSenderNonBlocking.dir/home/leon/pico/pico-sdk/src/rp2_common/hardware_irq/irq.c.obj
                0x00000000100009d0                irq_add_tail_to_free_list
 .text.irq_init_priorities
                0x0000000010000a84       0x24 CMakeFiles/LoRaSenderNonBlocking.dir/home/leon/pico/pico-sdk/src/rp2_common/hardware_irq/irq.c.obj
                0x0000000010000a84                irq_init_priorities
 .text.user_irq_claim_unused
                0x0000000010000aa8       0x30 CMakeFiles/LoRaSenderNonBlocking.dir/home/leon/pico/pico-sdk/src/rp2_common/hardware_irq/irq.c.obj
                0x0000000010000aa8                user_irq_claim_unused
 .text.lock_init
                0x0000000010000ad8       0x10 CMakeFiles/LoRaSenderNonBlocking.dir/home/leon/pico/pico-sdk/src/common/pico_sync/lock_core.c.obj
                0x0000000010000ad8                lock_init
 .text.timer_pool_entry_comparator
                0x0000000010000ae8       0x34 CMakeFiles/LoRaSenderNonBlocking.dir/home/leon/pico/pico-sdk/src/common/pico_time/time.c.obj
                0x0000000010000ae8                timer_pool_entry_comparator
 .text.sleep_until_callback
                0x0000000010000b1c       0x30 CMakeFiles/LoRaSenderNonBlocking.dir/home/leon/pico/pico-sdk/src/common/pico_time/time.c.obj
 .text.add_alarm_under_lock.isra.0
                0x0000000010000b4c      0x100 CMakeFiles/LoRaSenderNonBlocking.dir/home/leon/pico/pico-sdk/src/common/pico_time/time.c.obj
 .text.alarm_pool_alarm_callback
                0x0000000010000c4c      0x1c8 CMakeFiles/LoRaSenderNonBlocking.dir/home/leon/pico/pico-sdk/src/common/pico_time/time.c.obj
 .text.alarm_pool_add_alarm_at.constprop.0
                0x0000000010000e14      0x11c CMakeFiles/LoRaSenderNonBlocking.dir/home/leon/pico/pico-sdk/src/common/pico_time/time.c.obj
 .text.alarm_pool_init_default
                0x0000000010000f30       0x64 CMakeFiles/LoRaSenderNonBlocking.dir/home/leon/pico/pico-sdk/src/common/pico_time/time.c.obj
                0x0000000010000f30                alarm_pool_init_default
 .text.alarm_pool_get_default
                0x0000000010000f94        0x8 CMakeFiles/LoRaSenderNonBlocking.dir/home/leon/pico/pico-sdk/src/common/pico_time/time.c.obj
                0x0000000010000f94                alarm_pool_get_default
 .text.alarm_pool_add_alarm_at
                0x0000000010000f9c      0x194 CMakeFiles/LoRaSenderNonBlocking.dir/home/leon/pico/pico-sdk/src/common/pico_time/time.c.obj
                0x0000000010000f9c                alarm_pool_add_alarm_at
 .text.sleep_until
                0x0000000010001130       0xac CMakeFiles/LoRaSenderNonBlocking.dir/home/leon/pico/pico-sdk/src/common/pico_time/time.c.obj
                0x0000000010001130                sleep_until
 .text.sleep_ms
                0x00000000100011dc       0x38 CMakeFiles/LoRaSenderNonBlocking.dir/home/leon/pico/pico-sdk/src/common/pico_time/time.c.obj
                0x00000000100011dc                sleep_ms
 .text.best_effort_wfe_or_timeout
                0x0000000010001214       0xd4 CMakeFiles/LoRaSenderNonBlocking.dir/home/leon/pico/pico-sdk/src/common/pico_time/time.c.obj
                0x0000000010001214                best_effort_wfe_or_timeout
 .text.hardware_alarm_irq_handler
                0x00000000100012e8       0xb8 CMakeFiles/LoRaSenderNonBlocking.dir/home/leon/pico/pico-sdk/src/rp2_common/hardware_timer/timer.c.obj
 .text.hardware_alarm_claim
                0x00000000100013a0       0x18 CMakeFiles/LoRaSenderNonBlocking.dir/home/leon/pico/pico-sdk/src/rp2_common/hardware_timer/timer.c.obj
                0x00000000100013a0                hardware_alarm_claim
 .text.time_us_64
                0x00000000100013b8       0x14 CMakeFiles/LoRaSenderNonBlocking.dir/home/leon/pico/pico-sdk/src/rp2_common/hardware_timer/timer.c.obj
                0x00000000100013b8                time_us_64
 .text.busy_wait_us
                0x00000000100013cc       0x54 CMakeFiles/LoRaSenderNonBlocking.dir/home/leon/pico/pico-sdk/src/rp2_common/hardware_timer/timer.c.obj
                0x00000000100013cc                busy_wait_us
 .text.busy_wait_until
                0x0000000010001420       0x20 CMakeFiles/LoRaSenderNonBlocking.dir/home/leon/pico/pico-sdk/src/rp2_common/hardware_timer/timer.c.obj
                0x0000000010001420                busy_wait_until
 .text.hardware_alarm_set_callback
                0x0000000010001440       0x8c CMakeFiles/LoRaSenderNonBlocking.dir/home/leon/pico/pico-sdk/src/rp2_common/hardware_timer/timer.c.obj
                0x0000000010001440                hardware_alarm_set_callback
 .text.hardware_alarm_set_target
                0x00000000100014cc       0xe0 CMakeFiles/LoRaSenderNonBlocking.dir/home/leon/pico/pico-sdk/src/rp2_common/hardware_timer/timer.c.obj
                0x00000000100014cc                hardware_alarm_set_target
 .text.hardware_alarm_cancel
                0x00000000100015ac       0x3c CMakeFiles/LoRaSenderNonBlocking.dir/home/leon/pico/pico-sdk/src/rp2_common/hardware_timer/timer.c.obj
                0x00000000100015ac                hardware_alarm_cancel
 .text.ph_merge_nodes
                0x00000000100015e8       0x68 CMakeFiles/LoRaSenderNonBlocking.dir/home/leon/pico/pico-sdk/src/common/pico_util/pheap.c.obj
 .text.ph_post_alloc_init
                0x0000000010001650       0x3c CMakeFiles/LoRaSenderNonBlocking.dir/home/leon/pico/pico-sdk/src/common/pico_util/pheap.c.obj
                0x0000000010001650                ph_post_alloc_init
 .text.ph_merge_two_pass
                0x000000001000168c       0x90 CMakeFiles/LoRaSenderNonBlocking.dir/home/leon/pico/pico-sdk/src/common/pico_util/pheap.c.obj
                0x000000001000168c                ph_merge_two_pass
 .text.ph_remove_any_head
                0x000000001000171c       0xf8 CMakeFiles/LoRaSenderNonBlocking.dir/home/leon/pico/pico-sdk/src/common/pico_util/pheap.c.obj
 .text.ph_remove_head
                0x0000000010001814       0xfc CMakeFiles/LoRaSenderNonBlocking.dir/home/leon/pico/pico-sdk/src/common/pico_util/pheap.c.obj
                0x0000000010001814                ph_remove_head
 .text.ph_remove_and_free_node
                0x0000000010001910       0x7c CMakeFiles/LoRaSenderNonBlocking.dir/home/leon/pico/pico-sdk/src/common/pico_util/pheap.c.obj
                0x0000000010001910                ph_remove_and_free_node
 .text.mutex_init
                0x000000001000198c       0x1c CMakeFiles/LoRaSenderNonBlocking.dir/home/leon/pico/pico-sdk/src/common/pico_sync/mutex.c.obj
                0x000000001000198c                mutex_init
 .text.recursive_mutex_init
                0x00000000100019a8       0x1c CMakeFiles/LoRaSenderNonBlocking.dir/home/leon/pico/pico-sdk/src/common/pico_sync/mutex.c.obj
                0x00000000100019a8                recursive_mutex_init
 .text.critical_section_init
                0x00000000100019c4       0x20 CMakeFiles/LoRaSenderNonBlocking.dir/home/leon/pico/pico-sdk/src/common/pico_sync/critical_section.c.obj
                0x00000000100019c4                critical_section_init
 .text.runtime_init
                0x00000000100019e4       0xf0 CMakeFiles/LoRaSenderNonBlocking.dir/home/leon/pico/pico-sdk/src/rp2_common/pico_runtime/runtime.c.obj
                0x00000000100019e4                runtime_init
 .text._exit    0x0000000010001ad4        0x4 CMakeFiles/LoRaSenderNonBlocking.dir/home/leon/pico/pico-sdk/src/rp2_common/pico_runtime/runtime.c.obj
                0x0000000010001ad4                _exit
 .text._sbrk    0x0000000010001ad8       0x34 CMakeFiles/LoRaSenderNonBlocking.dir/home/leon/pico/pico-sdk/src/rp2_common/pico_runtime/runtime.c.obj
                0x0000000010001ad8                _sbrk
 .text.exit     0x0000000010001b0c        0x4 CMakeFiles/LoRaSenderNonBlocking.dir/home/leon/pico/pico-sdk/src/rp2_common/pico_runtime/runtime.c.obj
                0x0000000010001b0c                exit
 .text.panic    0x0000000010001b10       0x30 CMakeFiles/LoRaSenderNonBlocking.dir/home/leon/pico/pico-sdk/src/rp2_common/pico_runtime/runtime.c.obj
                0x0000000010001b10                panic
 .text.hard_assertion_failure
                0x0000000010001b40        0xc CMakeFiles/LoRaSenderNonBlocking.dir/home/leon/pico/pico-sdk/src/rp2_common/pico_runtime/runtime.c.obj
                0x0000000010001b40                hard_assertion_failure
 .text.clocks_init
                0x0000000010001b4c      0x2bc CMakeFiles/LoRaSenderNonBlocking.dir/home/leon/pico/pico-sdk/src/rp2_common/hardware_clocks/clocks.c.obj
                0x0000000010001b4c                clocks_init
 .text.clock_get_hz
                0x0000000010001e08        0xc CMakeFiles/LoRaSenderNonBlocking.dir/home/leon/pico/pico-sdk/src/rp2_common/hardware_clocks/clocks.c.obj
                0x0000000010001e08                clock_get_hz
 .text.pll_init
                0x0000000010001e14       0xb0 CMakeFiles/LoRaSenderNonBlocking.dir/home/leon/pico/pico-sdk/src/rp2_common/hardware_pll/pll.c.obj
                0x0000000010001e14                pll_init
 .text.watchdog_start_tick
                0x0000000010001ec4       0x10 CMakeFiles/LoRaSenderNonBlocking.dir/home/leon/pico/pico-sdk/src/rp2_common/hardware_watchdog/watchdog.c.obj
                0x0000000010001ec4                watchdog_start_tick
 .text.watchdog_reboot
                0x0000000010001ed4       0x98 CMakeFiles/LoRaSenderNonBlocking.dir/home/leon/pico/pico-sdk/src/rp2_common/hardware_watchdog/watchdog.c.obj
                0x0000000010001ed4                watchdog_reboot
 .text.xosc_init
                0x0000000010001f6c       0x28 CMakeFiles/LoRaSenderNonBlocking.dir/home/leon/pico/pico-sdk/src/rp2_common/hardware_xosc/xosc.c.obj
                0x0000000010001f6c                xosc_init
 .text._out_buffer
                0x0000000010001f94        0x8 CMakeFiles/LoRaSenderNonBlocking.dir/home/leon/pico/pico-sdk/src/rp2_common/pico_printf/printf.c.obj
 .text._out_null
                0x0000000010001f9c        0x4 CMakeFiles/LoRaSenderNonBlocking.dir/home/leon/pico/pico-sdk/src/rp2_common/pico_printf/printf.c.obj
 .text._out_rev
                0x0000000010001fa0       0x9c CMakeFiles/LoRaSenderNonBlocking.dir/home/leon/pico/pico-sdk/src/rp2_common/pico_printf/printf.c.obj
 .text._ntoa_format
                0x000000001000203c      0x1cc CMakeFiles/LoRaSenderNonBlocking.dir/home/leon/pico/pico-sdk/src/rp2_common/pico_printf/printf.c.obj
 .text._out_char
                0x0000000010002208       0x10 CMakeFiles/LoRaSenderNonBlocking.dir/home/leon/pico/pico-sdk/src/rp2_common/pico_printf/printf.c.obj
 .text._out_fct
                0x0000000010002218       0x10 CMakeFiles/LoRaSenderNonBlocking.dir/home/leon/pico/pico-sdk/src/rp2_common/pico_printf/printf.c.obj
 .text._etoa    0x0000000010002228      0x44c CMakeFiles/LoRaSenderNonBlocking.dir/home/leon/pico/pico-sdk/src/rp2_common/pico_printf/printf.c.obj
 .text._ftoa    0x0000000010002674      0x398 CMakeFiles/LoRaSenderNonBlocking.dir/home/leon/pico/pico-sdk/src/rp2_common/pico_printf/printf.c.obj
 .text._vsnprintf
                0x0000000010002a0c      0xb04 CMakeFiles/LoRaSenderNonBlocking.dir/home/leon/pico/pico-sdk/src/rp2_common/pico_printf/printf.c.obj
 .text.__wrap_sprintf
                0x0000000010003510       0x28 CMakeFiles/LoRaSenderNonBlocking.dir/home/leon/pico/pico-sdk/src/rp2_common/pico_printf/printf.c.obj
                0x0000000010003510                __wrap_sprintf
 .text.vfctprintf
                0x0000000010003538       0x20 CMakeFiles/LoRaSenderNonBlocking.dir/home/leon/pico/pico-sdk/src/rp2_common/pico_printf/printf.c.obj
                0x0000000010003538                vfctprintf
 .text.weak_raw_vprintf
                0x0000000010003558       0x30 CMakeFiles/LoRaSenderNonBlocking.dir/home/leon/pico/pico-sdk/src/rp2_common/pico_printf/printf.c.obj
                0x0000000010003558                weak_raw_vprintf
 .text          0x0000000010003588       0x10 CMakeFiles/LoRaSenderNonBlocking.dir/home/leon/pico/pico-sdk/src/rp2_common/pico_bit_ops/bit_ops_aeabi.S.obj
 .text.rom_func_lookup
                0x0000000010003598       0x10 CMakeFiles/LoRaSenderNonBlocking.dir/home/leon/pico/pico-sdk/src/rp2_common/pico_bootrom/bootrom.c.obj
                0x0000000010003598                rom_func_lookup
 .text.rom_data_lookup
                0x00000000100035a8       0x10 CMakeFiles/LoRaSenderNonBlocking.dir/home/leon/pico/pico-sdk/src/rp2_common/pico_bootrom/bootrom.c.obj
                0x00000000100035a8                rom_data_lookup
 .text.rom_funcs_lookup
                0x00000000100035b8       0x44 CMakeFiles/LoRaSenderNonBlocking.dir/home/leon/pico/pico-sdk/src/rp2_common/pico_bootrom/bootrom.c.obj
                0x00000000100035b8                rom_funcs_lookup
 .text.__wrap___aeabi_idiv
                0x00000000100035fc       0x50 CMakeFiles/LoRaSenderNonBlocking.dir/home/leon/pico/pico-sdk/src/rp2_common/pico_divider/divider.S.obj
                0x00000000100035fc                __wrap___aeabi_idivmod
                0x00000000100035fc                divmod_s32s32
                0x00000000100035fc                div_s32s32
                0x00000000100035fc                __wrap___aeabi_idiv
                0x0000000010003604                divmod_s32s32_unsafe
                0x0000000010003630                divmod_s32s32_savestate
 .text.__wrap___aeabi_uidiv
                0x000000001000364c       0x4c CMakeFiles/LoRaSenderNonBlocking.dir/home/leon/pico/pico-sdk/src/rp2_common/pico_divider/divider.S.obj
                0x000000001000364c                __wrap___aeabi_uidiv
                0x000000001000364c                __wrap___aeabi_uidivmod
                0x000000001000364c                div_u32u32
                0x000000001000364c                divmod_u32u32
                0x0000000010003654                divmod_u32u32_unsafe
                0x000000001000367c                divmod_u32u32_savestate
 .text.__wrap___aeabi_ldiv
                0x0000000010003698      0x434 CMakeFiles/LoRaSenderNonBlocking.dir/home/leon/pico/pico-sdk/src/rp2_common/pico_divider/divider.S.obj
                0x0000000010003698                div_s64s64
                0x0000000010003698                divmod_s64s64
                0x0000000010003698                __wrap___aeabi_ldivmod
                0x00000000100036d0                div_u64u64
                0x00000000100036d0                divmod_u64u64
                0x00000000100036d0                __wrap___aeabi_uldivmod
                0x00000000100036e0                divmod_u64u64_savestate
                0x0000000010003708                divmod_s64s64_unsafe
                0x0000000010003790                divmod_u64u64_unsafe
 .text.__wrap___aeabi_darithmetic
                0x0000000010003acc       0x60 CMakeFiles/LoRaSenderNonBlocking.dir/home/leon/pico/pico-sdk/src/rp2_common/pico_double/double_aeabi.S.obj
                0x0000000010003acc                __wrap___aeabi_drsub
                0x0000000010003ad2                __wrap___aeabi_dsub
                0x0000000010003adc                __wrap___aeabi_dadd
                0x0000000010003ae6                __wrap___aeabi_ddiv
                0x0000000010003b1a                __wrap___aeabi_dmul
 .text.__wrap___aeabi_cdcmple
                0x0000000010003b2c       0x6c CMakeFiles/LoRaSenderNonBlocking.dir/home/leon/pico/pico-sdk/src/rp2_common/pico_double/double_aeabi.S.obj
                0x0000000010003b2c                __wrap___aeabi_cdrcmple
                0x0000000010003b3c                __wrap___aeabi_cdcmple
                0x0000000010003b3c                __wrap___aeabi_cdcmpeq
 .text.__wrap___aeabi_dcmplt
                0x0000000010003b98        0xc CMakeFiles/LoRaSenderNonBlocking.dir/home/leon/pico/pico-sdk/src/rp2_common/pico_double/double_aeabi.S.obj
                0x0000000010003b98                __wrap___aeabi_dcmplt
 .text.__wrap___aeabi_dcmple
                0x0000000010003ba4       0x10 CMakeFiles/LoRaSenderNonBlocking.dir/home/leon/pico/pico-sdk/src/rp2_common/pico_double/double_aeabi.S.obj
                0x0000000010003ba4                __wrap___aeabi_dcmple
 .text.__wrap___aeabi_dcmpge
                0x0000000010003bb4       0x10 CMakeFiles/LoRaSenderNonBlocking.dir/home/leon/pico/pico-sdk/src/rp2_common/pico_double/double_aeabi.S.obj
                0x0000000010003bb4                __wrap___aeabi_dcmpge
 .text.__wrap___aeabi_dcmpgt
                0x0000000010003bc4        0xa CMakeFiles/LoRaSenderNonBlocking.dir/home/leon/pico/pico-sdk/src/rp2_common/pico_double/double_aeabi.S.obj
                0x0000000010003bc4                __wrap___aeabi_dcmpgt
 .text.__wrap___aeabi_dcmpun
                0x0000000010003bce       0x1c CMakeFiles/LoRaSenderNonBlocking.dir/home/leon/pico/pico-sdk/src/rp2_common/pico_double/double_aeabi.S.obj
                0x0000000010003bce                __wrap___aeabi_dcmpun
 *fill*         0x0000000010003bea        0x2 
 .text.__wrap___aeabi_i2d
                0x0000000010003bec       0x38 CMakeFiles/LoRaSenderNonBlocking.dir/home/leon/pico/pico-sdk/src/rp2_common/pico_double/double_aeabi.S.obj
                0x0000000010003bec                __wrap___aeabi_ui2d
                0x0000000010003bf4                __wrap___aeabi_i2d
 .text.__wrap___aeabi_d2iz
                0x0000000010003c24       0x48 CMakeFiles/LoRaSenderNonBlocking.dir/home/leon/pico/pico-sdk/src/rp2_common/pico_double/double_aeabi.S.obj
                0x0000000010003c24                __wrap___aeabi_d2iz
                0x0000000010003c24                double2int_z
 .text.__wrap___aeabi_d2uiz
                0x0000000010003c6c       0x10 CMakeFiles/LoRaSenderNonBlocking.dir/home/leon/pico/pico-sdk/src/rp2_common/pico_double/double_aeabi.S.obj
                0x0000000010003c6c                double2uint
                0x0000000010003c6c                __wrap___aeabi_d2uiz
 .text.missing_double_func_shim
                0x0000000010003c7c        0xc CMakeFiles/LoRaSenderNonBlocking.dir/home/leon/pico/pico-sdk/src/rp2_common/pico_double/double_init_rom.c.obj
 .text.__aeabi_double_init
                0x0000000010003c88       0x98 CMakeFiles/LoRaSenderNonBlocking.dir/home/leon/pico/pico-sdk/src/rp2_common/pico_double/double_init_rom.c.obj
                0x0000000010003c88                __aeabi_double_init
 .text.double_table_shim_on_use_helper
                0x0000000010003d20       0x2c CMakeFiles/LoRaSenderNonBlocking.dir/home/leon/pico/pico-sdk/src/rp2_common/pico_double/double_v1_rom_shim.S.obj
                0x0000000010003d20                double_table_shim_on_use_helper
 .text.__aeabi_lmul
                0x0000000010003d4c       0x32 CMakeFiles/LoRaSenderNonBlocking.dir/home/leon/pico/pico-sdk/src/rp2_common/pico_int64_ops/pico_int64_ops_aeabi.S.obj
                0x0000000010003d4c                __wrap___aeabi_lmul
 *fill*         0x0000000010003d7e        0x2 
 .text.missing_float_func_shim
                0x0000000010003d80        0xc CMakeFiles/LoRaSenderNonBlocking.dir/home/leon/pico/pico-sdk/src/rp2_common/pico_float/float_init_rom.c.obj
 .text.__aeabi_float_init
                0x0000000010003d8c       0x5c CMakeFiles/LoRaSenderNonBlocking.dir/home/leon/pico/pico-sdk/src/rp2_common/pico_float/float_init_rom.c.obj
                0x0000000010003d8c                __aeabi_float_init
 .text.__wrap_malloc
                0x0000000010003de8       0x24 CMakeFiles/LoRaSenderNonBlocking.dir/home/leon/pico/pico-sdk/src/rp2_common/pico_malloc/pico_malloc.c.obj
                0x0000000010003de8                __wrap_malloc
 .text.__wrap_realloc
                0x0000000010003e0c       0x24 CMakeFiles/LoRaSenderNonBlocking.dir/home/leon/pico/pico-sdk/src/rp2_common/pico_malloc/pico_malloc.c.obj
                0x0000000010003e0c                __wrap_realloc
 .text.__wrap_free
                0x0000000010003e30        0x8 CMakeFiles/LoRaSenderNonBlocking.dir/home/leon/pico/pico-sdk/src/rp2_common/pico_malloc/pico_malloc.c.obj
                0x0000000010003e30                __wrap_free
 .text          0x0000000010003e38       0x10 CMakeFiles/LoRaSenderNonBlocking.dir/home/leon/pico/pico-sdk/src/rp2_common/pico_mem_ops/mem_ops_aeabi.S.obj
                0x0000000010003e38                __aeabi_mem_init
 .text.memset   0x0000000010003e48        0xc CMakeFiles/LoRaSenderNonBlocking.dir/home/leon/pico/pico-sdk/src/rp2_common/pico_mem_ops/mem_ops_aeabi.S.obj
                0x0000000010003e48                __wrap_memset
 .text.memcpy   0x0000000010003e54        0xc CMakeFiles/LoRaSenderNonBlocking.dir/home/leon/pico/pico-sdk/src/rp2_common/pico_mem_ops/mem_ops_aeabi.S.obj
                0x0000000010003e54                __wrap___aeabi_memcpy
                0x0000000010003e54                __wrap_memcpy
 .text.stdio_out_chars_no_crlf
                0x0000000010003e60       0x10 CMakeFiles/LoRaSenderNonBlocking.dir/home/leon/pico/pico-sdk/src/rp2_common/pico_stdio/stdio.c.obj
 .text.stdio_out_chars_crlf
                0x0000000010003e70       0xb4 CMakeFiles/LoRaSenderNonBlocking.dir/home/leon/pico/pico-sdk/src/rp2_common/pico_stdio/stdio.c.obj
 .text.stdio_buffered_printer
                0x0000000010003f24       0x64 CMakeFiles/LoRaSenderNonBlocking.dir/home/leon/pico/pico-sdk/src/rp2_common/pico_stdio/stdio.c.obj
 .text.stdio_put_string.isra.0
                0x0000000010003f88       0xfc CMakeFiles/LoRaSenderNonBlocking.dir/home/leon/pico/pico-sdk/src/rp2_common/pico_stdio/stdio.c.obj
 .text.__wrap_putchar
                0x0000000010004084       0xa0 CMakeFiles/LoRaSenderNonBlocking.dir/home/leon/pico/pico-sdk/src/rp2_common/pico_stdio/stdio.c.obj
                0x0000000010004084                __wrap_putchar
 .text.__wrap_puts
                0x0000000010004124       0x3c CMakeFiles/LoRaSenderNonBlocking.dir/home/leon/pico/pico-sdk/src/rp2_common/pico_stdio/stdio.c.obj
                0x0000000010004124                __wrap_puts
 .text._read    0x0000000010004160       0x94 CMakeFiles/LoRaSenderNonBlocking.dir/home/leon/pico/pico-sdk/src/rp2_common/pico_stdio/stdio.c.obj
                0x0000000010004160                _read
 .text._write   0x00000000100041f4       0xb0 CMakeFiles/LoRaSenderNonBlocking.dir/home/leon/pico/pico-sdk/src/rp2_common/pico_stdio/stdio.c.obj
                0x00000000100041f4                _write
 .text.stdio_set_driver_enabled
                0x00000000100042a4       0x30 CMakeFiles/LoRaSenderNonBlocking.dir/home/leon/pico/pico-sdk/src/rp2_common/pico_stdio/stdio.c.obj
                0x00000000100042a4                stdio_set_driver_enabled
 .text.__wrap_vprintf
                0x00000000100042d4       0xd8 CMakeFiles/LoRaSenderNonBlocking.dir/home/leon/pico/pico-sdk/src/rp2_common/pico_stdio/stdio.c.obj
                0x00000000100042d4                __wrap_vprintf
 .text.__wrap_printf
                0x00000000100043ac       0x18 CMakeFiles/LoRaSenderNonBlocking.dir/home/leon/pico/pico-sdk/src/rp2_common/pico_stdio/stdio.c.obj
                0x00000000100043ac                __wrap_printf
 .text.stdio_init_all
                0x00000000100043c4        0x8 CMakeFiles/LoRaSenderNonBlocking.dir/home/leon/pico/pico-sdk/src/rp2_common/pico_stdio/stdio.c.obj
                0x00000000100043c4                stdio_init_all
 .text.resetd_init
                0x00000000100043cc        0x4 CMakeFiles/LoRaSenderNonBlocking.dir/home/leon/pico/pico-sdk/src/rp2_common/pico_stdio_usb/reset_interface.c.obj
 .text.resetd_reset
                0x00000000100043d0        0xc CMakeFiles/LoRaSenderNonBlocking.dir/home/leon/pico/pico-sdk/src/rp2_common/pico_stdio_usb/reset_interface.c.obj
 .text.resetd_open
                0x00000000100043dc       0x28 CMakeFiles/LoRaSenderNonBlocking.dir/home/leon/pico/pico-sdk/src/rp2_common/pico_stdio_usb/reset_interface.c.obj
 .text.resetd_xfer_cb
                0x0000000010004404        0x4 CMakeFiles/LoRaSenderNonBlocking.dir/home/leon/pico/pico-sdk/src/rp2_common/pico_stdio_usb/reset_interface.c.obj
 .text.resetd_control_xfer_cb
                0x0000000010004408       0x64 CMakeFiles/LoRaSenderNonBlocking.dir/home/leon/pico/pico-sdk/src/rp2_common/pico_stdio_usb/reset_interface.c.obj
 .text.usbd_app_driver_get_cb
                0x000000001000446c        0xc CMakeFiles/LoRaSenderNonBlocking.dir/home/leon/pico/pico-sdk/src/rp2_common/pico_stdio_usb/reset_interface.c.obj
                0x000000001000446c                usbd_app_driver_get_cb
 .text.tud_cdc_line_coding_cb
                0x0000000010004478       0x34 CMakeFiles/LoRaSenderNonBlocking.dir/home/leon/pico/pico-sdk/src/rp2_common/pico_stdio_usb/reset_interface.c.obj
                0x0000000010004478                tud_cdc_line_coding_cb
 .text.stdio_usb_in_chars
                0x00000000100044ac       0x68 CMakeFiles/LoRaSenderNonBlocking.dir/home/leon/pico/pico-sdk/src/rp2_common/pico_stdio_usb/stdio_usb.c.obj
                0x00000000100044ac                stdio_usb_in_chars
 .text.stdio_usb_out_chars
                0x0000000010004514       0xe4 CMakeFiles/LoRaSenderNonBlocking.dir/home/leon/pico/pico-sdk/src/rp2_common/pico_stdio_usb/stdio_usb.c.obj
 .text.timer_task
                0x00000000100045f8       0x18 CMakeFiles/LoRaSenderNonBlocking.dir/home/leon/pico/pico-sdk/src/rp2_common/pico_stdio_usb/stdio_usb.c.obj
 .text.usb_irq  0x0000000010004610       0x10 CMakeFiles/LoRaSenderNonBlocking.dir/home/leon/pico/pico-sdk/src/rp2_common/pico_stdio_usb/stdio_usb.c.obj
 .text.low_priority_worker_irq
                0x0000000010004620       0x24 CMakeFiles/LoRaSenderNonBlocking.dir/home/leon/pico/pico-sdk/src/rp2_common/pico_stdio_usb/stdio_usb.c.obj
 .text.stdio_usb_init
                0x0000000010004644       0xb0 CMakeFiles/LoRaSenderNonBlocking.dir/home/leon/pico/pico-sdk/src/rp2_common/pico_stdio_usb/stdio_usb.c.obj
                0x0000000010004644                stdio_usb_init
 .text.tud_descriptor_device_cb
                0x00000000100046f4        0x8 CMakeFiles/LoRaSenderNonBlocking.dir/home/leon/pico/pico-sdk/src/rp2_common/pico_stdio_usb/stdio_usb_descriptors.c.obj
                0x00000000100046f4                tud_descriptor_device_cb
 .text.tud_descriptor_configuration_cb
                0x00000000100046fc        0x8 CMakeFiles/LoRaSenderNonBlocking.dir/home/leon/pico/pico-sdk/src/rp2_common/pico_stdio_usb/stdio_usb_descriptors.c.obj
                0x00000000100046fc                tud_descriptor_configuration_cb
 .text.tud_descriptor_string_cb
                0x0000000010004704       0x74 CMakeFiles/LoRaSenderNonBlocking.dir/home/leon/pico/pico-sdk/src/rp2_common/pico_stdio_usb/stdio_usb_descriptors.c.obj
                0x0000000010004704                tud_descriptor_string_cb
 .text.dcd_rp2040_irq
                0x0000000010004778      0x21c CMakeFiles/LoRaSenderNonBlocking.dir/home/leon/pico/pico-sdk/lib/tinyusb/src/portable/raspberrypi/rp2040/dcd_rp2040.c.obj
 .text.dcd_int_enable
                0x0000000010004994        0xc CMakeFiles/LoRaSenderNonBlocking.dir/home/leon/pico/pico-sdk/lib/tinyusb/src/portable/raspberrypi/rp2040/dcd_rp2040.c.obj
                0x0000000010004994                dcd_int_enable
 .text.dcd_set_address
                0x00000000100049a0       0x14 CMakeFiles/LoRaSenderNonBlocking.dir/home/leon/pico/pico-sdk/lib/tinyusb/src/portable/raspberrypi/rp2040/dcd_rp2040.c.obj
                0x00000000100049a0                dcd_set_address
 .text.dcd_connect
                0x00000000100049b4       0x10 CMakeFiles/LoRaSenderNonBlocking.dir/home/leon/pico/pico-sdk/lib/tinyusb/src/portable/raspberrypi/rp2040/dcd_rp2040.c.obj
                0x00000000100049b4                dcd_connect
 .text.dcd_init
                0x00000000100049c4      0x144 CMakeFiles/LoRaSenderNonBlocking.dir/home/leon/pico/pico-sdk/lib/tinyusb/src/portable/raspberrypi/rp2040/dcd_rp2040.c.obj
                0x00000000100049c4                dcd_init
 .text.dcd_edpt0_status_complete
                0x0000000010004b08       0x1c CMakeFiles/LoRaSenderNonBlocking.dir/home/leon/pico/pico-sdk/lib/tinyusb/src/portable/raspberrypi/rp2040/dcd_rp2040.c.obj
                0x0000000010004b08                dcd_edpt0_status_complete
 .text.dcd_edpt_open
                0x0000000010004b24       0xf0 CMakeFiles/LoRaSenderNonBlocking.dir/home/leon/pico/pico-sdk/lib/tinyusb/src/portable/raspberrypi/rp2040/dcd_rp2040.c.obj
                0x0000000010004b24                dcd_edpt_open
 .text.dcd_edpt_close_all
                0x0000000010004c14       0xbc CMakeFiles/LoRaSenderNonBlocking.dir/home/leon/pico/pico-sdk/lib/tinyusb/src/portable/raspberrypi/rp2040/dcd_rp2040.c.obj
                0x0000000010004c14                dcd_edpt_close_all
 .text.dcd_edpt_xfer
                0x0000000010004cd0       0x24 CMakeFiles/LoRaSenderNonBlocking.dir/home/leon/pico/pico-sdk/lib/tinyusb/src/portable/raspberrypi/rp2040/dcd_rp2040.c.obj
                0x0000000010004cd0                dcd_edpt_xfer
 .text.dcd_edpt_stall
                0x0000000010004cf4       0x38 CMakeFiles/LoRaSenderNonBlocking.dir/home/leon/pico/pico-sdk/lib/tinyusb/src/portable/raspberrypi/rp2040/dcd_rp2040.c.obj
                0x0000000010004cf4                dcd_edpt_stall
 .text.dcd_edpt_clear_stall
                0x0000000010004d2c       0x30 CMakeFiles/LoRaSenderNonBlocking.dir/home/leon/pico/pico-sdk/lib/tinyusb/src/portable/raspberrypi/rp2040/dcd_rp2040.c.obj
                0x0000000010004d2c                dcd_edpt_clear_stall
 .text._hw_endpoint_buffer_control_update32.part.0.isra.0
                0x0000000010004d5c       0x1c CMakeFiles/LoRaSenderNonBlocking.dir/home/leon/pico/pico-sdk/lib/tinyusb/src/portable/raspberrypi/rp2040/rp2040_usb.c.obj
 .text.rp2040_usb_init
                0x0000000010004d78       0x4c CMakeFiles/LoRaSenderNonBlocking.dir/home/leon/pico/pico-sdk/lib/tinyusb/src/portable/raspberrypi/rp2040/rp2040_usb.c.obj
                0x0000000010004d78                rp2040_usb_init
 .text.hw_endpoint_reset_transfer
                0x0000000010004dc4        0xc CMakeFiles/LoRaSenderNonBlocking.dir/home/leon/pico/pico-sdk/lib/tinyusb/src/portable/raspberrypi/rp2040/rp2040_usb.c.obj
                0x0000000010004dc4                hw_endpoint_reset_transfer
 .text._hw_endpoint_buffer_control_update32
                0x0000000010004dd0       0x44 CMakeFiles/LoRaSenderNonBlocking.dir/home/leon/pico/pico-sdk/lib/tinyusb/src/portable/raspberrypi/rp2040/rp2040_usb.c.obj
                0x0000000010004dd0                _hw_endpoint_buffer_control_update32
 .text.hw_endpoint_xfer_start
                0x0000000010004e14      0x138 CMakeFiles/LoRaSenderNonBlocking.dir/home/leon/pico/pico-sdk/lib/tinyusb/src/portable/raspberrypi/rp2040/rp2040_usb.c.obj
                0x0000000010004e14                hw_endpoint_xfer_start
 .text.hw_endpoint_xfer_continue
                0x0000000010004f4c      0x1e4 CMakeFiles/LoRaSenderNonBlocking.dir/home/leon/pico/pico-sdk/lib/tinyusb/src/portable/raspberrypi/rp2040/rp2040_usb.c.obj
                0x0000000010004f4c                hw_endpoint_xfer_continue
 .text.tud_mounted
                0x0000000010005130       0x10 CMakeFiles/LoRaSenderNonBlocking.dir/home/leon/pico/pico-sdk/lib/tinyusb/src/device/usbd.c.obj
                0x0000000010005130                tud_mounted
 .text.tud_suspended
                0x0000000010005140       0x10 CMakeFiles/LoRaSenderNonBlocking.dir/home/leon/pico/pico-sdk/lib/tinyusb/src/device/usbd.c.obj
                0x0000000010005140                tud_suspended
 .text.tud_inited
                0x0000000010005150        0xc CMakeFiles/LoRaSenderNonBlocking.dir/home/leon/pico/pico-sdk/lib/tinyusb/src/device/usbd.c.obj
                0x0000000010005150                tud_inited
 .text.tud_init
                0x000000001000515c       0xd8 CMakeFiles/LoRaSenderNonBlocking.dir/home/leon/pico/pico-sdk/lib/tinyusb/src/device/usbd.c.obj
                0x000000001000515c                tud_init
 .text.tud_task
                0x0000000010005234      0x8ec CMakeFiles/LoRaSenderNonBlocking.dir/home/leon/pico/pico-sdk/lib/tinyusb/src/device/usbd.c.obj
                0x0000000010005234                tud_task
 .text.dcd_event_bus_signal
                0x0000000010005b20      0x120 CMakeFiles/LoRaSenderNonBlocking.dir/home/leon/pico/pico-sdk/lib/tinyusb/src/device/usbd.c.obj
                0x0000000010005b20                dcd_event_bus_signal
 .text.dcd_event_bus_reset
                0x0000000010005c40       0x54 CMakeFiles/LoRaSenderNonBlocking.dir/home/leon/pico/pico-sdk/lib/tinyusb/src/device/usbd.c.obj
                0x0000000010005c40                dcd_event_bus_reset
 .text.dcd_event_setup_received
                0x0000000010005c94       0x50 CMakeFiles/LoRaSenderNonBlocking.dir/home/leon/pico/pico-sdk/lib/tinyusb/src/device/usbd.c.obj
                0x0000000010005c94                dcd_event_setup_received
 .text.dcd_event_xfer_complete
                0x0000000010005ce4       0x68 CMakeFiles/LoRaSenderNonBlocking.dir/home/leon/pico/pico-sdk/lib/tinyusb/src/device/usbd.c.obj
                0x0000000010005ce4                dcd_event_xfer_complete
 .text.usbd_open_edpt_pair
                0x0000000010005d4c       0x80 CMakeFiles/LoRaSenderNonBlocking.dir/home/leon/pico/pico-sdk/lib/tinyusb/src/device/usbd.c.obj
                0x0000000010005d4c                usbd_open_edpt_pair
 .text.usbd_edpt_open
                0x0000000010005dcc       0x30 CMakeFiles/LoRaSenderNonBlocking.dir/home/leon/pico/pico-sdk/lib/tinyusb/src/device/usbd.c.obj
                0x0000000010005dcc                usbd_edpt_open
 .text.usbd_edpt_claim
                0x0000000010005dfc       0x64 CMakeFiles/LoRaSenderNonBlocking.dir/home/leon/pico/pico-sdk/lib/tinyusb/src/device/usbd.c.obj
                0x0000000010005dfc                usbd_edpt_claim
 .text.usbd_edpt_release
                0x0000000010005e60       0x4c CMakeFiles/LoRaSenderNonBlocking.dir/home/leon/pico/pico-sdk/lib/tinyusb/src/device/usbd.c.obj
                0x0000000010005e60                usbd_edpt_release
 .text.usbd_edpt_xfer
                0x0000000010005eac       0x48 CMakeFiles/LoRaSenderNonBlocking.dir/home/leon/pico/pico-sdk/lib/tinyusb/src/device/usbd.c.obj
                0x0000000010005eac                usbd_edpt_xfer
 .text.tud_control_status
                0x0000000010005ef4       0x30 CMakeFiles/LoRaSenderNonBlocking.dir/home/leon/pico/pico-sdk/lib/tinyusb/src/device/usbd_control.c.obj
                0x0000000010005ef4                tud_control_status
 .text.tud_control_xfer
                0x0000000010005f24       0xbc CMakeFiles/LoRaSenderNonBlocking.dir/home/leon/pico/pico-sdk/lib/tinyusb/src/device/usbd_control.c.obj
                0x0000000010005f24                tud_control_xfer
 .text.usbd_control_reset
                0x0000000010005fe0       0x14 CMakeFiles/LoRaSenderNonBlocking.dir/home/leon/pico/pico-sdk/lib/tinyusb/src/device/usbd_control.c.obj
                0x0000000010005fe0                usbd_control_reset
 .text.usbd_control_set_complete_callback
                0x0000000010005ff4        0xc CMakeFiles/LoRaSenderNonBlocking.dir/home/leon/pico/pico-sdk/lib/tinyusb/src/device/usbd_control.c.obj
                0x0000000010005ff4                usbd_control_set_complete_callback
 .text.usbd_control_set_request
                0x0000000010006000       0x1c CMakeFiles/LoRaSenderNonBlocking.dir/home/leon/pico/pico-sdk/lib/tinyusb/src/device/usbd_control.c.obj
                0x0000000010006000                usbd_control_set_request
 .text.usbd_control_xfer_cb
                0x000000001000601c       0xfc CMakeFiles/LoRaSenderNonBlocking.dir/home/leon/pico/pico-sdk/lib/tinyusb/src/device/usbd_control.c.obj
                0x000000001000601c                usbd_control_xfer_cb
 .text.tud_cdc_n_connected
                0x0000000010006118       0x30 CMakeFiles/LoRaSenderNonBlocking.dir/home/leon/pico/pico-sdk/lib/tinyusb/src/class/cdc/cdc_device.c.obj
                0x0000000010006118                tud_cdc_n_connected
 .text.tud_cdc_n_available
                0x0000000010006148       0x18 CMakeFiles/LoRaSenderNonBlocking.dir/home/leon/pico/pico-sdk/lib/tinyusb/src/class/cdc/cdc_device.c.obj
                0x0000000010006148                tud_cdc_n_available
 .text.tud_cdc_n_read
                0x0000000010006160       0x70 CMakeFiles/LoRaSenderNonBlocking.dir/home/leon/pico/pico-sdk/lib/tinyusb/src/class/cdc/cdc_device.c.obj
                0x0000000010006160                tud_cdc_n_read
 .text.tud_cdc_n_write_flush
                0x00000000100061d0       0x78 CMakeFiles/LoRaSenderNonBlocking.dir/home/leon/pico/pico-sdk/lib/tinyusb/src/class/cdc/cdc_device.c.obj
                0x00000000100061d0                tud_cdc_n_write_flush
 .text.tud_cdc_n_write
                0x0000000010006248       0x34 CMakeFiles/LoRaSenderNonBlocking.dir/home/leon/pico/pico-sdk/lib/tinyusb/src/class/cdc/cdc_device.c.obj
                0x0000000010006248                tud_cdc_n_write
 .text.tud_cdc_n_write_available
                0x000000001000627c       0x18 CMakeFiles/LoRaSenderNonBlocking.dir/home/leon/pico/pico-sdk/lib/tinyusb/src/class/cdc/cdc_device.c.obj
                0x000000001000627c                tud_cdc_n_write_available
 .text.cdcd_init
                0x0000000010006294       0x7c CMakeFiles/LoRaSenderNonBlocking.dir/home/leon/pico/pico-sdk/lib/tinyusb/src/class/cdc/cdc_device.c.obj
                0x0000000010006294                cdcd_init
 .text.cdcd_reset
                0x0000000010006310       0x2c CMakeFiles/LoRaSenderNonBlocking.dir/home/leon/pico/pico-sdk/lib/tinyusb/src/class/cdc/cdc_device.c.obj
                0x0000000010006310                cdcd_reset
 .text.cdcd_open
                0x000000001000633c       0xe4 CMakeFiles/LoRaSenderNonBlocking.dir/home/leon/pico/pico-sdk/lib/tinyusb/src/class/cdc/cdc_device.c.obj
                0x000000001000633c                cdcd_open
 .text.cdcd_control_xfer_cb
                0x0000000010006420       0xe4 CMakeFiles/LoRaSenderNonBlocking.dir/home/leon/pico/pico-sdk/lib/tinyusb/src/class/cdc/cdc_device.c.obj
                0x0000000010006420                cdcd_control_xfer_cb
 .text.cdcd_xfer_cb
                0x0000000010006504      0x148 CMakeFiles/LoRaSenderNonBlocking.dir/home/leon/pico/pico-sdk/lib/tinyusb/src/class/cdc/cdc_device.c.obj
                0x0000000010006504                cdcd_xfer_cb
 .text.tusb_init
                0x000000001000664c        0xc CMakeFiles/LoRaSenderNonBlocking.dir/home/leon/pico/pico-sdk/lib/tinyusb/src/tusb.c.obj
                0x000000001000664c                tusb_init
 .text.tusb_inited
                0x0000000010006658        0x8 CMakeFiles/LoRaSenderNonBlocking.dir/home/leon/pico/pico-sdk/lib/tinyusb/src/tusb.c.obj
                0x0000000010006658                tusb_inited
 .text.tu_edpt_validate
                0x0000000010006660       0x78 CMakeFiles/LoRaSenderNonBlocking.dir/home/leon/pico/pico-sdk/lib/tinyusb/src/tusb.c.obj
                0x0000000010006660                tu_edpt_validate
 .text.tu_edpt_bind_driver
                0x00000000100066d8       0x2c CMakeFiles/LoRaSenderNonBlocking.dir/home/leon/pico/pico-sdk/lib/tinyusb/src/tusb.c.obj
                0x00000000100066d8                tu_edpt_bind_driver
 .text.tu_fifo_config
                0x0000000010006704       0x78 CMakeFiles/LoRaSenderNonBlocking.dir/home/leon/pico/pico-sdk/lib/tinyusb/src/common/tusb_fifo.c.obj
                0x0000000010006704                tu_fifo_config
 .text.tu_fifo_count
                0x000000001000677c       0x20 CMakeFiles/LoRaSenderNonBlocking.dir/home/leon/pico/pico-sdk/lib/tinyusb/src/common/tusb_fifo.c.obj
                0x000000001000677c                tu_fifo_count
 .text.tu_fifo_empty
                0x000000001000679c       0x10 CMakeFiles/LoRaSenderNonBlocking.dir/home/leon/pico/pico-sdk/lib/tinyusb/src/common/tusb_fifo.c.obj
                0x000000001000679c                tu_fifo_empty
 .text.tu_fifo_remaining
                0x00000000100067ac       0x1c CMakeFiles/LoRaSenderNonBlocking.dir/home/leon/pico/pico-sdk/lib/tinyusb/src/common/tusb_fifo.c.obj
                0x00000000100067ac                tu_fifo_remaining
 .text.tu_fifo_read
                0x00000000100067c8       0x9c CMakeFiles/LoRaSenderNonBlocking.dir/home/leon/pico/pico-sdk/lib/tinyusb/src/common/tusb_fifo.c.obj
                0x00000000100067c8                tu_fifo_read
 .text.tu_fifo_read_n
                0x0000000010006864      0x100 CMakeFiles/LoRaSenderNonBlocking.dir/home/leon/pico/pico-sdk/lib/tinyusb/src/common/tusb_fifo.c.obj
                0x0000000010006864                tu_fifo_read_n
 .text.tu_fifo_write
                0x0000000010006964       0x7c CMakeFiles/LoRaSenderNonBlocking.dir/home/leon/pico/pico-sdk/lib/tinyusb/src/common/tusb_fifo.c.obj
                0x0000000010006964                tu_fifo_write
 .text.tu_fifo_write_n
                0x00000000100069e0      0x100 CMakeFiles/LoRaSenderNonBlocking.dir/home/leon/pico/pico-sdk/lib/tinyusb/src/common/tusb_fifo.c.obj
                0x00000000100069e0                tu_fifo_write_n
 .text.tu_fifo_clear
                0x0000000010006ae0       0x4c CMakeFiles/LoRaSenderNonBlocking.dir/home/leon/pico/pico-sdk/lib/tinyusb/src/common/tusb_fifo.c.obj
                0x0000000010006ae0                tu_fifo_clear
 .text.tu_fifo_set_overwritable
                0x0000000010006b2c       0x3c CMakeFiles/LoRaSenderNonBlocking.dir/home/leon/pico/pico-sdk/lib/tinyusb/src/common/tusb_fifo.c.obj
                0x0000000010006b2c                tu_fifo_set_overwritable
 .text.startup._retrieve_unique_id_on_boot
                0x0000000010006b68       0x10 CMakeFiles/LoRaSenderNonBlocking.dir/home/leon/pico/pico-sdk/src/rp2_common/pico_unique_id/unique_id.c.obj
 .text.pico_get_unique_board_id_string
                0x0000000010006b78      0x1a8 CMakeFiles/LoRaSenderNonBlocking.dir/home/leon/pico/pico-sdk/src/rp2_common/pico_unique_id/unique_id.c.obj
                0x0000000010006b78                pico_get_unique_board_id_string
 .text.flash_get_unique_id
                0x0000000010006d20       0x40 CMakeFiles/LoRaSenderNonBlocking.dir/home/leon/pico/pico-sdk/src/rp2_common/hardware_flash/flash.c.obj
                0x0000000010006d20                flash_get_unique_id
 .text.spi_init
                0x0000000010006d60       0xf8 CMakeFiles/LoRaSenderNonBlocking.dir/home/leon/pico/pico-sdk/src/rp2_common/hardware_spi/spi.c.obj
                0x0000000010006d60                spi_init
 .text._ZN5Print17availableForWriteEv
                0x0000000010006e58        0x4 ../../src/libLoRa_pico_lib.a(LoRa-RP2040.cpp.obj)
                0x0000000010006e58                Print::availableForWrite()
 .text._ZN9LoRaClass5flushEv
                0x0000000010006e5c        0x4 ../../src/libLoRa_pico_lib.a(LoRa-RP2040.cpp.obj)
                0x0000000010006e5c                LoRaClass::flush()
 .text._ZN9LoRaClass9availableEv
                0x0000000010006e60       0x64 ../../src/libLoRa_pico_lib.a(LoRa-RP2040.cpp.obj)
                0x0000000010006e60                LoRaClass::available()
 .text._ZN9LoRaClass4readEv
                0x0000000010006ec4       0xbc ../../src/libLoRa_pico_lib.a(LoRa-RP2040.cpp.obj)
                0x0000000010006ec4                LoRaClass::read()
 .text._ZN9LoRaClass5writeEPKhj
                0x0000000010006f80      0x104 ../../src/libLoRa_pico_lib.a(LoRa-RP2040.cpp.obj)
                0x0000000010006f80                LoRaClass::write(unsigned char const*, unsigned int)
 .text._ZN9LoRaClass4peekEv
                0x0000000010007084      0x120 ../../src/libLoRa_pico_lib.a(LoRa-RP2040.cpp.obj)
                0x0000000010007084                LoRaClass::peek()
 .text._ZN9LoRaClass5writeEh
                0x00000000100071a4       0xf8 ../../src/libLoRa_pico_lib.a(LoRa-RP2040.cpp.obj)
                0x00000000100071a4                LoRaClass::write(unsigned char)
 .text._ZN9LoRaClass5beginEl
                0x000000001000729c      0x330 ../../src/libLoRa_pico_lib.a(LoRa-RP2040.cpp.obj)
                0x000000001000729c                LoRaClass::begin(long)
 .text._ZN9LoRaClass11beginPacketEi
                0x00000000100075cc      0x214 ../../src/libLoRa_pico_lib.a(LoRa-RP2040.cpp.obj)
                0x00000000100075cc                LoRaClass::beginPacket(int)
 .text._ZN9LoRaClass9endPacketEb
                0x00000000100077e0      0x16c ../../src/libLoRa_pico_lib.a(LoRa-RP2040.cpp.obj)
                0x00000000100077e0                LoRaClass::endPacket(bool)
 .text.startup._GLOBAL__sub_I__ZN9LoRaClassC2Ev
                0x000000001000794c       0x34 ../../src/libLoRa_pico_lib.a(LoRa-RP2040.cpp.obj)
 .text          0x0000000010007980      0xae4 ../../src/libLoRa_print.a(Print.cpp.obj)
                0x0000000010007980                Print::write(unsigned char const*, unsigned int)
                0x00000000100079a8                Print::print(std::__cxx11::basic_string<char, std::char_traits<char>, std::allocator<char> >)
                0x00000000100079ec                Print::print(char)
                0x00000000100079f8                Print::print(char const*)
                0x0000000010007a58                Print::println()
                0x0000000010007a94                Print::println(char const*)
                0x0000000010007b34                Print::println(char)
                0x0000000010007b80                Print::printNumber(unsigned long, unsigned char)
                0x0000000010007c1c                Print::print(long, int)
                0x0000000010007c60                Print::println(int, int)
                0x0000000010007cac                Print::println(long, int)
                0x0000000010007cf8                Print::print(unsigned long, int)
                0x0000000010007d10                Print::print(unsigned int, int)
                0x0000000010007d28                Print::print(unsigned char, int)
                0x0000000010007d40                Print::println(unsigned int, int)
                0x0000000010007da4                Print::println(unsigned long, int)
                0x0000000010007e08                Print::println(unsigned char, int)
                0x0000000010007e6c                Print::print(int, int)
                0x0000000010007eb0                Print::printULLNumber(unsigned long long, unsigned char)
                0x0000000010007ff4                Print::print(long long, int)
                0x0000000010008048                Print::print(unsigned long long, int)
                0x0000000010008068                Print::println(unsigned long long, int)
                0x00000000100080d4                Print::println(long long, int)
                0x0000000010008170                Print::printFloat(double, int)
                0x0000000010008400                Print::print(double, int)
                0x0000000010008410                Print::println(double, int)
 .text._ZNK10__cxxabiv117__class_type_info11__do_upcastEPKS0_PPv
                0x0000000010008464       0x34 /home/leon/pico/pico-sdk/toolchain/gcc-arm-none-eabi-10.3-2021.10/bin/../lib/gcc/arm-none-eabi/10.3.1/../../../../arm-none-eabi/lib/thumb/v6-m/nofp/libstdc++.a(class_type_info.o)
                0x0000000010008464                __cxxabiv1::__class_type_info::__do_upcast(__cxxabiv1::__class_type_info const*, void**) const
 .text._ZNK10__cxxabiv117__class_type_info20__do_find_public_srcEiPKvPKS0_S2_
                0x0000000010008498       0x14 /home/leon/pico/pico-sdk/toolchain/gcc-arm-none-eabi-10.3-2021.10/bin/../lib/gcc/arm-none-eabi/10.3.1/../../../../arm-none-eabi/lib/thumb/v6-m/nofp/libstdc++.a(class_type_info.o)
                0x0000000010008498                __cxxabiv1::__class_type_info::__do_find_public_src(int, void const*, __cxxabiv1::__class_type_info const*, void const*) const
 .text._ZN10__cxxabiv117__class_type_infoD2Ev
                0x00000000100084ac       0x18 /home/leon/pico/pico-sdk/toolchain/gcc-arm-none-eabi-10.3-2021.10/bin/../lib/gcc/arm-none-eabi/10.3.1/../../../../arm-none-eabi/lib/thumb/v6-m/nofp/libstdc++.a(class_type_info.o)
                0x00000000100084ac                __cxxabiv1::__class_type_info::~__class_type_info()
                0x00000000100084ac                __cxxabiv1::__class_type_info::~__class_type_info()
 .text._ZN10__cxxabiv117__class_type_infoD0Ev
                0x00000000100084c4       0x20 /home/leon/pico/pico-sdk/toolchain/gcc-arm-none-eabi-10.3-2021.10/bin/../lib/gcc/arm-none-eabi/10.3.1/../../../../arm-none-eabi/lib/thumb/v6-m/nofp/libstdc++.a(class_type_info.o)
                0x00000000100084c4                __cxxabiv1::__class_type_info::~__class_type_info()
 .text._ZNK10__cxxabiv117__class_type_info12__do_dyncastEiNS0_10__sub_kindEPKS0_PKvS3_S5_RNS0_16__dyncast_resultE
                0x00000000100084e4       0x40 /home/leon/pico/pico-sdk/toolchain/gcc-arm-none-eabi-10.3-2021.10/bin/../lib/gcc/arm-none-eabi/10.3.1/../../../../arm-none-eabi/lib/thumb/v6-m/nofp/libstdc++.a(class_type_info.o)
                0x00000000100084e4                __cxxabiv1::__class_type_info::__do_dyncast(int, __cxxabiv1::__class_type_info::__sub_kind, __cxxabiv1::__class_type_info const*, void const*, __cxxabiv1::__class_type_info const*, void const*, __cxxabiv1::__class_type_info::__dyncast_result&) const
 .text._ZNK10__cxxabiv117__class_type_info11__do_upcastEPKS0_PKvRNS0_15__upcast_resultE
                0x0000000010008524       0x1c /home/leon/pico/pico-sdk/toolchain/gcc-arm-none-eabi-10.3-2021.10/bin/../lib/gcc/arm-none-eabi/10.3.1/../../../../arm-none-eabi/lib/thumb/v6-m/nofp/libstdc++.a(class_type_info.o)
                0x0000000010008524                __cxxabiv1::__class_type_info::__do_upcast(__cxxabiv1::__class_type_info const*, void const*, __cxxabiv1::__class_type_info::__upcast_result&) const
 .text._ZNK10__cxxabiv117__class_type_info10__do_catchEPKSt9type_infoPPvj
                0x0000000010008540       0x24 /home/leon/pico/pico-sdk/toolchain/gcc-arm-none-eabi-10.3-2021.10/bin/../lib/gcc/arm-none-eabi/10.3.1/../../../../arm-none-eabi/lib/thumb/v6-m/nofp/libstdc++.a(class_type_info.o)
                0x0000000010008540                __cxxabiv1::__class_type_info::__do_catch(std::type_info const*, void**, unsigned int) const
 .text._ZdlPvj  0x0000000010008564        0x8 /home/leon/pico/pico-sdk/toolchain/gcc-arm-none-eabi-10.3-2021.10/bin/../lib/gcc/arm-none-eabi/10.3.1/../../../../arm-none-eabi/lib/thumb/v6-m/nofp/libstdc++.a(del_ops.o)
                0x0000000010008564                operator delete(void*, unsigned int)
 .text._ZN10__cxxabiv120__si_class_type_infoD2Ev
                0x000000001000856c       0x18 /home/leon/pico/pico-sdk/toolchain/gcc-arm-none-eabi-10.3-2021.10/bin/../lib/gcc/arm-none-eabi/10.3.1/../../../../arm-none-eabi/lib/thumb/v6-m/nofp/libstdc++.a(si_class_type_info.o)
                0x000000001000856c                __cxxabiv1::__si_class_type_info::~__si_class_type_info()
                0x000000001000856c                __cxxabiv1::__si_class_type_info::~__si_class_type_info()
 .text._ZN10__cxxabiv120__si_class_type_infoD0Ev
                0x0000000010008584       0x20 /home/leon/pico/pico-sdk/toolchain/gcc-arm-none-eabi-10.3-2021.10/bin/../lib/gcc/arm-none-eabi/10.3.1/../../../../arm-none-eabi/lib/thumb/v6-m/nofp/libstdc++.a(si_class_type_info.o)
                0x0000000010008584                __cxxabiv1::__si_class_type_info::~__si_class_type_info()
 .text._ZNK10__cxxabiv120__si_class_type_info20__do_find_public_srcEiPKvPKNS_17__class_type_infoES2_
                0x00000000100085a4       0x38 /home/leon/pico/pico-sdk/toolchain/gcc-arm-none-eabi-10.3-2021.10/bin/../lib/gcc/arm-none-eabi/10.3.1/../../../../arm-none-eabi/lib/thumb/v6-m/nofp/libstdc++.a(si_class_type_info.o)
                0x00000000100085a4                __cxxabiv1::__si_class_type_info::__do_find_public_src(int, void const*, __cxxabiv1::__class_type_info const*, void const*) const
 .text._ZNK10__cxxabiv120__si_class_type_info12__do_dyncastEiNS_17__class_type_info10__sub_kindEPKS1_PKvS4_S6_RNS1_16__dyncast_resultE
                0x00000000100085dc       0x9c /home/leon/pico/pico-sdk/toolchain/gcc-arm-none-eabi-10.3-2021.10/bin/../lib/gcc/arm-none-eabi/10.3.1/../../../../arm-none-eabi/lib/thumb/v6-m/nofp/libstdc++.a(si_class_type_info.o)
                0x00000000100085dc                __cxxabiv1::__si_class_type_info::__do_dyncast(int, __cxxabiv1::__class_type_info::__sub_kind, __cxxabiv1::__class_type_info const*, void const*, __cxxabiv1::__class_type_info const*, void const*, __cxxabiv1::__class_type_info::__dyncast_result&) const
 .text._ZNK10__cxxabiv120__si_class_type_info11__do_upcastEPKNS_17__class_type_infoEPKvRNS1_15__upcast_resultE
                0x0000000010008678       0x24 /home/leon/pico/pico-sdk/toolchain/gcc-arm-none-eabi-10.3-2021.10/bin/../lib/gcc/arm-none-eabi/10.3.1/../../../../arm-none-eabi/lib/thumb/v6-m/nofp/libstdc++.a(si_class_type_info.o)
                0x0000000010008678                __cxxabiv1::__si_class_type_info::__do_upcast(__cxxabiv1::__class_type_info const*, void const*, __cxxabiv1::__class_type_info::__upcast_result&) const
 .text._ZNSt9type_infoD2Ev
                0x000000001000869c        0x4 /home/leon/pico/pico-sdk/toolchain/gcc-arm-none-eabi-10.3-2021.10/bin/../lib/gcc/arm-none-eabi/10.3.1/../../../../arm-none-eabi/lib/thumb/v6-m/nofp/libstdc++.a(tinfo.o)
                0x000000001000869c                std::type_info::~type_info()
                0x000000001000869c                std::type_info::~type_info()
 .text._ZNKSt9type_info14__is_pointer_pEv
                0x00000000100086a0        0x4 /home/leon/pico/pico-sdk/toolchain/gcc-arm-none-eabi-10.3-2021.10/bin/../lib/gcc/arm-none-eabi/10.3.1/../../../../arm-none-eabi/lib/thumb/v6-m/nofp/libstdc++.a(tinfo.o)
                0x00000000100086a0                std::type_info::__is_function_p() const
                0x00000000100086a0                std::type_info::__is_pointer_p() const
 .text._ZNKSt9type_infoeqERKS_
                0x00000000100086a4       0x30 /home/leon/pico/pico-sdk/toolchain/gcc-arm-none-eabi-10.3-2021.10/bin/../lib/gcc/arm-none-eabi/10.3.1/../../../../arm-none-eabi/lib/thumb/v6-m/nofp/libstdc++.a(tinfo.o)
                0x00000000100086a4                std::type_info::operator==(std::type_info const&) const
 .text._ZdlPv   0x00000000100086d4        0x8 /home/leon/pico/pico-sdk/toolchain/gcc-arm-none-eabi-10.3-2021.10/bin/../lib/gcc/arm-none-eabi/10.3.1/../../../../arm-none-eabi/lib/thumb/v6-m/nofp/libstdc++.a(del_op.o)
                0x00000000100086d4                operator delete(void*)
 .text._ZN10__cxxabiv111__terminateEPFvvE
                0x00000000100086dc       0x28 /home/leon/pico/pico-sdk/toolchain/gcc-arm-none-eabi-10.3-2021.10/bin/../lib/gcc/arm-none-eabi/10.3.1/../../../../arm-none-eabi/lib/thumb/v6-m/nofp/libstdc++.a(eh_terminate.o)
                0x00000000100086dc                __cxxabiv1::__terminate(void (*)())
 .text._ZSt9terminatev
                0x0000000010008704       0x10 /home/leon/pico/pico-sdk/toolchain/gcc-arm-none-eabi-10.3-2021.10/bin/../lib/gcc/arm-none-eabi/10.3.1/../../../../arm-none-eabi/lib/thumb/v6-m/nofp/libstdc++.a(eh_terminate.o)
                0x0000000010008704                std::terminate()
 .text._ZN10__cxxabiv112__unexpectedEPFvvE
                0x0000000010008714        0x8 /home/leon/pico/pico-sdk/toolchain/gcc-arm-none-eabi-10.3-2021.10/bin/../lib/gcc/arm-none-eabi/10.3.1/../../../../arm-none-eabi/lib/thumb/v6-m/nofp/libstdc++.a(eh_terminate.o)
                0x0000000010008714                __cxxabiv1::__unexpected(void (*)())
 .text._ZSt10unexpectedv
                0x000000001000871c       0x10 /home/leon/pico/pico-sdk/toolchain/gcc-arm-none-eabi-10.3-2021.10/bin/../lib/gcc/arm-none-eabi/10.3.1/../../../../arm-none-eabi/lib/thumb/v6-m/nofp/libstdc++.a(eh_terminate.o)
                0x000000001000871c                std::unexpected()
 .text._ZSt13get_terminatev
                0x000000001000872c        0xc /home/leon/pico/pico-sdk/toolchain/gcc-arm-none-eabi-10.3-2021.10/bin/../lib/gcc/arm-none-eabi/10.3.1/../../../../arm-none-eabi/lib/thumb/v6-m/nofp/libstdc++.a(eh_terminate.o)
                0x000000001000872c                std::get_terminate()
 .text._ZSt14get_unexpectedv
                0x0000000010008738        0xc /home/leon/pico/pico-sdk/toolchain/gcc-arm-none-eabi-10.3-2021.10/bin/../lib/gcc/arm-none-eabi/10.3.1/../../../../arm-none-eabi/lib/thumb/v6-m/nofp/libstdc++.a(eh_terminate.o)
                0x0000000010008738                std::get_unexpected()
 .text._ZN9__gnu_cxx27__verbose_terminate_handlerEv
                0x0000000010008744      0x114 /home/leon/pico/pico-sdk/toolchain/gcc-arm-none-eabi-10.3-2021.10/bin/../lib/gcc/arm-none-eabi/10.3.1/../../../../arm-none-eabi/lib/thumb/v6-m/nofp/libstdc++.a(vterminate.o)
                0x0000000010008744                __gnu_cxx::__verbose_terminate_handler()
 .text          0x0000000010008858     0x67e4 /home/leon/pico/pico-sdk/toolchain/gcc-arm-none-eabi-10.3-2021.10/bin/../lib/gcc/arm-none-eabi/10.3.1/../../../../arm-none-eabi/lib/thumb/v6-m/nofp/libstdc++.a(cp-demangle.o)
                0x000000001000ef48                __cxa_demangle
                0x000000001000f01c                __gcclibcxx_demangle_callback
 .text.__cxa_end_cleanup
                0x000000001000f03c        0xc /home/leon/pico/pico-sdk/toolchain/gcc-arm-none-eabi-10.3-2021.10/bin/../lib/gcc/arm-none-eabi/10.3.1/../../../../arm-none-eabi/lib/thumb/v6-m/nofp/libstdc++.a(eh_arm.o)
                0x000000001000f03c                __cxa_end_cleanup
 .text.__cxa_type_match
                0x000000001000f048       0xc0 /home/leon/pico/pico-sdk/toolchain/gcc-arm-none-eabi-10.3-2021.10/bin/../lib/gcc/arm-none-eabi/10.3.1/../../../../arm-none-eabi/lib/thumb/v6-m/nofp/libstdc++.a(eh_arm.o)
                0x000000001000f048                __cxa_type_match
 .text.__cxa_begin_cleanup
                0x000000001000f108       0x60 /home/leon/pico/pico-sdk/toolchain/gcc-arm-none-eabi-10.3-2021.10/bin/../lib/gcc/arm-none-eabi/10.3.1/../../../../arm-none-eabi/lib/thumb/v6-m/nofp/libstdc++.a(eh_arm.o)
                0x000000001000f108                __cxa_begin_cleanup
 .text.__gnu_end_cleanup
                0x000000001000f168       0x70 /home/leon/pico/pico-sdk/toolchain/gcc-arm-none-eabi-10.3-2021.10/bin/../lib/gcc/arm-none-eabi/10.3.1/../../../../arm-none-eabi/lib/thumb/v6-m/nofp/libstdc++.a(eh_arm.o)
                0x000000001000f168                __gnu_end_cleanup
 .text._ZN10__cxxabiv1L24__is_gxx_exception_classEPc
                0x000000001000f1d8       0x3c /home/leon/pico/pico-sdk/toolchain/gcc-arm-none-eabi-10.3-2021.10/bin/../lib/gcc/arm-none-eabi/10.3.1/../../../../arm-none-eabi/lib/thumb/v6-m/nofp/libstdc++.a(eh_call.o)
 .text.__cxa_call_terminate
                0x000000001000f214       0x20 /home/leon/pico/pico-sdk/toolchain/gcc-arm-none-eabi-10.3-2021.10/bin/../lib/gcc/arm-none-eabi/10.3.1/../../../../arm-none-eabi/lib/thumb/v6-m/nofp/libstdc++.a(eh_call.o)
                0x000000001000f214                __cxa_call_terminate
 .text.unlikely.__cxa_call_unexpected
                0x000000001000f234      0x100 /home/leon/pico/pico-sdk/toolchain/gcc-arm-none-eabi-10.3-2021.10/bin/../lib/gcc/arm-none-eabi/10.3.1/../../../../arm-none-eabi/lib/thumb/v6-m/nofp/libstdc++.a(eh_call.o)
                0x000000001000f234                __cxa_call_unexpected
 .text.__cxa_begin_catch
                0x000000001000f334       0x74 /home/leon/pico/pico-sdk/toolchain/gcc-arm-none-eabi-10.3-2021.10/bin/../lib/gcc/arm-none-eabi/10.3.1/../../../../arm-none-eabi/lib/thumb/v6-m/nofp/libstdc++.a(eh_catch.o)
                0x000000001000f334                __cxa_begin_catch
 .text.__cxa_end_catch
                0x000000001000f3a8       0x90 /home/leon/pico/pico-sdk/toolchain/gcc-arm-none-eabi-10.3-2021.10/bin/../lib/gcc/arm-none-eabi/10.3.1/../../../../arm-none-eabi/lib/thumb/v6-m/nofp/libstdc++.a(eh_catch.o)
                0x000000001000f3a8                __cxa_end_catch
 .text._ZNSt13bad_exceptionD2Ev
                0x000000001000f438        0x4 /home/leon/pico/pico-sdk/toolchain/gcc-arm-none-eabi-10.3-2021.10/bin/../lib/gcc/arm-none-eabi/10.3.1/../../../../arm-none-eabi/lib/thumb/v6-m/nofp/libstdc++.a(eh_exception.o)
                0x000000001000f438                std::bad_exception::~bad_exception()
                0x000000001000f438                std::bad_exception::~bad_exception()
 .text._ZNKSt13bad_exception4whatEv
                0x000000001000f43c        0x8 /home/leon/pico/pico-sdk/toolchain/gcc-arm-none-eabi-10.3-2021.10/bin/../lib/gcc/arm-none-eabi/10.3.1/../../../../arm-none-eabi/lib/thumb/v6-m/nofp/libstdc++.a(eh_exception.o)
                0x000000001000f43c                transaction clone for std::bad_exception::what() const
                0x000000001000f43c                std::bad_exception::what() const
 .text._ZNSt13bad_exceptionD0Ev
                0x000000001000f444       0x10 /home/leon/pico/pico-sdk/toolchain/gcc-arm-none-eabi-10.3-2021.10/bin/../lib/gcc/arm-none-eabi/10.3.1/../../../../arm-none-eabi/lib/thumb/v6-m/nofp/libstdc++.a(eh_exception.o)
                0x000000001000f444                std::bad_exception::~bad_exception()
 .text.__cxa_get_globals_fast
                0x000000001000f454        0x8 /home/leon/pico/pico-sdk/toolchain/gcc-arm-none-eabi-10.3-2021.10/bin/../lib/gcc/arm-none-eabi/10.3.1/../../../../arm-none-eabi/lib/thumb/v6-m/nofp/libstdc++.a(eh_globals.o)
                0x000000001000f454                __cxa_get_globals_fast
 .text.__cxa_get_globals
                0x000000001000f45c        0x8 /home/leon/pico/pico-sdk/toolchain/gcc-arm-none-eabi-10.3-2021.10/bin/../lib/gcc/arm-none-eabi/10.3.1/../../../../arm-none-eabi/lib/thumb/v6-m/nofp/libstdc++.a(eh_globals.o)
                0x000000001000f45c                __cxa_get_globals
 .text._ZL28read_encoded_value_with_basehjPKhPj
                0x000000001000f464      0x114 /home/leon/pico/pico-sdk/toolchain/gcc-arm-none-eabi-10.3-2021.10/bin/../lib/gcc/arm-none-eabi/10.3.1/../../../../arm-none-eabi/lib/thumb/v6-m/nofp/libstdc++.a(eh_personality.o)
 .text._ZL21base_of_encoded_valuehP15_Unwind_Context
                0x000000001000f578       0x48 /home/leon/pico/pico-sdk/toolchain/gcc-arm-none-eabi-10.3-2021.10/bin/../lib/gcc/arm-none-eabi/10.3.1/../../../../arm-none-eabi/lib/thumb/v6-m/nofp/libstdc++.a(eh_personality.o)
 .text._ZL17parse_lsda_headerP15_Unwind_ContextPKhP16lsda_header_info
                0x000000001000f5c0       0x98 /home/leon/pico/pico-sdk/toolchain/gcc-arm-none-eabi-10.3-2021.10/bin/../lib/gcc/arm-none-eabi/10.3.1/../../../../arm-none-eabi/lib/thumb/v6-m/nofp/libstdc++.a(eh_personality.o)
 .text.__gxx_personality_v0
                0x000000001000f658      0x4c8 /home/leon/pico/pico-sdk/toolchain/gcc-arm-none-eabi-10.3-2021.10/bin/../lib/gcc/arm-none-eabi/10.3.1/../../../../arm-none-eabi/lib/thumb/v6-m/nofp/libstdc++.a(eh_personality.o)
                0x000000001000f658                __gxx_personality_v0
 .text._ZL23__gxx_exception_cleanup19_Unwind_Reason_CodeP21_Unwind_Control_Block
                0x000000001000fb20       0x34 /home/leon/pico/pico-sdk/toolchain/gcc-arm-none-eabi-10.3-2021.10/bin/../lib/gcc/arm-none-eabi/10.3.1/../../../../arm-none-eabi/lib/thumb/v6-m/nofp/libstdc++.a(eh_throw.o)
 .text.__cxa_init_primary_exception
                0x000000001000fb54       0x4c /home/leon/pico/pico-sdk/toolchain/gcc-arm-none-eabi-10.3-2021.10/bin/../lib/gcc/arm-none-eabi/10.3.1/../../../../arm-none-eabi/lib/thumb/v6-m/nofp/libstdc++.a(eh_throw.o)
                0x000000001000fb54                __cxa_init_primary_exception
 .text.__cxa_throw
                0x000000001000fba0       0x34 /home/leon/pico/pico-sdk/toolchain/gcc-arm-none-eabi-10.3-2021.10/bin/../lib/gcc/arm-none-eabi/10.3.1/../../../../arm-none-eabi/lib/thumb/v6-m/nofp/libstdc++.a(eh_throw.o)
                0x000000001000fba0                __cxa_throw
 .text.__cxa_rethrow
                0x000000001000fbd4       0x70 /home/leon/pico/pico-sdk/toolchain/gcc-arm-none-eabi-10.3-2021.10/bin/../lib/gcc/arm-none-eabi/10.3.1/../../../../arm-none-eabi/lib/thumb/v6-m/nofp/libstdc++.a(eh_throw.o)
                0x000000001000fbd4                __cxa_rethrow
 .text.__cxa_current_exception_type
                0x000000001000fc44       0x20 /home/leon/pico/pico-sdk/toolchain/gcc-arm-none-eabi-10.3-2021.10/bin/../lib/gcc/arm-none-eabi/10.3.1/../../../../arm-none-eabi/lib/thumb/v6-m/nofp/libstdc++.a(eh_type.o)
                0x000000001000fc44                __cxa_current_exception_type
 .text._ZN12_GLOBAL__N_14pool4freeEPv.constprop.0
                0x000000001000fc64       0x78 /home/leon/pico/pico-sdk/toolchain/gcc-arm-none-eabi-10.3-2021.10/bin/../lib/gcc/arm-none-eabi/10.3.1/../../../../arm-none-eabi/lib/thumb/v6-m/nofp/libstdc++.a(eh_alloc.o)
 .text._ZN12_GLOBAL__N_14pool8allocateEj.constprop.0
                0x000000001000fcdc       0x54 /home/leon/pico/pico-sdk/toolchain/gcc-arm-none-eabi-10.3-2021.10/bin/../lib/gcc/arm-none-eabi/10.3.1/../../../../arm-none-eabi/lib/thumb/v6-m/nofp/libstdc++.a(eh_alloc.o)
 .text.__cxa_allocate_exception
                0x000000001000fd30       0x2c /home/leon/pico/pico-sdk/toolchain/gcc-arm-none-eabi-10.3-2021.10/bin/../lib/gcc/arm-none-eabi/10.3.1/../../../../arm-none-eabi/lib/thumb/v6-m/nofp/libstdc++.a(eh_alloc.o)
                0x000000001000fd30                __cxa_allocate_exception
 .text.__cxa_free_exception
                0x000000001000fd5c       0x24 /home/leon/pico/pico-sdk/toolchain/gcc-arm-none-eabi-10.3-2021.10/bin/../lib/gcc/arm-none-eabi/10.3.1/../../../../arm-none-eabi/lib/thumb/v6-m/nofp/libstdc++.a(eh_alloc.o)
                0x000000001000fd5c                __cxa_free_exception
 .text.startup._GLOBAL__sub_I__ZN9__gnu_cxx9__freeresEv
                0x000000001000fd80       0x2c /home/leon/pico/pico-sdk/toolchain/gcc-arm-none-eabi-10.3-2021.10/bin/../lib/gcc/arm-none-eabi/10.3.1/../../../../arm-none-eabi/lib/thumb/v6-m/nofp/libstdc++.a(eh_alloc.o)
 .text.abort    0x000000001000fdac       0x10 /home/leon/pico/pico-sdk/toolchain/gcc-arm-none-eabi-10.3-2021.10/bin/../lib/gcc/arm-none-eabi/10.3.1/../../../../arm-none-eabi/lib/thumb/v6-m/nofp/libc.a(lib_a-abort.o)
                0x000000001000fdac                abort
 .text.fputc    0x000000001000fdbc       0x58 /home/leon/pico/pico-sdk/toolchain/gcc-arm-none-eabi-10.3-2021.10/bin/../lib/gcc/arm-none-eabi/10.3.1/../../../../arm-none-eabi/lib/thumb/v6-m/nofp/libc.a(lib_a-fputc.o)
                0x000000001000fdbc                fputc
 .text._fputs_r
                0x000000001000fe14       0x8c /home/leon/pico/pico-sdk/toolchain/gcc-arm-none-eabi-10.3-2021.10/bin/../lib/gcc/arm-none-eabi/10.3.1/../../../../arm-none-eabi/lib/thumb/v6-m/nofp/libc.a(lib_a-fputs.o)
                0x000000001000fe14                _fputs_r
 .text.fputs    0x000000001000fea0       0x18 /home/leon/pico/pico-sdk/toolchain/gcc-arm-none-eabi-10.3-2021.10/bin/../lib/gcc/arm-none-eabi/10.3.1/../../../../arm-none-eabi/lib/thumb/v6-m/nofp/libc.a(lib_a-fputs.o)
                0x000000001000fea0                fputs
 .text.__sfvwrite_r
                0x000000001000feb8      0x2f4 /home/leon/pico/pico-sdk/toolchain/gcc-arm-none-eabi-10.3-2021.10/bin/../lib/gcc/arm-none-eabi/10.3.1/../../../../arm-none-eabi/lib/thumb/v6-m/nofp/libc.a(lib_a-fvwrite.o)
                0x000000001000feb8                __sfvwrite_r
 .text._fwrite_r
                0x00000000100101ac       0xb0 /home/leon/pico/pico-sdk/toolchain/gcc-arm-none-eabi-10.3-2021.10/bin/../lib/gcc/arm-none-eabi/10.3.1/../../../../arm-none-eabi/lib/thumb/v6-m/nofp/libc.a(lib_a-fwrite.o)
                0x00000000100101ac                _fwrite_r
 .text.fwrite   0x000000001001025c       0x20 /home/leon/pico/pico-sdk/toolchain/gcc-arm-none-eabi-10.3-2021.10/bin/../lib/gcc/arm-none-eabi/10.3.1/../../../../arm-none-eabi/lib/thumb/v6-m/nofp/libc.a(lib_a-fwrite.o)
                0x000000001001025c                fwrite
 .text.__retarget_lock_init_recursive
                0x000000001001027c        0x4 /home/leon/pico/pico-sdk/toolchain/gcc-arm-none-eabi-10.3-2021.10/bin/../lib/gcc/arm-none-eabi/10.3.1/../../../../arm-none-eabi/lib/thumb/v6-m/nofp/libc.a(lib_a-lock.o)
                0x000000001001027c                __retarget_lock_init_recursive
 .text.__retarget_lock_close_recursive
                0x0000000010010280        0x4 /home/leon/pico/pico-sdk/toolchain/gcc-arm-none-eabi-10.3-2021.10/bin/../lib/gcc/arm-none-eabi/10.3.1/../../../../arm-none-eabi/lib/thumb/v6-m/nofp/libc.a(lib_a-lock.o)
                0x0000000010010280                __retarget_lock_close_recursive
 .text.__retarget_lock_acquire_recursive
                0x0000000010010284        0x4 /home/leon/pico/pico-sdk/toolchain/gcc-arm-none-eabi-10.3-2021.10/bin/../lib/gcc/arm-none-eabi/10.3.1/../../../../arm-none-eabi/lib/thumb/v6-m/nofp/libc.a(lib_a-lock.o)
                0x0000000010010284                __retarget_lock_acquire_recursive
 .text.__retarget_lock_release_recursive
                0x0000000010010288        0x4 /home/leon/pico/pico-sdk/toolchain/gcc-arm-none-eabi-10.3-2021.10/bin/../lib/gcc/arm-none-eabi/10.3.1/../../../../arm-none-eabi/lib/thumb/v6-m/nofp/libc.a(lib_a-lock.o)
                0x0000000010010288                __retarget_lock_release_recursive
 .text.malloc   0x000000001001028c       0x14 /home/leon/pico/pico-sdk/toolchain/gcc-arm-none-eabi-10.3-2021.10/bin/../lib/gcc/arm-none-eabi/10.3.1/../../../../arm-none-eabi/lib/thumb/v6-m/nofp/libc.a(lib_a-malloc.o)
                0x000000001001028c                malloc
 .text.free     0x00000000100102a0       0x14 /home/leon/pico/pico-sdk/toolchain/gcc-arm-none-eabi-10.3-2021.10/bin/../lib/gcc/arm-none-eabi/10.3.1/../../../../arm-none-eabi/lib/thumb/v6-m/nofp/libc.a(lib_a-malloc.o)
                0x00000000100102a0                free
 .text._malloc_r
                0x00000000100102b4      0x584 /home/leon/pico/pico-sdk/toolchain/gcc-arm-none-eabi-10.3-2021.10/bin/../lib/gcc/arm-none-eabi/10.3.1/../../../../arm-none-eabi/lib/thumb/v6-m/nofp/libc.a(lib_a-mallocr.o)
                0x00000000100102b4                _malloc_r
 .text.__malloc_lock
                0x0000000010010838       0x10 /home/leon/pico/pico-sdk/toolchain/gcc-arm-none-eabi-10.3-2021.10/bin/../lib/gcc/arm-none-eabi/10.3.1/../../../../arm-none-eabi/lib/thumb/v6-m/nofp/libc.a(lib_a-mlock.o)
                0x0000000010010838                __malloc_lock
 .text.__malloc_unlock
                0x0000000010010848       0x10 /home/leon/pico/pico-sdk/toolchain/gcc-arm-none-eabi-10.3-2021.10/bin/../lib/gcc/arm-none-eabi/10.3.1/../../../../arm-none-eabi/lib/thumb/v6-m/nofp/libc.a(lib_a-mlock.o)
                0x0000000010010848                __malloc_unlock
 .text._putc_r  0x0000000010010858       0x74 /home/leon/pico/pico-sdk/toolchain/gcc-arm-none-eabi-10.3-2021.10/bin/../lib/gcc/arm-none-eabi/10.3.1/../../../../arm-none-eabi/lib/thumb/v6-m/nofp/libc.a(lib_a-putc.o)
                0x0000000010010858                _putc_r
 .text.realloc  0x00000000100108cc       0x18 /home/leon/pico/pico-sdk/toolchain/gcc-arm-none-eabi-10.3-2021.10/bin/../lib/gcc/arm-none-eabi/10.3.1/../../../../arm-none-eabi/lib/thumb/v6-m/nofp/libc.a(lib_a-realloc.o)
                0x00000000100108cc                realloc
 .text._realloc_r
                0x00000000100108e4      0x354 /home/leon/pico/pico-sdk/toolchain/gcc-arm-none-eabi-10.3-2021.10/bin/../lib/gcc/arm-none-eabi/10.3.1/../../../../arm-none-eabi/lib/thumb/v6-m/nofp/libc.a(lib_a-reallocr.o)
                0x00000000100108e4                _realloc_r
 .text._sbrk_r  0x0000000010010c38       0x24 /home/leon/pico/pico-sdk/toolchain/gcc-arm-none-eabi-10.3-2021.10/bin/../lib/gcc/arm-none-eabi/10.3.1/../../../../arm-none-eabi/lib/thumb/v6-m/nofp/libc.a(lib_a-sbrkr.o)
                0x0000000010010c38                _sbrk_r
 .text.raise    0x0000000010010c5c       0x60 /home/leon/pico/pico-sdk/toolchain/gcc-arm-none-eabi-10.3-2021.10/bin/../lib/gcc/arm-none-eabi/10.3.1/../../../../arm-none-eabi/lib/thumb/v6-m/nofp/libc.a(lib_a-signal.o)
                0x0000000010010c5c                raise
 .text._kill_r  0x0000000010010cbc       0x28 /home/leon/pico/pico-sdk/toolchain/gcc-arm-none-eabi-10.3-2021.10/bin/../lib/gcc/arm-none-eabi/10.3.1/../../../../arm-none-eabi/lib/thumb/v6-m/nofp/libc.a(lib_a-signalr.o)
                0x0000000010010cbc                _kill_r
 .text._getpid_r
                0x0000000010010ce4        0x8 /home/leon/pico/pico-sdk/toolchain/gcc-arm-none-eabi-10.3-2021.10/bin/../lib/gcc/arm-none-eabi/10.3.1/../../../../arm-none-eabi/lib/thumb/v6-m/nofp/libc.a(lib_a-signalr.o)
                0x0000000010010ce4                _getpid_r
 .text          0x0000000010010cec       0x88 /home/leon/pico/pico-sdk/toolchain/gcc-arm-none-eabi-10.3-2021.10/bin/../lib/gcc/arm-none-eabi/10.3.1/../../../../arm-none-eabi/lib/thumb/v6-m/nofp/libc.a(lib_a-strcmp.o)
                0x0000000010010cec                strcmp
 .text.strlen   0x0000000010010d74       0x5c /home/leon/pico/pico-sdk/toolchain/gcc-arm-none-eabi-10.3-2021.10/bin/../lib/gcc/arm-none-eabi/10.3.1/../../../../arm-none-eabi/lib/thumb/v6-m/nofp/libc.a(lib_a-strlen-stub.o)
                0x0000000010010d74                strlen
 .text.strncmp  0x0000000010010dd0       0x74 /home/leon/pico/pico-sdk/toolchain/gcc-arm-none-eabi-10.3-2021.10/bin/../lib/gcc/arm-none-eabi/10.3.1/../../../../arm-none-eabi/lib/thumb/v6-m/nofp/libc.a(lib_a-strncmp.o)
                0x0000000010010dd0                strncmp
 .text.__swbuf_r
                0x0000000010010e44       0xc8 /home/leon/pico/pico-sdk/toolchain/gcc-arm-none-eabi-10.3-2021.10/bin/../lib/gcc/arm-none-eabi/10.3.1/../../../../arm-none-eabi/lib/thumb/v6-m/nofp/libc.a(lib_a-wbuf.o)
                0x0000000010010e44                __swbuf_r
 .text._write_r
                0x0000000010010f0c       0x28 /home/leon/pico/pico-sdk/toolchain/gcc-arm-none-eabi-10.3-2021.10/bin/../lib/gcc/arm-none-eabi/10.3.1/../../../../arm-none-eabi/lib/thumb/v6-m/nofp/libc.a(lib_a-writer.o)
                0x0000000010010f0c                _write_r
 .text.__swsetup_r
                0x0000000010010f34       0xdc /home/leon/pico/pico-sdk/toolchain/gcc-arm-none-eabi-10.3-2021.10/bin/../lib/gcc/arm-none-eabi/10.3.1/../../../../arm-none-eabi/lib/thumb/v6-m/nofp/libc.a(lib_a-wsetup.o)
                0x0000000010010f34                __swsetup_r
 .text.__sflush_r
                0x0000000010011010      0x140 /home/leon/pico/pico-sdk/toolchain/gcc-arm-none-eabi-10.3-2021.10/bin/../lib/gcc/arm-none-eabi/10.3.1/../../../../arm-none-eabi/lib/thumb/v6-m/nofp/libc.a(lib_a-fflush.o)
                0x0000000010011010                __sflush_r
 .text._fflush_r
                0x0000000010011150       0x6c /home/leon/pico/pico-sdk/toolchain/gcc-arm-none-eabi-10.3-2021.10/bin/../lib/gcc/arm-none-eabi/10.3.1/../../../../arm-none-eabi/lib/thumb/v6-m/nofp/libc.a(lib_a-fflush.o)
                0x0000000010011150                _fflush_r
 .text._cleanup_r
                0x00000000100111bc       0x10 /home/leon/pico/pico-sdk/toolchain/gcc-arm-none-eabi-10.3-2021.10/bin/../lib/gcc/arm-none-eabi/10.3.1/../../../../arm-none-eabi/lib/thumb/v6-m/nofp/libc.a(lib_a-findfp.o)
                0x00000000100111bc                _cleanup_r
 .text.__sinit  0x00000000100111cc      0x120 /home/leon/pico/pico-sdk/toolchain/gcc-arm-none-eabi-10.3-2021.10/bin/../lib/gcc/arm-none-eabi/10.3.1/../../../../arm-none-eabi/lib/thumb/v6-m/nofp/libc.a(lib_a-findfp.o)
                0x00000000100111cc                __sinit
 .text.__sfp_lock_acquire
                0x00000000100112ec       0x10 /home/leon/pico/pico-sdk/toolchain/gcc-arm-none-eabi-10.3-2021.10/bin/../lib/gcc/arm-none-eabi/10.3.1/../../../../arm-none-eabi/lib/thumb/v6-m/nofp/libc.a(lib_a-findfp.o)
                0x00000000100112ec                __sfp_lock_acquire
 .text.__sfp_lock_release
                0x00000000100112fc       0x10 /home/leon/pico/pico-sdk/toolchain/gcc-arm-none-eabi-10.3-2021.10/bin/../lib/gcc/arm-none-eabi/10.3.1/../../../../arm-none-eabi/lib/thumb/v6-m/nofp/libc.a(lib_a-findfp.o)
                0x00000000100112fc                __sfp_lock_release
 .text._malloc_trim_r
                0x000000001001130c       0x9c /home/leon/pico/pico-sdk/toolchain/gcc-arm-none-eabi-10.3-2021.10/bin/../lib/gcc/arm-none-eabi/10.3.1/../../../../arm-none-eabi/lib/thumb/v6-m/nofp/libc.a(lib_a-freer.o)
                0x000000001001130c                _malloc_trim_r
 .text._free_r  0x00000000100113a8      0x1c4 /home/leon/pico/pico-sdk/toolchain/gcc-arm-none-eabi-10.3-2021.10/bin/../lib/gcc/arm-none-eabi/10.3.1/../../../../arm-none-eabi/lib/thumb/v6-m/nofp/libc.a(lib_a-freer.o)
                0x00000000100113a8                _free_r
 .text._fwalk_reent
                0x000000001001156c       0x48 /home/leon/pico/pico-sdk/toolchain/gcc-arm-none-eabi-10.3-2021.10/bin/../lib/gcc/arm-none-eabi/10.3.1/../../../../arm-none-eabi/lib/thumb/v6-m/nofp/libc.a(lib_a-fwalk.o)
                0x000000001001156c                _fwalk_reent
 .text.__smakebuf_r
                0x00000000100115b4       0xe4 /home/leon/pico/pico-sdk/toolchain/gcc-arm-none-eabi-10.3-2021.10/bin/../lib/gcc/arm-none-eabi/10.3.1/../../../../arm-none-eabi/lib/thumb/v6-m/nofp/libc.a(lib_a-makebuf.o)
                0x00000000100115b4                __smakebuf_r
 .text.__sread  0x0000000010011698       0x28 /home/leon/pico/pico-sdk/toolchain/gcc-arm-none-eabi-10.3-2021.10/bin/../lib/gcc/arm-none-eabi/10.3.1/../../../../arm-none-eabi/lib/thumb/v6-m/nofp/libc.a(lib_a-stdio.o)
                0x0000000010011698                __sread
 .text.__swrite
                0x00000000100116c0       0x40 /home/leon/pico/pico-sdk/toolchain/gcc-arm-none-eabi-10.3-2021.10/bin/../lib/gcc/arm-none-eabi/10.3.1/../../../../arm-none-eabi/lib/thumb/v6-m/nofp/libc.a(lib_a-stdio.o)
                0x00000000100116c0                __swrite
 .text.__sseek  0x0000000010011700       0x2c /home/leon/pico/pico-sdk/toolchain/gcc-arm-none-eabi-10.3-2021.10/bin/../lib/gcc/arm-none-eabi/10.3.1/../../../../arm-none-eabi/lib/thumb/v6-m/nofp/libc.a(lib_a-stdio.o)
                0x0000000010011700                __sseek
 .text.__sclose
                0x000000001001172c        0xc /home/leon/pico/pico-sdk/toolchain/gcc-arm-none-eabi-10.3-2021.10/bin/../lib/gcc/arm-none-eabi/10.3.1/../../../../arm-none-eabi/lib/thumb/v6-m/nofp/libc.a(lib_a-stdio.o)
                0x000000001001172c                __sclose
 .text._close_r
                0x0000000010011738       0x24 /home/leon/pico/pico-sdk/toolchain/gcc-arm-none-eabi-10.3-2021.10/bin/../lib/gcc/arm-none-eabi/10.3.1/../../../../arm-none-eabi/lib/thumb/v6-m/nofp/libc.a(lib_a-closer.o)
                0x0000000010011738                _close_r
 .text._fclose_r
                0x000000001001175c       0xdc /home/leon/pico/pico-sdk/toolchain/gcc-arm-none-eabi-10.3-2021.10/bin/../lib/gcc/arm-none-eabi/10.3.1/../../../../arm-none-eabi/lib/thumb/v6-m/nofp/libc.a(lib_a-fclose.o)
                0x000000001001175c                _fclose_r
 .text._fstat_r
                0x0000000010011838       0x28 /home/leon/pico/pico-sdk/toolchain/gcc-arm-none-eabi-10.3-2021.10/bin/../lib/gcc/arm-none-eabi/10.3.1/../../../../arm-none-eabi/lib/thumb/v6-m/nofp/libc.a(lib_a-fstatr.o)
                0x0000000010011838                _fstat_r
 .text._isatty_r
                0x0000000010011860       0x24 /home/leon/pico/pico-sdk/toolchain/gcc-arm-none-eabi-10.3-2021.10/bin/../lib/gcc/arm-none-eabi/10.3.1/../../../../arm-none-eabi/lib/thumb/v6-m/nofp/libc.a(lib_a-isattyr.o)
                0x0000000010011860                _isatty_r
 .text._lseek_r
                0x0000000010011884       0x28 /home/leon/pico/pico-sdk/toolchain/gcc-arm-none-eabi-10.3-2021.10/bin/../lib/gcc/arm-none-eabi/10.3.1/../../../../arm-none-eabi/lib/thumb/v6-m/nofp/libc.a(lib_a-lseekr.o)
                0x0000000010011884                _lseek_r
 .text._read_r  0x00000000100118ac       0x28 /home/leon/pico/pico-sdk/toolchain/gcc-arm-none-eabi-10.3-2021.10/bin/../lib/gcc/arm-none-eabi/10.3.1/../../../../arm-none-eabi/lib/thumb/v6-m/nofp/libc.a(lib_a-readr.o)
                0x00000000100118ac                _read_r
 .text._close   0x00000000100118d4       0x10 /home/leon/pico/pico-sdk/toolchain/gcc-arm-none-eabi-10.3-2021.10/bin/../lib/gcc/arm-none-eabi/10.3.1/../../../../arm-none-eabi/lib/thumb/v6-m/nofp/libnosys.a(close.o)
                0x00000000100118d4                _close
 .text._fstat   0x00000000100118e4       0x10 /home/leon/pico/pico-sdk/toolchain/gcc-arm-none-eabi-10.3-2021.10/bin/../lib/gcc/arm-none-eabi/10.3.1/../../../../arm-none-eabi/lib/thumb/v6-m/nofp/libnosys.a(fstat.o)
                0x00000000100118e4                _fstat
 .text._getpid  0x00000000100118f4       0x10 /home/leon/pico/pico-sdk/toolchain/gcc-arm-none-eabi-10.3-2021.10/bin/../lib/gcc/arm-none-eabi/10.3.1/../../../../arm-none-eabi/lib/thumb/v6-m/nofp/libnosys.a(getpid.o)
                0x00000000100118f4                _getpid
 .text._isatty  0x0000000010011904       0x10 /home/leon/pico/pico-sdk/toolchain/gcc-arm-none-eabi-10.3-2021.10/bin/../lib/gcc/arm-none-eabi/10.3.1/../../../../arm-none-eabi/lib/thumb/v6-m/nofp/libnosys.a(isatty.o)
                0x0000000010011904                _isatty
 .text._kill    0x0000000010011914       0x10 /home/leon/pico/pico-sdk/toolchain/gcc-arm-none-eabi-10.3-2021.10/bin/../lib/gcc/arm-none-eabi/10.3.1/../../../../arm-none-eabi/lib/thumb/v6-m/nofp/libnosys.a(kill.o)
                0x0000000010011914                _kill
 .text._lseek   0x0000000010011924       0x10 /home/leon/pico/pico-sdk/toolchain/gcc-arm-none-eabi-10.3-2021.10/bin/../lib/gcc/arm-none-eabi/10.3.1/../../../../arm-none-eabi/lib/thumb/v6-m/nofp/libnosys.a(lseek.o)
                0x0000000010011924                _lseek
 *(.fini)
 .fini          0x0000000010011934        0x4 /home/leon/pico/pico-sdk/toolchain/gcc-arm-none-eabi-10.3-2021.10/bin/../lib/gcc/arm-none-eabi/10.3.1/thumb/v6-m/nofp/crti.o
                0x0000000010011934                _fini
 .fini.__stub   0x0000000010011938      0x180 linker stubs
 *crtbegin.o(.ctors)
 *crtbegin?.o(.ctors)
 *(EXCLUDE_FILE(*crtend.o *crtend?.o) .ctors)
 *(SORT_BY_NAME(.ctors.*))
 *(.ctors)
 *crtbegin.o(.dtors)
 *crtbegin?.o(.dtors)
 *(EXCLUDE_FILE(*crtend.o *crtend?.o) .dtors)
 *(SORT_BY_NAME(.dtors.*))
 *(.dtors)
 *(.eh_frame*)
 .eh_frame      0x0000000010011ab8        0x0 /home/leon/pico/pico-sdk/toolchain/gcc-arm-none-eabi-10.3-2021.10/bin/../lib/gcc/arm-none-eabi/10.3.1/thumb/v6-m/nofp/crtbegin.o
                0x0000000010011ab8                . = ALIGN (0x4)

.glue_7         0x0000000010011ab8        0x0
 .glue_7        0x0000000010011ab8        0x0 linker stubs

.glue_7t        0x0000000010011ab8        0x0
 .glue_7t       0x0000000010011ab8        0x0 linker stubs

.vfp11_veneer   0x0000000010011ab8        0x0
 .vfp11_veneer  0x0000000010011ab8        0x0 linker stubs

.v4_bx          0x0000000010011ab8        0x0
 .v4_bx         0x0000000010011ab8        0x0 linker stubs

.iplt           0x0000000010011ab8        0x0
 .iplt          0x0000000010011ab8        0x0 /home/leon/pico/pico-sdk/toolchain/gcc-arm-none-eabi-10.3-2021.10/bin/../lib/gcc/arm-none-eabi/10.3.1/thumb/v6-m/nofp/crtbegin.o

.rodata         0x0000000010011ab8     0x2244
 *(EXCLUDE_FILE(*libm.a: *libc.a:*lib_a-mem*.o *libgcc.a:) .rodata*)
 .rodata.main.str1.4
                0x0000000010011ab8       0x77 CMakeFiles/LoRaSenderNonBlocking.dir/LoRaSenderNonBlocking.cpp.obj
 *fill*         0x0000000010011b2f        0x1 
 .rodata.spin_lock_claim_unused.str1.4
                0x0000000010011b30       0x1b CMakeFiles/LoRaSenderNonBlocking.dir/home/leon/pico/pico-sdk/src/rp2_common/hardware_sync/sync.c.obj
 *fill*         0x0000000010011b4b        0x1 
 .rodata.user_irq_claim_unused.str1.4
                0x0000000010011b4c       0x1b CMakeFiles/LoRaSenderNonBlocking.dir/home/leon/pico/pico-sdk/src/rp2_common/hardware_irq/irq.c.obj
 *fill*         0x0000000010011b67        0x1 
 .rodata.at_the_end_of_time
                0x0000000010011b68        0x8 CMakeFiles/LoRaSenderNonBlocking.dir/home/leon/pico/pico-sdk/src/common/pico_time/time.c.obj
                0x0000000010011b68                at_the_end_of_time
 .rodata.hardware_alarm_claim.str1.4
                0x0000000010011b70       0x22 CMakeFiles/LoRaSenderNonBlocking.dir/home/leon/pico/pico-sdk/src/rp2_common/hardware_timer/timer.c.obj
 *fill*         0x0000000010011b92        0x2 
 .rodata.panic.str1.4
                0x0000000010011b94       0x10 CMakeFiles/LoRaSenderNonBlocking.dir/home/leon/pico/pico-sdk/src/rp2_common/pico_runtime/runtime.c.obj
                                         0x12 (size before relaxing)
 .rodata.hard_assertion_failure.str1.4
                0x0000000010011ba4        0xc CMakeFiles/LoRaSenderNonBlocking.dir/home/leon/pico/pico-sdk/src/rp2_common/pico_runtime/runtime.c.obj