Archive member included to satisfy reference by file (symbol)

../../src/libLoRa_pico_lib.a(LoRa-RP2040.cpp.obj)
                              CMakeFiles/LoRaSender.dir/LoRaSender.cpp.obj (LoRaClass::begin(long))
../../src/libLoRa_print.a(Print.cpp.obj)
                              CMakeFiles/LoRaSender.dir/LoRaSender.cpp.obj (Print::print(char const*))
/home/leon/pico/pico-sdk/toolchain/gcc-arm-none-eabi-10.3-2021.10/bin/../lib/gcc/arm-none-eabi/10.3.1/../../../../arm-none-eabi/lib/thumb/v6-m/nofp/libstdc++.a(class_type_info.o)
                              ../../src/libLoRa_print.a(Print.cpp.obj) (vtable for __cxxabiv1::__class_type_info)
/home/leon/pico/pico-sdk/toolchain/gcc-arm-none-eabi-10.3-2021.10/bin/../lib/gcc/arm-none-eabi/10.3.1/../../../../arm-none-eabi/lib/thumb/v6-m/nofp/libstdc++.a(del_ops.o)
                              /home/leon/pico/pico-sdk/toolchain/gcc-arm-none-eabi-10.3-2021.10/bin/../lib/gcc/arm-none-eabi/10.3.1/../../../../arm-none-eabi/lib/thumb/v6-m/nofp/libstdc++.a(class_type_info.o) (operator delete(void*, unsigned int))
/home/leon/pico/pico-sdk/toolchain/gcc-arm-none-eabi-10.3-2021.10/bin/../lib/gcc/arm-none-eabi/10.3.1/../../../../arm-none-eabi/lib/thumb/v6-m/nofp/libstdc++.a(pure.o)
                              ../../src/libLoRa_print.a(Print.cpp.obj) (__cxa_pure_virtual)
/home/leon/pico/pico-sdk/toolchain/gcc-arm-none-eabi-10.3-2021.10/bin/../lib/gcc/arm-none-eabi/10.3.1/../../../../arm-none-eabi/lib/thumb/v6-m/nofp/libstdc++.a(si_class_type_info.o)
                              /home/leon/pico/pico-sdk/toolchain/gcc-arm-none-eabi-10.3-2021.10/bin/../lib/gcc/arm-none-eabi/10.3.1/../../../../arm-none-eabi/lib/thumb/v6-m/nofp/libstdc++.a(class_type_info.o) (vtable for __cxxabiv1::__si_class_type_info)
/home/leon/pico/pico-sdk/toolchain/gcc-arm-none-eabi-10.3-2021.10/bin/../lib/gcc/arm-none-eabi/10.3.1/../../../../arm-none-eabi/lib/thumb/v6-m/nofp/libstdc++.a(tinfo.o)
                              /home/leon/pico/pico-sdk/toolchain/gcc-arm-none-eabi-10.3-2021.10/bin/../lib/gcc/arm-none-eabi/10.3.1/../../../../arm-none-eabi/lib/thumb/v6-m/nofp/libstdc++.a(class_type_info.o) (std::type_info::~type_info())
/home/leon/pico/pico-sdk/toolchain/gcc-arm-none-eabi-10.3-2021.10/bin/../lib/gcc/arm-none-eabi/10.3.1/../../../../arm-none-eabi/lib/thumb/v6-m/nofp/libstdc++.a(del_op.o)
                              /home/leon/pico/pico-sdk/toolchain/gcc-arm-none-eabi-10.3-2021.10/bin/../lib/gcc/arm-none-eabi/10.3.1/../../../../arm-none-eabi/lib/thumb/v6-m/nofp/libstdc++.a(del_ops.o) (operator delete(void*))
/home/leon/pico/pico-sdk/toolchain/gcc-arm-none-eabi-10.3-2021.10/bin/../lib/gcc/arm-none-eabi/10.3.1/../../../../arm-none-eabi/lib/thumb/v6-m/nofp/libstdc++.a(eh_terminate.o)
                              /home/leon/pico/pico-sdk/toolchain/gcc-arm-none-eabi-10.3-2021.10/bin/../lib/gcc/arm-none-eabi/10.3.1/../../../../arm-none-eabi/lib/thumb/v6-m/nofp/libstdc++.a(pure.o) (std::terminate())
/home/leon/pico/pico-sdk/toolchain/gcc-arm-none-eabi-10.3-2021.10/bin/../lib/gcc/arm-none-eabi/10.3.1/../../../../arm-none-eabi/lib/thumb/v6-m/nofp/libstdc++.a(eh_unex_handler.o)
                              /home/leon/pico/pico-sdk/toolchain/gcc-arm-none-eabi-10.3-2021.10/bin/../lib/gcc/arm-none-eabi/10.3.1/../../../../arm-none-eabi/lib/thumb/v6-m/nofp/libstdc++.a(eh_terminate.o) (__cxxabiv1::__unexpected_handler)
/home/leon/pico/pico-sdk/toolchain/gcc-arm-none-eabi-10.3-2021.10/bin/../lib/gcc/arm-none-eabi/10.3.1/../../../../arm-none-eabi/lib/thumb/v6-m/nofp/libstdc++.a(vterminate.o)
                              /home/leon/pico/pico-sdk/toolchain/gcc-arm-none-eabi-10.3-2021.10/bin/../lib/gcc/arm-none-eabi/10.3.1/../../../../arm-none-eabi/lib/thumb/v6-m/nofp/libstdc++.a(eh_terminate.o) (__gnu_cxx::__verbose_terminate_handler())
/home/leon/pico/pico-sdk/toolchain/gcc-arm-none-eabi-10.3-2021.10/bin/../lib/gcc/arm-none-eabi/10.3.1/../../../../arm-none-eabi/lib/thumb/v6-m/nofp/libstdc++.a(cp-demangle.o)
                              /home/leon/pico/pico-sdk/toolchain/gcc-arm-none-eabi-10.3-2021.10/bin/../lib/gcc/arm-none-eabi/10.3.1/../../../../arm-none-eabi/lib/thumb/v6-m/nofp/libstdc++.a(vterminate.o) (__cxa_demangle)
/home/leon/pico/pico-sdk/toolchain/gcc-arm-none-eabi-10.3-2021.10/bin/../lib/gcc/arm-none-eabi/10.3.1/../../../../arm-none-eabi/lib/thumb/v6-m/nofp/libstdc++.a(eh_arm.o)
                              /home/leon/pico/pico-sdk/toolchain/gcc-arm-none-eabi-10.3-2021.10/bin/../lib/gcc/arm-none-eabi/10.3.1/../../../../arm-none-eabi/lib/thumb/v6-m/nofp/libstdc++.a(eh_terminate.o) (__cxa_end_cleanup)
/home/leon/pico/pico-sdk/toolchain/gcc-arm-none-eabi-10.3-2021.10/bin/../lib/gcc/arm-none-eabi/10.3.1/../../../../arm-none-eabi/lib/thumb/v6-m/nofp/libstdc++.a(eh_call.o)
                              /home/leon/pico/pico-sdk/toolchain/gcc-arm-none-eabi-10.3-2021.10/bin/../lib/gcc/arm-none-eabi/10.3.1/../../../../arm-none-eabi/lib/thumb/v6-m/nofp/libstdc++.a(eh_terminate.o) (__cxa_call_unexpected)
[...]
Memory Configuration

Name             Origin             Length             Attributes
FLASH            0x0000000010000000 0x0000000000200000 xr
RAM              0x0000000020000000 0x0000000000040000 xrw
SCRATCH_X        0x0000000020040000 0x0000000000001000 xrw
SCRATCH_Y        0x0000000020041000 0x0000000000001000 xrw
*default*        0x0000000000000000 0xffffffffffffffff

Linker script and memory map

LOAD /home/leon/pico/pico-sdk/toolchain/gcc-arm-none-eabi-10.3-2021.10/bin/../lib/gcc/arm-none-eabi/10.3.1/thumb/v6-m/nofp/crti.o
LOAD /home/leon/pico/pico-sdk/toolchain/gcc-arm-none-eabi-10.3-2021.10/bin/../lib/gcc/arm-none-eabi/10.3.1/thumb/v6-m/nofp/crtbegin.o
LOAD /home/leon/pico/pico-sdk/toolchain/gcc-arm-none-eabi-10.3-2021.10/bin/../lib/gcc/arm-none-eabi/10.3.1/../../../../arm-none-eabi/lib/thumb/v6-m/nofp/crt0.o

.flash_begin    0x0000000010000000        0x0
                0x0000000010000000                __flash_binary_start = .

.boot2          0x0000000010000000      0x100
                0x0000000010000000                __boot2_start__ = .
 *(.boot2)
 .boot2         0x0000000010000000      0x100 /tmp/ccTRIekJ.o
                0x0000000010000100                __boot2_end__ = .
                0x0000000000000001                ASSERT (((__boot2_end__ - __boot2_start__) == 0x100), ERROR: Pico second stage bootloader must be 256 bytes in size)

.text           0x0000000010000100    0x11998
                0x0000000010000100                __logical_binary_start = .
 *(.vectors)
 .vectors       0x0000000010000100       0xd4 CMakeFiles/LoRaSender.dir/home/leon/pico/pico-sdk/src/rp2_common/pico_standard_link/crt0.S.obj
                0x0000000010000100                __vectors
                0x0000000010000100                __VECTOR_TABLE
                0x00000000100001c0                isr_invalid
                0x00000000100001c0                __default_isrs_start
                0x00000000100001c2                isr_nmi
                0x00000000100001c4                isr_hardfault
                0x00000000100001c6                isr_svcall
                0x00000000100001c8                isr_pendsv
                0x00000000100001ca                isr_systick
                0x00000000100001cc                isr_irq30
                0x00000000100001cc                __unhandled_user_irq
                0x00000000100001cc                isr_irq13
                0x00000000100001cc                isr_irq27
                0x00000000100001cc                isr_irq31
                0x00000000100001cc                isr_irq5
                0x00000000100001cc                isr_irq11
                0x00000000100001cc                isr_irq23
                0x00000000100001cc                isr_irq18
                0x00000000100001cc                isr_irq28
                0x00000000100001cc                isr_irq19
                0x00000000100001cc                isr_irq0
                0x00000000100001cc                isr_irq6
                0x00000000100001cc                isr_irq22
                0x00000000100001cc                isr_irq17
                0x00000000100001cc                isr_irq14
                0x00000000100001cc                isr_irq2
                0x00000000100001cc                isr_irq10
                0x00000000100001cc                isr_irq8
                0x00000000100001cc                isr_irq24
                0x00000000100001cc                isr_irq1
                0x00000000100001cc                isr_irq7
                0x00000000100001cc                isr_irq21
                0x00000000100001cc                isr_irq20
                0x00000000100001cc                isr_irq15
                0x00000000100001cc                isr_irq25
                0x00000000100001cc                isr_irq4
                0x00000000100001cc                isr_irq16
                0x00000000100001cc                isr_irq29
                0x00000000100001cc                isr_irq26
                0x00000000100001cc                __default_isrs_end
                0x00000000100001cc                isr_irq3
                0x00000000100001cc                isr_irq12
                0x00000000100001cc                isr_irq9
                0x00000000100001d2                unhandled_user_irq_num_in_r0
 *(.binary_info_header)
 .binary_info_header
                0x00000000100001d4       0x14 CMakeFiles/LoRaSender.dir/home/leon/pico/pico-sdk/src/rp2_common/pico_standard_link/crt0.S.obj
                0x00000000100001e8                __binary_info_header_end = .
 *(.reset)
 .reset         0x00000000100001e8       0xa8 CMakeFiles/LoRaSender.dir/home/leon/pico/pico-sdk/src/rp2_common/pico_standard_link/crt0.S.obj
                0x00000000100001e8                _entry_point
                0x0000000010000266                __get_current_exception
 .reset         0x0000000010000290       0x30 CMakeFiles/LoRaSender.dir/home/leon/pico/pico-sdk/src/rp2_common/pico_standard_link/binary_info.c.obj
 *(.init)
 .init          0x00000000100002c0        0x4 /home/leon/pico/pico-sdk/toolchain/gcc-arm-none-eabi-10.3-2021.10/bin/../lib/gcc/arm-none-eabi/10.3.1/thumb/v6-m/nofp/crti.o
                0x00000000100002c0                _init
 *(EXCLUDE_FILE(*libm.a: *libc.a:*lib_a-mem*.o *libgcc.a:) .text*)
 .text          0x00000000100002c4       0x48 /home/leon/pico/pico-sdk/toolchain/gcc-arm-none-eabi-10.3-2021.10/bin/../lib/gcc/arm-none-eabi/10.3.1/thumb/v6-m/nofp/crtbegin.o
 .text.startup.main
                0x000000001000030c       0x94 CMakeFiles/LoRaSender.dir/LoRaSender.cpp.obj
                0x000000001000030c                main
 .text.gpio_set_function
                0x00000000100003a0       0x30 CMakeFiles/LoRaSender.dir/home/leon/pico/pico-sdk/src/rp2_common/hardware_gpio/gpio.c.obj
                0x00000000100003a0                gpio_set_function
 .text.gpio_init
                0x00000000100003d0       0x3c CMakeFiles/LoRaSender.dir/home/leon/pico/pico-sdk/src/rp2_common/hardware_gpio/gpio.c.obj
                0x00000000100003d0                gpio_init
 .text.hw_claim_or_assert
                0x000000001000040c       0x44 CMakeFiles/LoRaSender.dir/home/leon/pico/pico-sdk/src/rp2_common/hardware_claim/claim.c.obj
                0x000000001000040c                hw_claim_or_assert
 .text.hw_claim_unused_from_range
                0x0000000010000450       0x9c CMakeFiles/LoRaSender.dir/home/leon/pico/pico-sdk/src/rp2_common/hardware_claim/claim.c.obj
                0x0000000010000450                hw_claim_unused_from_range
 .text.running_on_fpga
                0x00000000100004ec       0x10 CMakeFiles/LoRaSender.dir/home/leon/pico/pico-sdk/src/rp2_common/pico_platform/platform.c.obj
                0x00000000100004ec                running_on_fpga
 .text.spin_locks_reset
                0x00000000100004fc       0x1c CMakeFiles/LoRaSender.dir/home/leon/pico/pico-sdk/src/rp2_common/hardware_sync/sync.c.obj
                0x00000000100004fc                spin_locks_reset
 .text.next_striped_spin_lock_num
                0x0000000010000518       0x18 CMakeFiles/LoRaSender.dir/home/leon/pico/pico-sdk/src/rp2_common/hardware_sync/sync.c.obj
                0x0000000010000518                next_striped_spin_lock_num
 .text.spin_lock_claim_unused
                0x0000000010000530       0x20 CMakeFiles/LoRaSender.dir/home/leon/pico/pico-sdk/src/rp2_common/hardware_sync/sync.c.obj
                0x0000000010000530                spin_lock_claim_unused
 .text.irq_set_enabled
                0x0000000010000550       0x24 CMakeFiles/LoRaSender.dir/home/leon/pico/pico-sdk/src/rp2_common/hardware_irq/irq.c.obj
                0x0000000010000550                irq_set_enabled
 .text.irq_set_pending
                0x0000000010000574       0x10 CMakeFiles/LoRaSender.dir/home/leon/pico/pico-sdk/src/rp2_common/hardware_irq/irq.c.obj
                0x0000000010000574                irq_set_pending
 .text.irq_has_shared_handler
                0x0000000010000584       0x2c CMakeFiles/LoRaSender.dir/home/leon/pico/pico-sdk/src/rp2_common/hardware_irq/irq.c.obj
                0x0000000010000584                irq_has_shared_handler
 .text.irq_get_vtable_handler
                0x00000000100005b0       0x10 CMakeFiles/LoRaSender.dir/home/leon/pico/pico-sdk/src/rp2_common/hardware_irq/irq.c.obj
                0x00000000100005b0                irq_get_vtable_handler
 .text.irq_set_exclusive_handler
                0x00000000100005c0       0x54 CMakeFiles/LoRaSender.dir/home/leon/pico/pico-sdk/src/rp2_common/hardware_irq/irq.c.obj
                0x00000000100005c0                irq_set_exclusive_handler
 .text.irq_add_shared_handler
                0x0000000010000614      0x1e4 CMakeFiles/LoRaSender.dir/home/leon/pico/pico-sdk/src/rp2_common/hardware_irq/irq.c.obj
                0x0000000010000614                irq_add_shared_handler
 .text.irq_remove_handler
                0x00000000100007f8      0x1b4 CMakeFiles/LoRaSender.dir/home/leon/pico/pico-sdk/src/rp2_common/hardware_irq/irq.c.obj
                0x00000000100007f8                irq_remove_handler
 .text.irq_add_tail_to_free_list
                0x00000000100009ac       0xb4 CMakeFiles/LoRaSender.dir/home/leon/pico/pico-sdk/src/rp2_common/hardware_irq/irq.c.obj
                0x00000000100009ac                irq_add_tail_to_free_list
 .text.irq_init_priorities
                0x0000000010000a60       0x24 CMakeFiles/LoRaSender.dir/home/leon/pico/pico-sdk/src/rp2_common/hardware_irq/irq.c.obj
                0x0000000010000a60                irq_init_priorities
 .text.user_irq_claim_unused
                0x0000000010000a84       0x30 CMakeFiles/LoRaSender.dir/home/leon/pico/pico-sdk/src/rp2_common/hardware_irq/irq.c.obj
                0x0000000010000a84                user_irq_claim_unused
 .text.lock_init
                0x0000000010000ab4       0x10 CMakeFiles/LoRaSender.dir/home/leon/pico/pico-sdk/src/common/pico_sync/lock_core.c.obj
                0x0000000010000ab4                lock_init
 .text.timer_pool_entry_comparator
                0x0000000010000ac4       0x34 CMakeFiles/LoRaSender.dir/home/leon/pico/pico-sdk/src/common/pico_time/time.c.obj
                0x0000000010000ac4                timer_pool_entry_comparator
 .text.sleep_until_callback
                0x0000000010000af8       0x30 CMakeFiles/LoRaSender.dir/home/leon/pico/pico-sdk/src/common/pico_time/time.c.obj
 .text.add_alarm_under_lock.isra.0
                0x0000000010000b28      0x100 CMakeFiles/LoRaSender.dir/home/leon/pico/pico-sdk/src/common/pico_time/time.c.obj
 .text.alarm_pool_alarm_callback
                0x0000000010000c28      0x1c8 CMakeFiles/LoRaSender.dir/home/leon/pico/pico-sdk/src/common/pico_time/time.c.obj
 .text.alarm_pool_add_alarm_at.constprop.0
                0x0000000010000df0      0x11c CMakeFiles/LoRaSender.dir/home/leon/pico/pico-sdk/src/common/pico_time/time.c.obj
 .text.alarm_pool_init_default
                0x0000000010000f0c       0x64 CMakeFiles/LoRaSender.dir/home/leon/pico/pico-sdk/src/common/pico_time/time.c.obj
                0x0000000010000f0c                alarm_pool_init_default
 .text.alarm_pool_get_default
                0x0000000010000f70        0x8 CMakeFiles/LoRaSender.dir/home/leon/pico/pico-sdk/src/common/pico_time/time.c.obj
                0x0000000010000f70                alarm_pool_get_default
 .text.alarm_pool_add_alarm_at
                0x0000000010000f78      0x194 CMakeFiles/LoRaSender.dir/home/leon/pico/pico-sdk/src/common/pico_time/time.c.obj
                0x0000000010000f78                alarm_pool_add_alarm_at
 .text.sleep_until
                0x000000001000110c       0xac CMakeFiles/LoRaSender.dir/home/leon/pico/pico-sdk/src/common/pico_time/time.c.obj
                0x000000001000110c                sleep_until
 .text.sleep_ms
                0x00000000100011b8       0x38 CMakeFiles/LoRaSender.dir/home/leon/pico/pico-sdk/src/common/pico_time/time.c.obj
                0x00000000100011b8                sleep_ms
 .text.best_effort_wfe_or_timeout
                0x00000000100011f0       0xd4 CMakeFiles/LoRaSender.dir/home/leon/pico/pico-sdk/src/common/pico_time/time.c.obj
                0x00000000100011f0                best_effort_wfe_or_timeout
 .text.hardware_alarm_irq_handler
                0x00000000100012c4       0xb8 CMakeFiles/LoRaSender.dir/home/leon/pico/pico-sdk/src/rp2_common/hardware_timer/timer.c.obj
 .text.hardware_alarm_claim
                0x000000001000137c       0x18 CMakeFiles/LoRaSender.dir/home/leon/pico/pico-sdk/src/rp2_common/hardware_timer/timer.c.obj
                0x000000001000137c                hardware_alarm_claim
 .text.time_us_64
                0x0000000010001394       0x14 CMakeFiles/LoRaSender.dir/home/leon/pico/pico-sdk/src/rp2_common/hardware_timer/timer.c.obj
                0x0000000010001394                time_us_64
 .text.busy_wait_us
                0x00000000100013a8       0x54 CMakeFiles/LoRaSender.dir/home/leon/pico/pico-sdk/src/rp2_common/hardware_timer/timer.c.obj
                0x00000000100013a8                busy_wait_us
 .text.busy_wait_until
                0x00000000100013fc       0x20 CMakeFiles/LoRaSender.dir/home/leon/pico/pico-sdk/src/rp2_common/hardware_timer/timer.c.obj
                0x00000000100013fc                busy_wait_until
 .text.hardware_alarm_set_callback
                0x000000001000141c       0x8c CMakeFiles/LoRaSender.dir/home/leon/pico/pico-sdk/src/rp2_common/hardware_timer/timer.c.obj
                0x000000001000141c                hardware_alarm_set_callback
 .text.hardware_alarm_set_target
                0x00000000100014a8       0xe0 CMakeFiles/LoRaSender.dir/home/leon/pico/pico-sdk/src/rp2_common/hardware_timer/timer.c.obj
                0x00000000100014a8                hardware_alarm_set_target
 .text.hardware_alarm_cancel
                0x0000000010001588       0x3c CMakeFiles/LoRaSender.dir/home/leon/pico/pico-sdk/src/rp2_common/hardware_timer/timer.c.obj
                0x0000000010001588                hardware_alarm_cancel
 .text.ph_merge_nodes
                0x00000000100015c4       0x68 CMakeFiles/LoRaSender.dir/home/leon/pico/pico-sdk/src/common/pico_util/pheap.c.obj
 .text.ph_post_alloc_init
                0x000000001000162c       0x3c CMakeFiles/LoRaSender.dir/home/leon/pico/pico-sdk/src/common/pico_util/pheap.c.obj
                0x000000001000162c                ph_post_alloc_init
 .text.ph_merge_two_pass
                0x0000000010001668       0x90 CMakeFiles/LoRaSender.dir/home/leon/pico/pico-sdk/src/common/pico_util/pheap.c.obj
                0x0000000010001668                ph_merge_two_pass
 .text.ph_remove_any_head
                0x00000000100016f8       0xf8 CMakeFiles/LoRaSender.dir/home/leon/pico/pico-sdk/src/common/pico_util/pheap.c.obj
 .text.ph_remove_head
                0x00000000100017f0       0xfc CMakeFiles/LoRaSender.dir/home/leon/pico/pico-sdk/src/common/pico_util/pheap.c.obj
                0x00000000100017f0                ph_remove_head
 .text.ph_remove_and_free_node
                0x00000000100018ec       0x7c CMakeFiles/LoRaSender.dir/home/leon/pico/pico-sdk/src/common/pico_util/pheap.c.obj
                0x00000000100018ec                ph_remove_and_free_node
 .text.mutex_init
                0x0000000010001968       0x1c CMakeFiles/LoRaSender.dir/home/leon/pico/pico-sdk/src/common/pico_sync/mutex.c.obj
                0x0000000010001968                mutex_init
 .text.recursive_mutex_init
                0x0000000010001984       0x1c CMakeFiles/LoRaSender.dir/home/leon/pico/pico-sdk/src/common/pico_sync/mutex.c.obj
                0x0000000010001984                recursive_mutex_init
 .text.critical_section_init
                0x00000000100019a0       0x20 CMakeFiles/LoRaSender.dir/home/leon/pico/pico-sdk/src/common/pico_sync/critical_section.c.obj
                0x00000000100019a0                critical_section_init
 .text.runtime_init
                0x00000000100019c0       0xf0 CMakeFiles/LoRaSender.dir/home/leon/pico/pico-sdk/src/rp2_common/pico_runtime/runtime.c.obj
                0x00000000100019c0                runtime_init
 .text._exit    0x0000000010001ab0        0x4 CMakeFiles/LoRaSender.dir/home/leon/pico/pico-sdk/src/rp2_common/pico_runtime/runtime.c.obj
                0x0000000010001ab0                _exit
 .text._sbrk    0x0000000010001ab4       0x34 CMakeFiles/LoRaSender.dir/home/leon/pico/pico-sdk/src/rp2_common/pico_runtime/runtime.c.obj
                0x0000000010001ab4                _sbrk
 .text.exit     0x0000000010001ae8        0x4 CMakeFiles/LoRaSender.dir/home/leon/pico/pico-sdk/src/rp2_common/pico_runtime/runtime.c.obj
                0x0000000010001ae8                exit
 .text.panic    0x0000000010001aec       0x30 CMakeFiles/LoRaSender.dir/home/leon/pico/pico-sdk/src/rp2_common/pico_runtime/runtime.c.obj
                0x0000000010001aec                panic
 .text.hard_assertion_failure
                0x0000000010001b1c        0xc CMakeFiles/LoRaSender.dir/home/leon/pico/pico-sdk/src/rp2_common/pico_runtime/runtime.c.obj
                0x0000000010001b1c                hard_assertion_failure
 .text.clocks_init
                0x0000000010001b28      0x2bc CMakeFiles/LoRaSender.dir/home/leon/pico/pico-sdk/src/rp2_common/hardware_clocks/clocks.c.obj
                0x0000000010001b28                clocks_init
 .text.clock_get_hz
                0x0000000010001de4        0xc CMakeFiles/LoRaSender.dir/home/leon/pico/pico-sdk/src/rp2_common/hardware_clocks/clocks.c.obj
                0x0000000010001de4                clock_get_hz
 .text.pll_init
                0x0000000010001df0       0xb0 CMakeFiles/LoRaSender.dir/home/leon/pico/pico-sdk/src/rp2_common/hardware_pll/pll.c.obj
                0x0000000010001df0                pll_init
 .text.watchdog_start_tick
                0x0000000010001ea0       0x10 CMakeFiles/LoRaSender.dir/home/leon/pico/pico-sdk/src/rp2_common/hardware_watchdog/watchdog.c.obj
                0x0000000010001ea0                watchdog_start_tick
 .text.watchdog_reboot
                0x0000000010001eb0       0x98 CMakeFiles/LoRaSender.dir/home/leon/pico/pico-sdk/src/rp2_common/hardware_watchdog/watchdog.c.obj
                0x0000000010001eb0                watchdog_reboot
 .text.xosc_init
                0x0000000010001f48       0x28 CMakeFiles/LoRaSender.dir/home/leon/pico/pico-sdk/src/rp2_common/hardware_xosc/xosc.c.obj
                0x0000000010001f48                xosc_init
 .text._out_buffer
                0x0000000010001f70        0x8 CMakeFiles/LoRaSender.dir/home/leon/pico/pico-sdk/src/rp2_common/pico_printf/printf.c.obj
 .text._out_null
                0x0000000010001f78        0x4 CMakeFiles/LoRaSender.dir/home/leon/pico/pico-sdk/src/rp2_common/pico_printf/printf.c.obj
 .text._out_rev
                0x0000000010001f7c       0x9c CMakeFiles/LoRaSender.dir/home/leon/pico/pico-sdk/src/rp2_common/pico_printf/printf.c.obj
 .text._ntoa_format
                0x0000000010002018      0x1cc CMakeFiles/LoRaSender.dir/home/leon/pico/pico-sdk/src/rp2_common/pico_printf/printf.c.obj
 .text._out_char
                0x00000000100021e4       0x10 CMakeFiles/LoRaSender.dir/home/leon/pico/pico-sdk/src/rp2_common/pico_printf/printf.c.obj
 .text._out_fct
                0x00000000100021f4       0x10 CMakeFiles/LoRaSender.dir/home/leon/pico/pico-sdk/src/rp2_common/pico_printf/printf.c.obj
 .text._etoa    0x0000000010002204      0x44c CMakeFiles/LoRaSender.dir/home/leon/pico/pico-sdk/src/rp2_common/pico_printf/printf.c.obj
 .text._ftoa    0x0000000010002650      0x398 CMakeFiles/LoRaSender.dir/home/leon/pico/pico-sdk/src/rp2_common/pico_printf/printf.c.obj
 .text._vsnprintf
                0x00000000100029e8      0xb04 CMakeFiles/LoRaSender.dir/home/leon/pico/pico-sdk/src/rp2_common/pico_printf/printf.c.obj
 .text.__wrap_sprintf
                0x00000000100034ec       0x28 CMakeFiles/LoRaSender.dir/home/leon/pico/pico-sdk/src/rp2_common/pico_printf/printf.c.obj
                0x00000000100034ec                __wrap_sprintf
 .text.vfctprintf
                0x0000000010003514       0x20 CMakeFiles/LoRaSender.dir/home/leon/pico/pico-sdk/src/rp2_common/pico_printf/printf.c.obj
                0x0000000010003514                vfctprintf
 .text.weak_raw_vprintf
                0x0000000010003534       0x30 CMakeFiles/LoRaSender.dir/home/leon/pico/pico-sdk/src/rp2_common/pico_printf/printf.c.obj
                0x0000000010003534                weak_raw_vprintf
 .text          0x0000000010003564       0x10 CMakeFiles/LoRaSender.dir/home/leon/pico/pico-sdk/src/rp2_common/pico_bit_ops/bit_ops_aeabi.S.obj
 .text.rom_func_lookup
                0x0000000010003574       0x10 CMakeFiles/LoRaSender.dir/home/leon/pico/pico-sdk/src/rp2_common/pico_bootrom/bootrom.c.obj
                0x0000000010003574                rom_func_lookup
 .text.rom_data_lookup
                0x0000000010003584       0x10 CMakeFiles/LoRaSender.dir/home/leon/pico/pico-sdk/src/rp2_common/pico_bootrom/bootrom.c.obj
                0x0000000010003584                rom_data_lookup
 .text.rom_funcs_lookup
                0x0000000010003594       0x44 CMakeFiles/LoRaSender.dir/home/leon/pico/pico-sdk/src/rp2_common/pico_bootrom/bootrom.c.obj
                0x0000000010003594                rom_funcs_lookup
 .text.__wrap___aeabi_idiv
                0x00000000100035d8       0x50 CMakeFiles/LoRaSender.dir/home/leon/pico/pico-sdk/src/rp2_common/pico_divider/divider.S.obj
                0x00000000100035d8                __wrap___aeabi_idivmod
                0x00000000100035d8                divmod_s32s32
                0x00000000100035d8                div_s32s32
                0x00000000100035d8                __wrap___aeabi_idiv
                0x00000000100035e0                divmod_s32s32_unsafe
                0x000000001000360c                divmod_s32s32_savestate
 .text.__wrap___aeabi_uidiv
                0x0000000010003628       0x4c CMakeFiles/LoRaSender.dir/home/leon/pico/pico-sdk/src/rp2_common/pico_divider/divider.S.obj
                0x0000000010003628                __wrap___aeabi_uidiv
                0x0000000010003628                __wrap___aeabi_uidivmod
                0x0000000010003628                div_u32u32
                0x0000000010003628                divmod_u32u32
                0x0000000010003630                divmod_u32u32_unsafe
                0x0000000010003658                divmod_u32u32_savestate
 .text.__wrap___aeabi_ldiv
                0x0000000010003674      0x434 CMakeFiles/LoRaSender.dir/home/leon/pico/pico-sdk/src/rp2_common/pico_divider/divider.S.obj
                0x0000000010003674                div_s64s64
                0x0000000010003674                divmod_s64s64
                0x0000000010003674                __wrap___aeabi_ldivmod
                0x00000000100036ac                div_u64u64
                0x00000000100036ac                divmod_u64u64
                0x00000000100036ac                __wrap___aeabi_uldivmod
                0x00000000100036bc                divmod_u64u64_savestate
                0x00000000100036e4                divmod_s64s64_unsafe
                0x000000001000376c                divmod_u64u64_unsafe
 .text.__wrap___aeabi_darithmetic
                0x0000000010003aa8       0x60 CMakeFiles/LoRaSender.dir/home/leon/pico/pico-sdk/src/rp2_common/pico_double/double_aeabi.S.obj
                0x0000000010003aa8                __wrap___aeabi_drsub
                0x0000000010003aae                __wrap___aeabi_dsub
                0x0000000010003ab8                __wrap___aeabi_dadd
                0x0000000010003ac2                __wrap___aeabi_ddiv
                0x0000000010003af6                __wrap___aeabi_dmul
 .text.__wrap___aeabi_cdcmple
                0x0000000010003b08       0x6c CMakeFiles/LoRaSender.dir/home/leon/pico/pico-sdk/src/rp2_common/pico_double/double_aeabi.S.obj
                0x0000000010003b08                __wrap___aeabi_cdrcmple
                0x0000000010003b18                __wrap___aeabi_cdcmple
                0x0000000010003b18                __wrap___aeabi_cdcmpeq
 .text.__wrap___aeabi_dcmplt
                0x0000000010003b74        0xc CMakeFiles/LoRaSender.dir/home/leon/pico/pico-sdk/src/rp2_common/pico_double/double_aeabi.S.obj
                0x0000000010003b74                __wrap___aeabi_dcmplt
 .text.__wrap___aeabi_dcmple
                0x0000000010003b80       0x10 CMakeFiles/LoRaSender.dir/home/leon/pico/pico-sdk/src/rp2_common/pico_double/double_aeabi.S.obj
                0x0000000010003b80                __wrap___aeabi_dcmple
 .text.__wrap___aeabi_dcmpge
                0x0000000010003b90       0x10 CMakeFiles/LoRaSender.dir/home/leon/pico/pico-sdk/src/rp2_common/pico_double/double_aeabi.S.obj
                0x0000000010003b90                __wrap___aeabi_dcmpge
 .text.__wrap___aeabi_dcmpgt
                0x0000000010003ba0        0xa CMakeFiles/LoRaSender.dir/home/leon/pico/pico-sdk/src/rp2_common/pico_double/double_aeabi.S.obj
                0x0000000010003ba0                __wrap___aeabi_dcmpgt
 .text.__wrap___aeabi_dcmpun
                0x0000000010003baa       0x1c CMakeFiles/LoRaSender.dir/home/leon/pico/pico-sdk/src/rp2_common/pico_double/double_aeabi.S.obj
                0x0000000010003baa                __wrap___aeabi_dcmpun
 *fill*         0x0000000010003bc6        0x2 
 .text.__wrap___aeabi_i2d
                0x0000000010003bc8       0x38 CMakeFiles/LoRaSender.dir/home/leon/pico/pico-sdk/src/rp2_common/pico_double/double_aeabi.S.obj
                0x0000000010003bc8                __wrap___aeabi_ui2d
                0x0000000010003bd0                __wrap___aeabi_i2d
 .text.__wrap___aeabi_d2iz
                0x0000000010003c00       0x48 CMakeFiles/LoRaSender.dir/home/leon/pico/pico-sdk/src/rp2_common/pico_double/double_aeabi.S.obj
                0x0000000010003c00                __wrap___aeabi_d2iz
                0x0000000010003c00                double2int_z
 .text.__wrap___aeabi_d2uiz
                0x0000000010003c48       0x10 CMakeFiles/LoRaSender.dir/home/leon/pico/pico-sdk/src/rp2_common/pico_double/double_aeabi.S.obj
                0x0000000010003c48                double2uint
                0x0000000010003c48                __wrap___aeabi_d2uiz
 .text.missing_double_func_shim
                0x0000000010003c58        0xc CMakeFiles/LoRaSender.dir/home/leon/pico/pico-sdk/src/rp2_common/pico_double/double_init_rom.c.obj
 .text.__aeabi_double_init
                0x0000000010003c64       0x98 CMakeFiles/LoRaSender.dir/home/leon/pico/pico-sdk/src/rp2_common/pico_double/double_init_rom.c.obj
                0x0000000010003c64                __aeabi_double_init
 .text.double_table_shim_on_use_helper
                0x0000000010003cfc       0x2c CMakeFiles/LoRaSender.dir/home/leon/pico/pico-sdk/src/rp2_common/pico_double/double_v1_rom_shim.S.obj
                0x0000000010003cfc                double_table_shim_on_use_helper
 .text.__aeabi_lmul
                0x0000000010003d28       0x32 CMakeFiles/LoRaSender.dir/home/leon/pico/pico-sdk/src/rp2_common/pico_int64_ops/pico_int64_ops_aeabi.S.obj
                0x0000000010003d28                __wrap___aeabi_lmul
 *fill*         0x0000000010003d5a        0x2 
 .text.missing_float_func_shim
                0x0000000010003d5c        0xc CMakeFiles/LoRaSender.dir/home/leon/pico/pico-sdk/src/rp2_common/pico_float/float_init_rom.c.obj
 .text.__aeabi_float_init
                0x0000000010003d68       0x5c CMakeFiles/LoRaSender.dir/home/leon/pico/pico-sdk/src/rp2_common/pico_float/float_init_rom.c.obj
                0x0000000010003d68                __aeabi_float_init
 .text.__wrap_malloc
                0x0000000010003dc4       0x24 CMakeFiles/LoRaSender.dir/home/leon/pico/pico-sdk/src/rp2_common/pico_malloc/pico_malloc.c.obj
                0x0000000010003dc4                __wrap_malloc
 .text.__wrap_realloc
                0x0000000010003de8       0x24 CMakeFiles/LoRaSender.dir/home/leon/pico/pico-sdk/src/rp2_common/pico_malloc/pico_malloc.c.obj
                0x0000000010003de8                __wrap_realloc
 .text.__wrap_free
                0x0000000010003e0c        0x8 CMakeFiles/LoRaSender.dir/home/leon/pico/pico-sdk/src/rp2_common/pico_malloc/pico_malloc.c.obj
                0x0000000010003e0c                __wrap_free
 .text          0x0000000010003e14       0x10 CMakeFiles/LoRaSender.dir/home/leon/pico/pico-sdk/src/rp2_common/pico_mem_ops/mem_ops_aeabi.S.obj
                0x0000000010003e14                __aeabi_mem_init
 .text.memset   0x0000000010003e24        0xc CMakeFiles/LoRaSender.dir/home/leon/pico/pico-sdk/src/rp2_common/pico_mem_ops/mem_ops_aeabi.S.obj
                0x0000000010003e24                __wrap_memset
 .text.memcpy   0x0000000010003e30        0xc CMakeFiles/LoRaSender.dir/home/leon/pico/pico-sdk/src/rp2_common/pico_mem_ops/mem_ops_aeabi.S.obj
                0x0000000010003e30                __wrap___aeabi_memcpy
                0x0000000010003e30                __wrap_memcpy
 .text.stdio_out_chars_no_crlf
                0x0000000010003e3c       0x10 CMakeFiles/LoRaSender.dir/home/leon/pico/pico-sdk/src/rp2_common/pico_stdio/stdio.c.obj
 .text.stdio_out_chars_crlf
                0x0000000010003e4c       0xb4 CMakeFiles/LoRaSender.dir/home/leon/pico/pico-sdk/src/rp2_common/pico_stdio/stdio.c.obj
 .text.stdio_buffered_printer
                0x0000000010003f00       0x64 CMakeFiles/LoRaSender.dir/home/leon/pico/pico-sdk/src/rp2_common/pico_stdio/stdio.c.obj
 .text.stdio_put_string.isra.0
                0x0000000010003f64       0xfc CMakeFiles/LoRaSender.dir/home/leon/pico/pico-sdk/src/rp2_common/pico_stdio/stdio.c.obj
 .text.__wrap_putchar
                0x0000000010004060       0xa0 CMakeFiles/LoRaSender.dir/home/leon/pico/pico-sdk/src/rp2_common/pico_stdio/stdio.c.obj
                0x0000000010004060                __wrap_putchar
 .text.__wrap_puts
                0x0000000010004100       0x3c CMakeFiles/LoRaSender.dir/home/leon/pico/pico-sdk/src/rp2_common/pico_stdio/stdio.c.obj
                0x0000000010004100                __wrap_puts
 .text._read    0x000000001000413c       0x94 CMakeFiles/LoRaSender.dir/home/leon/pico/pico-sdk/src/rp2_common/pico_stdio/stdio.c.obj
                0x000000001000413c                _read
 .text._write   0x00000000100041d0       0xb0 CMakeFiles/LoRaSender.dir/home/leon/pico/pico-sdk/src/rp2_common/pico_stdio/stdio.c.obj
                0x00000000100041d0                _write
 .text.stdio_set_driver_enabled
                0x0000000010004280       0x30 CMakeFiles/LoRaSender.dir/home/leon/pico/pico-sdk/src/rp2_common/pico_stdio/stdio.c.obj
                0x0000000010004280                stdio_set_driver_enabled
 .text.__wrap_vprintf
                0x00000000100042b0       0xd8 CMakeFiles/LoRaSender.dir/home/leon/pico/pico-sdk/src/rp2_common/pico_stdio/stdio.c.obj
                0x00000000100042b0                __wrap_vprintf
 .text.__wrap_printf
                0x0000000010004388       0x18 CMakeFiles/LoRaSender.dir/home/leon/pico/pico-sdk/src/rp2_common/pico_stdio/stdio.c.obj
                0x0000000010004388                __wrap_printf
 .text.stdio_init_all
                0x00000000100043a0        0x8 CMakeFiles/LoRaSender.dir/home/leon/pico/pico-sdk/src/rp2_common/pico_stdio/stdio.c.obj
                0x00000000100043a0                stdio_init_all
 .text.resetd_init
                0x00000000100043a8        0x4 CMakeFiles/LoRaSender.dir/home/leon/pico/pico-sdk/src/rp2_common/pico_stdio_usb/reset_interface.c.obj
 .text.resetd_reset
                0x00000000100043ac        0xc CMakeFiles/LoRaSender.dir/home/leon/pico/pico-sdk/src/rp2_common/pico_stdio_usb/reset_interface.c.obj
 .text.resetd_open
                0x00000000100043b8       0x28 CMakeFiles/LoRaSender.dir/home/leon/pico/pico-sdk/src/rp2_common/pico_stdio_usb/reset_interface.c.obj
 .text.resetd_xfer_cb
                0x00000000100043e0        0x4 CMakeFiles/LoRaSender.dir/home/leon/pico/pico-sdk/src/rp2_common/pico_stdio_usb/reset_interface.c.obj
 .text.resetd_control_xfer_cb
                0x00000000100043e4       0x64 CMakeFiles/LoRaSender.dir/home/leon/pico/pico-sdk/src/rp2_common/pico_stdio_usb/reset_interface.c.obj
 .text.usbd_app_driver_get_cb
                0x0000000010004448        0xc CMakeFiles/LoRaSender.dir/home/leon/pico/pico-sdk/src/rp2_common/pico_stdio_usb/reset_interface.c.obj
                0x0000000010004448                usbd_app_driver_get_cb
 .text.tud_cdc_line_coding_cb
                0x0000000010004454       0x34 CMakeFiles/LoRaSender.dir/home/leon/pico/pico-sdk/src/rp2_common/pico_stdio_usb/reset_interface.c.obj
                0x0000000010004454                tud_cdc_line_coding_cb
 .text.stdio_usb_in_chars
                0x0000000010004488       0x68 CMakeFiles/LoRaSender.dir/home/leon/pico/pico-sdk/src/rp2_common/pico_stdio_usb/stdio_usb.c.obj
                0x0000000010004488                stdio_usb_in_chars
 .text.stdio_usb_out_chars
                0x00000000100044f0       0xe4 CMakeFiles/LoRaSender.dir/home/leon/pico/pico-sdk/src/rp2_common/pico_stdio_usb/stdio_usb.c.obj
 .text.timer_task
                0x00000000100045d4       0x18 CMakeFiles/LoRaSender.dir/home/leon/pico/pico-sdk/src/rp2_common/pico_stdio_usb/stdio_usb.c.obj
 .text.usb_irq  0x00000000100045ec       0x10 CMakeFiles/LoRaSender.dir/home/leon/pico/pico-sdk/src/rp2_common/pico_stdio_usb/stdio_usb.c.obj
 .text.low_priority_worker_irq
                0x00000000100045fc       0x24 CMakeFiles/LoRaSender.dir/home/leon/pico/pico-sdk/src/rp2_common/pico_stdio_usb/stdio_usb.c.obj
 .text.stdio_usb_init
                0x0000000010004620       0xb0 CMakeFiles/LoRaSender.dir/home/leon/pico/pico-sdk/src/rp2_common/pico_stdio_usb/stdio_usb.c.obj
                0x0000000010004620                stdio_usb_init
 .text.tud_descriptor_device_cb
                0x00000000100046d0        0x8 CMakeFiles/LoRaSender.dir/home/leon/pico/pico-sdk/src/rp2_common/pico_stdio_usb/stdio_usb_descriptors.c.obj
                0x00000000100046d0                tud_descriptor_device_cb
 .text.tud_descriptor_configuration_cb
                0x00000000100046d8        0x8 CMakeFiles/LoRaSender.dir/home/leon/pico/pico-sdk/src/rp2_common/pico_stdio_usb/stdio_usb_descriptors.c.obj
                0x00000000100046d8                tud_descriptor_configuration_cb
 .text.tud_descriptor_string_cb
                0x00000000100046e0       0x74 CMakeFiles/LoRaSender.dir/home/leon/pico/pico-sdk/src/rp2_common/pico_stdio_usb/stdio_usb_descriptors.c.obj
                0x00000000100046e0                tud_descriptor_string_cb
 .text.dcd_rp2040_irq
                0x0000000010004754      0x21c CMakeFiles/LoRaSender.dir/home/leon/pico/pico-sdk/lib/tinyusb/src/portable/raspberrypi/rp2040/dcd_rp2040.c.obj
 .text.dcd_int_enable
                0x0000000010004970        0xc CMakeFiles/LoRaSender.dir/home/leon/pico/pico-sdk/lib/tinyusb/src/portable/raspberrypi/rp2040/dcd_rp2040.c.obj
                0x0000000010004970                dcd_int_enable
 .text.dcd_set_address
                0x000000001000497c       0x14 CMakeFiles/LoRaSender.dir/home/leon/pico/pico-sdk/lib/tinyusb/src/portable/raspberrypi/rp2040/dcd_rp2040.c.obj
                0x000000001000497c                dcd_set_address
 .text.dcd_connect
                0x0000000010004990       0x10 CMakeFiles/LoRaSender.dir/home/leon/pico/pico-sdk/lib/tinyusb/src/portable/raspberrypi/rp2040/dcd_rp2040.c.obj
                0x0000000010004990                dcd_connect
 .text.dcd_init
                0x00000000100049a0      0x144 CMakeFiles/LoRaSender.dir/home/leon/pico/pico-sdk/lib/tinyusb/src/portable/raspberrypi/rp2040/dcd_rp2040.c.obj
                0x00000000100049a0                dcd_init
 .text.dcd_edpt0_status_complete
                0x0000000010004ae4       0x1c CMakeFiles/LoRaSender.dir/home/leon/pico/pico-sdk/lib/tinyusb/src/portable/raspberrypi/rp2040/dcd_rp2040.c.obj
                0x0000000010004ae4                dcd_edpt0_status_complete
 .text.dcd_edpt_open
                0x0000000010004b00       0xf0 CMakeFiles/LoRaSender.dir/home/leon/pico/pico-sdk/lib/tinyusb/src/portable/raspberrypi/rp2040/dcd_rp2040.c.obj
                0x0000000010004b00                dcd_edpt_open
 .text.dcd_edpt_close_all
                0x0000000010004bf0       0xbc CMakeFiles/LoRaSender.dir/home/leon/pico/pico-sdk/lib/tinyusb/src/portable/raspberrypi/rp2040/dcd_rp2040.c.obj
                0x0000000010004bf0                dcd_edpt_close_all
 .text.dcd_edpt_xfer
                0x0000000010004cac       0x24 CMakeFiles/LoRaSender.dir/home/leon/pico/pico-sdk/lib/tinyusb/src/portable/raspberrypi/rp2040/dcd_rp2040.c.obj
                0x0000000010004cac                dcd_edpt_xfer
 .text.dcd_edpt_stall
                0x0000000010004cd0       0x38 CMakeFiles/LoRaSender.dir/home/leon/pico/pico-sdk/lib/tinyusb/src/portable/raspberrypi/rp2040/dcd_rp2040.c.obj
                0x0000000010004cd0                dcd_edpt_stall
 .text.dcd_edpt_clear_stall
                0x0000000010004d08       0x30 CMakeFiles/LoRaSender.dir/home/leon/pico/pico-sdk/lib/tinyusb/src/portable/raspberrypi/rp2040/dcd_rp2040.c.obj
                0x0000000010004d08                dcd_edpt_clear_stall
 .text._hw_endpoint_buffer_control_update32.part.0.isra.0
                0x0000000010004d38       0x1c CMakeFiles/LoRaSender.dir/home/leon/pico/pico-sdk/lib/tinyusb/src/portable/raspberrypi/rp2040/rp2040_usb.c.obj
 .text.rp2040_usb_init
                0x0000000010004d54       0x4c CMakeFiles/LoRaSender.dir/home/leon/pico/pico-sdk/lib/tinyusb/src/portable/raspberrypi/rp2040/rp2040_usb.c.obj
                0x0000000010004d54                rp2040_usb_init
 .text.hw_endpoint_reset_transfer
                0x0000000010004da0        0xc CMakeFiles/LoRaSender.dir/home/leon/pico/pico-sdk/lib/tinyusb/src/portable/raspberrypi/rp2040/rp2040_usb.c.obj
                0x0000000010004da0                hw_endpoint_reset_transfer
 .text._hw_endpoint_buffer_control_update32
                0x0000000010004dac       0x44 CMakeFiles/LoRaSender.dir/home/leon/pico/pico-sdk/lib/tinyusb/src/portable/raspberrypi/rp2040/rp2040_usb.c.obj
                0x0000000010004dac                _hw_endpoint_buffer_control_update32
 .text.hw_endpoint_xfer_start
                0x0000000010004df0      0x138 CMakeFiles/LoRaSender.dir/home/leon/pico/pico-sdk/lib/tinyusb/src/portable/raspberrypi/rp2040/rp2040_usb.c.obj
                0x0000000010004df0                hw_endpoint_xfer_start
 .text.hw_endpoint_xfer_continue
                0x0000000010004f28      0x1e4 CMakeFiles/LoRaSender.dir/home/leon/pico/pico-sdk/lib/tinyusb/src/portable/raspberrypi/rp2040/rp2040_usb.c.obj
                0x0000000010004f28                hw_endpoint_xfer_continue
 .text.tud_mounted
                0x000000001000510c       0x10 CMakeFiles/LoRaSender.dir/home/leon/pico/pico-sdk/lib/tinyusb/src/device/usbd.c.obj
                0x000000001000510c                tud_mounted
 .text.tud_suspended
                0x000000001000511c       0x10 CMakeFiles/LoRaSender.dir/home/leon/pico/pico-sdk/lib/tinyusb/src/device/usbd.c.obj
                0x000000001000511c                tud_suspended
 .text.tud_inited
                0x000000001000512c        0xc CMakeFiles/LoRaSender.dir/home/leon/pico/pico-sdk/lib/tinyusb/src/device/usbd.c.obj
                0x000000001000512c                tud_inited
 .text.tud_init
                0x0000000010005138       0xd8 CMakeFiles/LoRaSender.dir/home/leon/pico/pico-sdk/lib/tinyusb/src/device/usbd.c.obj
                0x0000000010005138                tud_init
 .text.tud_task
                0x0000000010005210      0x8ec CMakeFiles/LoRaSender.dir/home/leon/pico/pico-sdk/lib/tinyusb/src/device/usbd.c.obj
                0x0000000010005210                tud_task
 .text.dcd_event_bus_signal
                0x0000000010005afc      0x120 CMakeFiles/LoRaSender.dir/home/leon/pico/pico-sdk/lib/tinyusb/src/device/usbd.c.obj
                0x0000000010005afc                dcd_event_bus_signal
 .text.dcd_event_bus_reset
                0x0000000010005c1c       0x54 CMakeFiles/LoRaSender.dir/home/leon/pico/pico-sdk/lib/tinyusb/src/device/usbd.c.obj
                0x0000000010005c1c                dcd_event_bus_reset
 .text.dcd_event_setup_received
                0x0000000010005c70       0x50 CMakeFiles/LoRaSender.dir/home/leon/pico/pico-sdk/lib/tinyusb/src/device/usbd.c.obj
                0x0000000010005c70                dcd_event_setup_received
 .text.dcd_event_xfer_complete
                0x0000000010005cc0       0x68 CMakeFiles/LoRaSender.dir/home/leon/pico/pico-sdk/lib/tinyusb/src/device/usbd.c.obj
                0x0000000010005cc0                dcd_event_xfer_complete
 .text.usbd_open_edpt_pair
                0x0000000010005d28       0x80 CMakeFiles/LoRaSender.dir/home/leon/pico/pico-sdk/lib/tinyusb/src/device/usbd.c.obj
                0x0000000010005d28                usbd_open_edpt_pair
 .text.usbd_edpt_open
                0x0000000010005da8       0x30 CMakeFiles/LoRaSender.dir/home/leon/pico/pico-sdk/lib/tinyusb/src/device/usbd.c.obj
                0x0000000010005da8                usbd_edpt_open
 .text.usbd_edpt_claim
                0x0000000010005dd8       0x64 CMakeFiles/LoRaSender.dir/home/leon/pico/pico-sdk/lib/tinyusb/src/device/usbd.c.obj
                0x0000000010005dd8                usbd_edpt_claim
 .text.usbd_edpt_release
                0x0000000010005e3c       0x4c CMakeFiles/LoRaSender.dir/home/leon/pico/pico-sdk/lib/tinyusb/src/device/usbd.c.obj
                0x0000000010005e3c                usbd_edpt_release
 .text.usbd_edpt_xfer
                0x0000000010005e88       0x48 CMakeFiles/LoRaSender.dir/home/leon/pico/pico-sdk/lib/tinyusb/src/device/usbd.c.obj
                0x0000000010005e88                usbd_edpt_xfer
 .text.tud_control_status
                0x0000000010005ed0       0x30 CMakeFiles/LoRaSender.dir/home/leon/pico/pico-sdk/lib/tinyusb/src/device/usbd_control.c.obj
                0x0000000010005ed0                tud_control_status
 .text.tud_control_xfer
                0x0000000010005f00       0xbc CMakeFiles/LoRaSender.dir/home/leon/pico/pico-sdk/lib/tinyusb/src/device/usbd_control.c.obj
                0x0000000010005f00                tud_control_xfer
 .text.usbd_control_reset
                0x0000000010005fbc       0x14 CMakeFiles/LoRaSender.dir/home/leon/pico/pico-sdk/lib/tinyusb/src/device/usbd_control.c.obj
                0x0000000010005fbc                usbd_control_reset
 .text.usbd_control_set_complete_callback
                0x0000000010005fd0        0xc CMakeFiles/LoRaSender.dir/home/leon/pico/pico-sdk/lib/tinyusb/src/device/usbd_control.c.obj
                0x0000000010005fd0                usbd_control_set_complete_callback
 .text.usbd_control_set_request
                0x0000000010005fdc       0x1c CMakeFiles/LoRaSender.dir/home/leon/pico/pico-sdk/lib/tinyusb/src/device/usbd_control.c.obj
                0x0000000010005fdc                usbd_control_set_request
 .text.usbd_control_xfer_cb
                0x0000000010005ff8       0xfc CMakeFiles/LoRaSender.dir/home/leon/pico/pico-sdk/lib/tinyusb/src/device/usbd_control.c.obj
                0x0000000010005ff8                usbd_control_xfer_cb
 .text.tud_cdc_n_connected
                0x00000000100060f4       0x30 CMakeFiles/LoRaSender.dir/home/leon/pico/pico-sdk/lib/tinyusb/src/class/cdc/cdc_device.c.obj
                0x00000000100060f4                tud_cdc_n_connected
 .text.tud_cdc_n_available
                0x0000000010006124       0x18 CMakeFiles/LoRaSender.dir/home/leon/pico/pico-sdk/lib/tinyusb/src/class/cdc/cdc_device.c.obj
                0x0000000010006124                tud_cdc_n_available
 .text.tud_cdc_n_read
                0x000000001000613c       0x70 CMakeFiles/LoRaSender.dir/home/leon/pico/pico-sdk/lib/tinyusb/src/class/cdc/cdc_device.c.obj
                0x000000001000613c                tud_cdc_n_read
 .text.tud_cdc_n_write_flush
                0x00000000100061ac       0x78 CMakeFiles/LoRaSender.dir/home/leon/pico/pico-sdk/lib/tinyusb/src/class/cdc/cdc_device.c.obj
                0x00000000100061ac                tud_cdc_n_write_flush
 .text.tud_cdc_n_write
                0x0000000010006224       0x34 CMakeFiles/LoRaSender.dir/home/leon/pico/pico-sdk/lib/tinyusb/src/class/cdc/cdc_device.c.obj
                0x0000000010006224                tud_cdc_n_write
 .text.tud_cdc_n_write_available
                0x0000000010006258       0x18 CMakeFiles/LoRaSender.dir/home/leon/pico/pico-sdk/lib/tinyusb/src/class/cdc/cdc_device.c.obj
                0x0000000010006258                tud_cdc_n_write_available
 .text.cdcd_init
                0x0000000010006270       0x7c CMakeFiles/LoRaSender.dir/home/leon/pico/pico-sdk/lib/tinyusb/src/class/cdc/cdc_device.c.obj
                0x0000000010006270                cdcd_init
 .text.cdcd_reset
                0x00000000100062ec       0x2c CMakeFiles/LoRaSender.dir/home/leon/pico/pico-sdk/lib/tinyusb/src/class/cdc/cdc_device.c.obj
                0x00000000100062ec                cdcd_reset
 .text.cdcd_open
                0x0000000010006318       0xe4 CMakeFiles/LoRaSender.dir/home/leon/pico/pico-sdk/lib/tinyusb/src/class/cdc/cdc_device.c.obj
                0x0000000010006318                cdcd_open
 .text.cdcd_control_xfer_cb
                0x00000000100063fc       0xe4 CMakeFiles/LoRaSender.dir/home/leon/pico/pico-sdk/lib/tinyusb/src/class/cdc/cdc_device.c.obj
                0x00000000100063fc                cdcd_control_xfer_cb
 .text.cdcd_xfer_cb
                0x00000000100064e0      0x148 CMakeFiles/LoRaSender.dir/home/leon/pico/pico-sdk/lib/tinyusb/src/class/cdc/cdc_device.c.obj
                0x00000000100064e0                cdcd_xfer_cb
 .text.tusb_init
                0x0000000010006628        0xc CMakeFiles/LoRaSender.dir/home/leon/pico/pico-sdk/lib/tinyusb/src/tusb.c.obj
                0x0000000010006628                tusb_init
 .text.tusb_inited
                0x0000000010006634        0x8 CMakeFiles/LoRaSender.dir/home/leon/pico/pico-sdk/lib/tinyusb/src/tusb.c.obj
                0x0000000010006634                tusb_inited
 .text.tu_edpt_validate
                0x000000001000663c       0x78 CMakeFiles/LoRaSender.dir/home/leon/pico/pico-sdk/lib/tinyusb/src/tusb.c.obj
                0x000000001000663c                tu_edpt_validate
 .text.tu_edpt_bind_driver
                0x00000000100066b4       0x2c CMakeFiles/LoRaSender.dir/home/leon/pico/pico-sdk/lib/tinyusb/src/tusb.c.obj
                0x00000000100066b4                tu_edpt_bind_driver
 .text.tu_fifo_config
                0x00000000100066e0       0x78 CMakeFiles/LoRaSender.dir/home/leon/pico/pico-sdk/lib/tinyusb/src/common/tusb_fifo.c.obj
                0x00000000100066e0                tu_fifo_config
 .text.tu_fifo_count
                0x0000000010006758       0x20 CMakeFiles/LoRaSender.dir/home/leon/pico/pico-sdk/lib/tinyusb/src/common/tusb_fifo.c.obj
                0x0000000010006758                tu_fifo_count
 .text.tu_fifo_empty
                0x0000000010006778       0x10 CMakeFiles/LoRaSender.dir/home/leon/pico/pico-sdk/lib/tinyusb/src/common/tusb_fifo.c.obj
                0x0000000010006778                tu_fifo_empty
 .text.tu_fifo_remaining
                0x0000000010006788       0x1c CMakeFiles/LoRaSender.dir/home/leon/pico/pico-sdk/lib/tinyusb/src/common/tusb_fifo.c.obj
                0x0000000010006788                tu_fifo_remaining
 .text.tu_fifo_read
                0x00000000100067a4       0x9c CMakeFiles/LoRaSender.dir/home/leon/pico/pico-sdk/lib/tinyusb/src/common/tusb_fifo.c.obj
                0x00000000100067a4                tu_fifo_read
 .text.tu_fifo_read_n
                0x0000000010006840      0x100 CMakeFiles/LoRaSender.dir/home/leon/pico/pico-sdk/lib/tinyusb/src/common/tusb_fifo.c.obj
                0x0000000010006840                tu_fifo_read_n
 .text.tu_fifo_write
                0x0000000010006940       0x7c CMakeFiles/LoRaSender.dir/home/leon/pico/pico-sdk/lib/tinyusb/src/common/tusb_fifo.c.obj
                0x0000000010006940                tu_fifo_write
 .text.tu_fifo_write_n
                0x00000000100069bc      0x100 CMakeFiles/LoRaSender.dir/home/leon/pico/pico-sdk/lib/tinyusb/src/common/tusb_fifo.c.obj
                0x00000000100069bc                tu_fifo_write_n
 .text.tu_fifo_clear
                0x0000000010006abc       0x4c CMakeFiles/LoRaSender.dir/home/leon/pico/pico-sdk/lib/tinyusb/src/common/tusb_fifo.c.obj
                0x0000000010006abc                tu_fifo_clear
 .text.tu_fifo_set_overwritable
                0x0000000010006b08       0x3c CMakeFiles/LoRaSender.dir/home/leon/pico/pico-sdk/lib/tinyusb/src/common/tusb_fifo.c.obj
                0x0000000010006b08                tu_fifo_set_overwritable
 .text.startup._retrieve_unique_id_on_boot
                0x0000000010006b44       0x10 CMakeFiles/LoRaSender.dir/home/leon/pico/pico-sdk/src/rp2_common/pico_unique_id/unique_id.c.obj
 .text.pico_get_unique_board_id_string
                0x0000000010006b54      0x1a8 CMakeFiles/LoRaSender.dir/home/leon/pico/pico-sdk/src/rp2_common/pico_unique_id/unique_id.c.obj
                0x0000000010006b54                pico_get_unique_board_id_string
 .text.flash_get_unique_id
                0x0000000010006cfc       0x40 CMakeFiles/LoRaSender.dir/home/leon/pico/pico-sdk/src/rp2_common/hardware_flash/flash.c.obj
                0x0000000010006cfc                flash_get_unique_id
 .text.spi_init
                0x0000000010006d3c       0xf8 CMakeFiles/LoRaSender.dir/home/leon/pico/pico-sdk/src/rp2_common/hardware_spi/spi.c.obj
                0x0000000010006d3c                spi_init
 .text._ZN5Print17availableForWriteEv
                0x0000000010006e34        0x4 ../../src/libLoRa_pico_lib.a(LoRa-RP2040.cpp.obj)
                0x0000000010006e34                Print::availableForWrite()
 .text._ZN9LoRaClass5flushEv
                0x0000000010006e38        0x4 ../../src/libLoRa_pico_lib.a(LoRa-RP2040.cpp.obj)
                0x0000000010006e38                LoRaClass::flush()
 .text._ZN9LoRaClass9availableEv
                0x0000000010006e3c       0x64 ../../src/libLoRa_pico_lib.a(LoRa-RP2040.cpp.obj)
                0x0000000010006e3c                LoRaClass::available()
 .text._ZN9LoRaClass4readEv
                0x0000000010006ea0       0xbc ../../src/libLoRa_pico_lib.a(LoRa-RP2040.cpp.obj)
                0x0000000010006ea0                LoRaClass::read()
 .text._ZN9LoRaClass5writeEPKhj
                0x0000000010006f5c      0x104 ../../src/libLoRa_pico_lib.a(LoRa-RP2040.cpp.obj)
                0x0000000010006f5c                LoRaClass::write(unsigned char const*, unsigned int)
 .text._ZN9LoRaClass4peekEv
                0x0000000010007060      0x120 ../../src/libLoRa_pico_lib.a(LoRa-RP2040.cpp.obj)
                0x0000000010007060                LoRaClass::peek()
 .text._ZN9LoRaClass5writeEh
                0x0000000010007180       0xf8 ../../src/libLoRa_pico_lib.a(LoRa-RP2040.cpp.obj)
                0x0000000010007180                LoRaClass::write(unsigned char)
 .text._ZN9LoRaClass5beginEl
                0x0000000010007278      0x330 ../../src/libLoRa_pico_lib.a(LoRa-RP2040.cpp.obj)
                0x0000000010007278                LoRaClass::begin(long)
 .text._ZN9LoRaClass11beginPacketEi
                0x00000000100075a8      0x214 ../../src/libLoRa_pico_lib.a(LoRa-RP2040.cpp.obj)
                0x00000000100075a8                LoRaClass::beginPacket(int)
 .text._ZN9LoRaClass9endPacketEb
                0x00000000100077bc      0x16c ../../src/libLoRa_pico_lib.a(LoRa-RP2040.cpp.obj)
                0x00000000100077bc                LoRaClass::endPacket(bool)
 .text.startup._GLOBAL__sub_I__ZN9LoRaClassC2Ev
                0x0000000010007928       0x34 ../../src/libLoRa_pico_lib.a(LoRa-RP2040.cpp.obj)
 .text          0x000000001000795c      0xae4 ../../src/libLoRa_print.a(Print.cpp.obj)
                0x000000001000795c                Print::write(unsigned char const*, unsigned int)
                0x0000000010007984                Print::print(std::__cxx11::basic_string<char, std::char_traits<char>, std::allocator<char> >)
                0x00000000100079c8                Print::print(char)
                0x00000000100079d4                Print::print(char const*)
                0x0000000010007a34                Print::println()
                0x0000000010007a70                Print::println(char const*)
                0x0000000010007b10                Print::println(char)
                0x0000000010007b5c                Print::printNumber(unsigned long, unsigned char)
                0x0000000010007bf8                Print::print(long, int)
                0x0000000010007c3c                Print::println(int, int)
                0x0000000010007c88                Print::println(long, int)
                0x0000000010007cd4                Print::print(unsigned long, int)
                0x0000000010007cec                Print::print(unsigned int, int)
                0x0000000010007d04                Print::print(unsigned char, int)
                0x0000000010007d1c                Print::println(unsigned int, int)
                0x0000000010007d80                Print::println(unsigned long, int)
                0x0000000010007de4                Print::println(unsigned char, int)
                0x0000000010007e48                Print::print(int, int)
                0x0000000010007e8c                Print::printULLNumber(unsigned long long, unsigned char)
                0x0000000010007fd0                Print::print(long long, int)
                0x0000000010008024                Print::print(unsigned long long, int)
                0x0000000010008044                Print::println(unsigned long long, int)
                0x00000000100080b0                Print::println(long long, int)
                0x000000001000814c                Print::printFloat(double, int)
                0x00000000100083dc                Print::print(double, int)
                0x00000000100083ec                Print::println(double, int)
 .text._ZNK10__cxxabiv117__class_type_info11__do_upcastEPKS0_PPv
                0x0000000010008440       0x34 /home/leon/pico/pico-sdk/toolchain/gcc-arm-none-eabi-10.3-2021.10/bin/../lib/gcc/arm-none-eabi/10.3.1/../../../../arm-none-eabi/lib/thumb/v6-m/nofp/libstdc++.a(class_type_info.o)
                0x0000000010008440                __cxxabiv1::__class_type_info::__do_upcast(__cxxabiv1::__class_type_info const*, void**) const
 .text._ZNK10__cxxabiv117__class_type_info20__do_find_public_srcEiPKvPKS0_S2_
                0x0000000010008474       0x14 /home/leon/pico/pico-sdk/toolchain/gcc-arm-none-eabi-10.3-2021.10/bin/../lib/gcc/arm-none-eabi/10.3.1/../../../../arm-none-eabi/lib/thumb/v6-m/nofp/libstdc++.a(class_type_info.o)
                0x0000000010008474                __cxxabiv1::__class_type_info::__do_find_public_src(int, void const*, __cxxabiv1::__class_type_info const*, void const*) const
 .text._ZN10__cxxabiv117__class_type_infoD2Ev
                0x0000000010008488       0x18 /home/leon/pico/pico-sdk/toolchain/gcc-arm-none-eabi-10.3-2021.10/bin/../lib/gcc/arm-none-eabi/10.3.1/../../../../arm-none-eabi/lib/thumb/v6-m/nofp/libstdc++.a(class_type_info.o)
                0x0000000010008488                __cxxabiv1::__class_type_info::~__class_type_info()
                0x0000000010008488                __cxxabiv1::__class_type_info::~__class_type_info()
 .text._ZN10__cxxabiv117__class_type_infoD0Ev
                0x00000000100084a0       0x20 /home/leon/pico/pico-sdk/toolchain/gcc-arm-none-eabi-10.3-2021.10/bin/../lib/gcc/arm-none-eabi/10.3.1/../../../../arm-none-eabi/lib/thumb/v6-m/nofp/libstdc++.a(class_type_info.o)
                0x00000000100084a0                __cxxabiv1::__class_type_info::~__class_type_info()
 .text._ZNK10__cxxabiv117__class_type_info12__do_dyncastEiNS0_10__sub_kindEPKS0_PKvS3_S5_RNS0_16__dyncast_resultE
                0x00000000100084c0       0x40 /home/leon/pico/pico-sdk/toolchain/gcc-arm-none-eabi-10.3-2021.10/bin/../lib/gcc/arm-none-eabi/10.3.1/../../../../arm-none-eabi/lib/thumb/v6-m/nofp/libstdc++.a(class_type_info.o)
                0x00000000100084c0                __cxxabiv1::__class_type_info::__do_dyncast(int, __cxxabiv1::__class_type_info::__sub_kind, __cxxabiv1::__class_type_info const*, void const*, __cxxabiv1::__class_type_info const*, void const*, __cxxabiv1::__class_type_info::__dyncast_result&) const
 .text._ZNK10__cxxabiv117__class_type_info11__do_upcastEPKS0_PKvRNS0_15__upcast_resultE
                0x0000000010008500       0x1c /home/leon/pico/pico-sdk/toolchain/gcc-arm-none-eabi-10.3-2021.10/bin/../lib/gcc/arm-none-eabi/10.3.1/../../../../arm-none-eabi/lib/thumb/v6-m/nofp/libstdc++.a(class_type_info.o)
                0x0000000010008500                __cxxabiv1::__class_type_info::__do_upcast(__cxxabiv1::__class_type_info const*, void const*, __cxxabiv1::__class_type_info::__upcast_result&) const
 .text._ZNK10__cxxabiv117__class_type_info10__do_catchEPKSt9type_infoPPvj
                0x000000001000851c       0x24 /home/leon/pico/pico-sdk/toolchain/gcc-arm-none-eabi-10.3-2021.10/bin/../lib/gcc/arm-none-eabi/10.3.1/../../../../arm-none-eabi/lib/thumb/v6-m/nofp/libstdc++.a(class_type_info.o)
                0x000000001000851c                __cxxabiv1::__class_type_info::__do_catch(std::type_info const*, void**, unsigned int) const
 .text._ZdlPvj  0x0000000010008540        0x8 /home/leon/pico/pico-sdk/toolchain/gcc-arm-none-eabi-10.3-2021.10/bin/../lib/gcc/arm-none-eabi/10.3.1/../../../../arm-none-eabi/lib/thumb/v6-m/nofp/libstdc++.a(del_ops.o)
                0x0000000010008540                operator delete(void*, unsigned int)
 .text._ZN10__cxxabiv120__si_class_type_infoD2Ev
                0x0000000010008548       0x18 /home/leon/pico/pico-sdk/toolchain/gcc-arm-none-eabi-10.3-2021.10/bin/../lib/gcc/arm-none-eabi/10.3.1/../../../../arm-none-eabi/lib/thumb/v6-m/nofp/libstdc++.a(si_class_type_info.o)
                0x0000000010008548                __cxxabiv1::__si_class_type_info::~__si_class_type_info()
                0x0000000010008548                __cxxabiv1::__si_class_type_info::~__si_class_type_info()
 .text._ZN10__cxxabiv120__si_class_type_infoD0Ev
                0x0000000010008560       0x20 /home/leon/pico/pico-sdk/toolchain/gcc-arm-none-eabi-10.3-2021.10/bin/../lib/gcc/arm-none-eabi/10.3.1/../../../../arm-none-eabi/lib/thumb/v6-m/nofp/libstdc++.a(si_class_type_info.o)
                0x0000000010008560                __cxxabiv1::__si_class_type_info::~__si_class_type_info()
 .text._ZNK10__cxxabiv120__si_class_type_info20__do_find_public_srcEiPKvPKNS_17__class_type_infoES2_
                0x0000000010008580       0x38 /home/leon/pico/pico-sdk/toolchain/gcc-arm-none-eabi-10.3-2021.10/bin/../lib/gcc/arm-none-eabi/10.3.1/../../../../arm-none-eabi/lib/thumb/v6-m/nofp/libstdc++.a(si_class_type_info.o)
                0x0000000010008580                __cxxabiv1::__si_class_type_info::__do_find_public_src(int, void const*, __cxxabiv1::__class_type_info const*, void const*) const
 .text._ZNK10__cxxabiv120__si_class_type_info12__do_dyncastEiNS_17__class_type_info10__sub_kindEPKS1_PKvS4_S6_RNS1_16__dyncast_resultE
                0x00000000100085b8       0x9c /home/leon/pico/pico-sdk/toolchain/gcc-arm-none-eabi-10.3-2021.10/bin/../lib/gcc/arm-none-eabi/10.3.1/../../../../arm-none-eabi/lib/thumb/v6-m/nofp/libstdc++.a(si_class_type_info.o)
                0x00000000100085b8                __cxxabiv1::__si_class_type_info::__do_dyncast(int, __cxxabiv1::__class_type_info::__sub_kind, __cxxabiv1::__class_type_info const*, void const*, __cxxabiv1::__class_type_info const*, void const*, __cxxabiv1::__class_type_info::__dyncast_result&) const
 .text._ZNK10__cxxabiv120__si_class_type_info11__do_upcastEPKNS_17__class_type_infoEPKvRNS1_15__upcast_resultE
                0x0000000010008654       0x24 /home/leon/pico/pico-sdk/toolchain/gcc-arm-none-eabi-10.3-2021.10/bin/../lib/gcc/arm-none-eabi/10.3.1/../../../../arm-none-eabi/lib/thumb/v6-m/nofp/libstdc++.a(si_class_type_info.o)
                0x0000000010008654                __cxxabiv1::__si_class_type_info::__do_upcast(__cxxabiv1::__class_type_info const*, void const*, __cxxabiv1::__class_type_info::__upcast_result&) const
 .text._ZNSt9type_infoD2Ev
                0x0000000010008678        0x4 /home/leon/pico/pico-sdk/toolchain/gcc-arm-none-eabi-10.3-2021.10/bin/../lib/gcc/arm-none-eabi/10.3.1/../../../../arm-none-eabi/lib/thumb/v6-m/nofp/libstdc++.a(tinfo.o)
                0x0000000010008678                std::type_info::~type_info()
                0x0000000010008678                std::type_info::~type_info()
 .text._ZNKSt9type_info14__is_pointer_pEv
                0x000000001000867c        0x4 /home/leon/pico/pico-sdk/toolchain/gcc-arm-none-eabi-10.3-2021.10/bin/../lib/gcc/arm-none-eabi/10.3.1/../../../../arm-none-eabi/lib/thumb/v6-m/nofp/libstdc++.a(tinfo.o)
                0x000000001000867c                std::type_info::__is_function_p() const
                0x000000001000867c                std::type_info::__is_pointer_p() const
 .text._ZNKSt9type_infoeqERKS_
                0x0000000010008680       0x30 /home/leon/pico/pico-sdk/toolchain/gcc-arm-none-eabi-10.3-2021.10/bin/../lib/gcc/arm-none-eabi/10.3.1/../../../../arm-none-eabi/lib/thumb/v6-m/nofp/libstdc++.a(tinfo.o)
                0x0000000010008680                std::type_info::operator==(std::type_info const&) const
 .text._ZdlPv   0x00000000100086b0        0x8 /home/leon/pico/pico-sdk/toolchain/gcc-arm-none-eabi-10.3-2021.10/bin/../lib/gcc/arm-none-eabi/10.3.1/../../../../arm-none-eabi/lib/thumb/v6-m/nofp/libstdc++.a(del_op.o)
                0x00000000100086b0                operator delete(void*)
 .text._ZN10__cxxabiv111__terminateEPFvvE
                0x00000000100086b8       0x28 /home/leon/pico/pico-sdk/toolchain/gcc-arm-none-eabi-10.3-2021.10/bin/../lib/gcc/arm-none-eabi/10.3.1/../../../../arm-none-eabi/lib/thumb/v6-m/nofp/libstdc++.a(eh_terminate.o)
                0x00000000100086b8                __cxxabiv1::__terminate(void (*)())
 .text._ZSt9terminatev
                0x00000000100086e0       0x10 /home/leon/pico/pico-sdk/toolchain/gcc-arm-none-eabi-10.3-2021.10/bin/../lib/gcc/arm-none-eabi/10.3.1/../../../../arm-none-eabi/lib/thumb/v6-m/nofp/libstdc++.a(eh_terminate.o)
                0x00000000100086e0                std::terminate()
 .text._ZN10__cxxabiv112__unexpectedEPFvvE
                0x00000000100086f0        0x8 /home/leon/pico/pico-sdk/toolchain/gcc-arm-none-eabi-10.3-2021.10/bin/../lib/gcc/arm-none-eabi/10.3.1/../../../../arm-none-eabi/lib/thumb/v6-m/nofp/libstdc++.a(eh_terminate.o)
                0x00000000100086f0                __cxxabiv1::__unexpected(void (*)())
 .text._ZSt10unexpectedv
                0x00000000100086f8       0x10 /home/leon/pico/pico-sdk/toolchain/gcc-arm-none-eabi-10.3-2021.10/bin/../lib/gcc/arm-none-eabi/10.3.1/../../../../arm-none-eabi/lib/thumb/v6-m/nofp/libstdc++.a(eh_terminate.o)
                0x00000000100086f8                std::unexpected()
 .text._ZSt13get_terminatev
                0x0000000010008708        0xc /home/leon/pico/pico-sdk/toolchain/gcc-arm-none-eabi-10.3-2021.10/bin/../lib/gcc/arm-none-eabi/10.3.1/../../../../arm-none-eabi/lib/thumb/v6-m/nofp/libstdc++.a(eh_terminate.o)
                0x0000000010008708                std::get_terminate()
 .text._ZSt14get_unexpectedv
                0x0000000010008714        0xc /home/leon/pico/pico-sdk/toolchain/gcc-arm-none-eabi-10.3-2021.10/bin/../lib/gcc/arm-none-eabi/10.3.1/../../../../arm-none-eabi/lib/thumb/v6-m/nofp/libstdc++.a(eh_terminate.o)
                0x0000000010008714                std::get_unexpected()
 .text._ZN9__gnu_cxx27__verbose_terminate_handlerEv
                0x0000000010008720      0x114 /home/leon/pico/pico-sdk/toolchain/gcc-arm-none-eabi-10.3-2021.10/bin/../lib/gcc/arm-none-eabi/10.3.1/../../../../arm-none-eabi/lib/thumb/v6-m/nofp/libstdc++.a(vterminate.o)
                0x0000000010008720                __gnu_cxx::__verbose_terminate_handler()
 .text          0x0000000010008834     0x67e4 /home/leon/pico/pico-sdk/toolchain/gcc-arm-none-eabi-10.3-2021.10/bin/../lib/gcc/arm-none-eabi/10.3.1/../../../../arm-none-eabi/lib/thumb/v6-m/nofp/libstdc++.a(cp-demangle.o)
                0x000000001000ef24                __cxa_demangle
                0x000000001000eff8                __gcclibcxx_demangle_callback
 .text.__cxa_end_cleanup
                0x000000001000f018        0xc /home/leon/pico/pico-sdk/toolchain/gcc-arm-none-eabi-10.3-2021.10/bin/../lib/gcc/arm-none-eabi/10.3.1/../../../../arm-none-eabi/lib/thumb/v6-m/nofp/libstdc++.a(eh_arm.o)
                0x000000001000f018                __cxa_end_cleanup
 .text.__cxa_type_match
                0x000000001000f024       0xc0 /home/leon/pico/pico-sdk/toolchain/gcc-arm-none-eabi-10.3-2021.10/bin/../lib/gcc/arm-none-eabi/10.3.1/../../../../arm-none-eabi/lib/thumb/v6-m/nofp/libstdc++.a(eh_arm.o)
                0x000000001000f024                __cxa_type_match
 .text.__cxa_begin_cleanup
                0x000000001000f0e4       0x60 /home/leon/pico/pico-sdk/toolchain/gcc-arm-none-eabi-10.3-2021.10/bin/../lib/gcc/arm-none-eabi/10.3.1/../../../../arm-none-eabi/lib/thumb/v6-m/nofp/libstdc++.a(eh_arm.o)
                0x000000001000f0e4                __cxa_begin_cleanup
 .text.__gnu_end_cleanup
                0x000000001000f144       0x70 /home/leon/pico/pico-sdk/toolchain/gcc-arm-none-eabi-10.3-2021.10/bin/../lib/gcc/arm-none-eabi/10.3.1/../../../../arm-none-eabi/lib/thumb/v6-m/nofp/libstdc++.a(eh_arm.o)
                0x000000001000f144                __gnu_end_cleanup
 .text._ZN10__cxxabiv1L24__is_gxx_exception_classEPc
                0x000000001000f1b4       0x3c /home/leon/pico/pico-sdk/toolchain/gcc-arm-none-eabi-10.3-2021.10/bin/../lib/gcc/arm-none-eabi/10.3.1/../../../../arm-none-eabi/lib/thumb/v6-m/nofp/libstdc++.a(eh_call.o)
 .text.__cxa_call_terminate
                0x000000001000f1f0       0x20 /home/leon/pico/pico-sdk/toolchain/gcc-arm-none-eabi-10.3-2021.10/bin/../lib/gcc/arm-none-eabi/10.3.1/../../../../arm-none-eabi/lib/thumb/v6-m/nofp/libstdc++.a(eh_call.o)
                0x000000001000f1f0                __cxa_call_terminate
 .text.unlikely.__cxa_call_unexpected
                0x000000001000f210      0x100 /home/leon/pico/pico-sdk/toolchain/gcc-arm-none-eabi-10.3-2021.10/bin/../lib/gcc/arm-none-eabi/10.3.1/../../../../arm-none-eabi/lib/thumb/v6-m/nofp/libstdc++.a(eh_call.o)
                0x000000001000f210                __cxa_call_unexpected
 .text.__cxa_begin_catch
                0x000000001000f310       0x74 /home/leon/pico/pico-sdk/toolchain/gcc-arm-none-eabi-10.3-2021.10/bin/../lib/gcc/arm-none-eabi/10.3.1/../../../../arm-none-eabi/lib/thumb/v6-m/nofp/libstdc++.a(eh_catch.o)
                0x000000001000f310                __cxa_begin_catch
 .text.__cxa_end_catch
                0x000000001000f384       0x90 /home/leon/pico/pico-sdk/toolchain/gcc-arm-none-eabi-10.3-2021.10/bin/../lib/gcc/arm-none-eabi/10.3.1/../../../../arm-none-eabi/lib/thumb/v6-m/nofp/libstdc++.a(eh_catch.o)
                0x000000001000f384                __cxa_end_catch
 .text._ZNSt13bad_exceptionD2Ev
                0x000000001000f414        0x4 /home/leon/pico/pico-sdk/toolchain/gcc-arm-none-eabi-10.3-2021.10/bin/../lib/gcc/arm-none-eabi/10.3.1/../../../../arm-none-eabi/lib/thumb/v6-m/nofp/libstdc++.a(eh_exception.o)
                0x000000001000f414                std::bad_exception::~bad_exception()
                0x000000001000f414                std::bad_exception::~bad_exception()
 .text._ZNKSt13bad_exception4whatEv
                0x000000001000f418        0x8 /home/leon/pico/pico-sdk/toolchain/gcc-arm-none-eabi-10.3-2021.10/bin/../lib/gcc/arm-none-eabi/10.3.1/../../../../arm-none-eabi/lib/thumb/v6-m/nofp/libstdc++.a(eh_exception.o)
                0x000000001000f418                transaction clone for std::bad_exception::what() const
                0x000000001000f418                std::bad_exception::what() const
 .text._ZNSt13bad_exceptionD0Ev
                0x000000001000f420       0x10 /home/leon/pico/pico-sdk/toolchain/gcc-arm-none-eabi-10.3-2021.10/bin/../lib/gcc/arm-none-eabi/10.3.1/../../../../arm-none-eabi/lib/thumb/v6-m/nofp/libstdc++.a(eh_exception.o)
                0x000000001000f420                std::bad_exception::~bad_exception()
 .text.__cxa_get_globals_fast
                0x000000001000f430        0x8 /home/leon/pico/pico-sdk/toolchain/gcc-arm-none-eabi-10.3-2021.10/bin/../lib/gcc/arm-none-eabi/10.3.1/../../../../arm-none-eabi/lib/thumb/v6-m/nofp/libstdc++.a(eh_globals.o)
                0x000000001000f430                __cxa_get_globals_fast
 .text.__cxa_get_globals
                0x000000001000f438        0x8 /home/leon/pico/pico-sdk/toolchain/gcc-arm-none-eabi-10.3-2021.10/bin/../lib/gcc/arm-none-eabi/10.3.1/../../../../arm-none-eabi/lib/thumb/v6-m/nofp/libstdc++.a(eh_globals.o)
                0x000000001000f438                __cxa_get_globals
 .text._ZL28read_encoded_value_with_basehjPKhPj
                0x000000001000f440      0x114 /home/leon/pico/pico-sdk/toolchain/gcc-arm-none-eabi-10.3-2021.10/bin/../lib/gcc/arm-none-eabi/10.3.1/../../../../arm-none-eabi/lib/thumb/v6-m/nofp/libstdc++.a(eh_personality.o)
 .text._ZL21base_of_encoded_valuehP15_Unwind_Context
                0x000000001000f554       0x48 /home/leon/pico/pico-sdk/toolchain/gcc-arm-none-eabi-10.3-2021.10/bin/../lib/gcc/arm-none-eabi/10.3.1/../../../../arm-none-eabi/lib/thumb/v6-m/nofp/libstdc++.a(eh_personality.o)
 .text._ZL17parse_lsda_headerP15_Unwind_ContextPKhP16lsda_header_info
                0x000000001000f59c       0x98 /home/leon/pico/pico-sdk/toolchain/gcc-arm-none-eabi-10.3-2021.10/bin/../lib/gcc/arm-none-eabi/10.3.1/../../../../arm-none-eabi/lib/thumb/v6-m/nofp/libstdc++.a(eh_personality.o)
 .text.__gxx_personality_v0
                0x000000001000f634      0x4c8 /home/leon/pico/pico-sdk/toolchain/gcc-arm-none-eabi-10.3-2021.10/bin/../lib/gcc/arm-none-eabi/10.3.1/../../../../arm-none-eabi/lib/thumb/v6-m/nofp/libstdc++.a(eh_personality.o)
                0x000000001000f634                __gxx_personality_v0
 .text._ZL23__gxx_exception_cleanup19_Unwind_Reason_CodeP21_Unwind_Control_Block
                0x000000001000fafc       0x34 /home/leon/pico/pico-sdk/toolchain/gcc-arm-none-eabi-10.3-2021.10/bin/../lib/gcc/arm-none-eabi/10.3.1/../../../../arm-none-eabi/lib/thumb/v6-m/nofp/libstdc++.a(eh_throw.o)
 .text.__cxa_init_primary_exception
                0x000000001000fb30       0x4c /home/leon/pico/pico-sdk/toolchain/gcc-arm-none-eabi-10.3-2021.10/bin/../lib/gcc/arm-none-eabi/10.3.1/../../../../arm-none-eabi/lib/thumb/v6-m/nofp/libstdc++.a(eh_throw.o)
                0x000000001000fb30                __cxa_init_primary_exception
 .text.__cxa_throw
                0x000000001000fb7c       0x34 /home/leon/pico/pico-sdk/toolchain/gcc-arm-none-eabi-10.3-2021.10/bin/../lib/gcc/arm-none-eabi/10.3.1/../../../../arm-none-eabi/lib/thumb/v6-m/nofp/libstdc++.a(eh_throw.o)
                0x000000001000fb7c                __cxa_throw
 .text.__cxa_rethrow
                0x000000001000fbb0       0x70 /home/leon/pico/pico-sdk/toolchain/gcc-arm-none-eabi-10.3-2021.10/bin/../lib/gcc/arm-none-eabi/10.3.1/../../../../arm-none-eabi/lib/thumb/v6-m/nofp/libstdc++.a(eh_throw.o)
                0x000000001000fbb0                __cxa_rethrow
 .text.__cxa_current_exception_type
                0x000000001000fc20       0x20 /home/leon/pico/pico-sdk/toolchain/gcc-arm-none-eabi-10.3-2021.10/bin/../lib/gcc/arm-none-eabi/10.3.1/../../../../arm-none-eabi/lib/thumb/v6-m/nofp/libstdc++.a(eh_type.o)
                0x000000001000fc20                __cxa_current_exception_type
 .text._ZN12_GLOBAL__N_14pool4freeEPv.constprop.0
                0x000000001000fc40       0x78 /home/leon/pico/pico-sdk/toolchain/gcc-arm-none-eabi-10.3-2021.10/bin/../lib/gcc/arm-none-eabi/10.3.1/../../../../arm-none-eabi/lib/thumb/v6-m/nofp/libstdc++.a(eh_alloc.o)
 .text._ZN12_GLOBAL__N_14pool8allocateEj.constprop.0
                0x000000001000fcb8       0x54 /home/leon/pico/pico-sdk/toolchain/gcc-arm-none-eabi-10.3-2021.10/bin/../lib/gcc/arm-none-eabi/10.3.1/../../../../arm-none-eabi/lib/thumb/v6-m/nofp/libstdc++.a(eh_alloc.o)
 .text.__cxa_allocate_exception
                0x000000001000fd0c       0x2c /home/leon/pico/pico-sdk/toolchain/gcc-arm-none-eabi-10.3-2021.10/bin/../lib/gcc/arm-none-eabi/10.3.1/../../../../arm-none-eabi/lib/thumb/v6-m/nofp/libstdc++.a(eh_alloc.o)
                0x000000001000fd0c                __cxa_allocate_exception
 .text.__cxa_free_exception
                0x000000001000fd38       0x24 /home/leon/pico/pico-sdk/toolchain/gcc-arm-none-eabi-10.3-2021.10/bin/../lib/gcc/arm-none-eabi/10.3.1/../../../../arm-none-eabi/lib/thumb/v6-m/nofp/libstdc++.a(eh_alloc.o)
                0x000000001000fd38                __cxa_free_exception
 .text.startup._GLOBAL__sub_I__ZN9__gnu_cxx9__freeresEv
                0x000000001000fd5c       0x2c /home/leon/pico/pico-sdk/toolchain/gcc-arm-none-eabi-10.3-2021.10/bin/../lib/gcc/arm-none-eabi/10.3.1/../../../../arm-none-eabi/lib/thumb/v6-m/nofp/libstdc++.a(eh_alloc.o)
 .text.abort    0x000000001000fd88       0x10 /home/leon/pico/pico-sdk/toolchain/gcc-arm-none-eabi-10.3-2021.10/bin/../lib/gcc/arm-none-eabi/10.3.1/../../../../arm-none-eabi/lib/thumb/v6-m/nofp/libc.a(lib_a-abort.o)
                0x000000001000fd88                abort
 .text.fputc    0x000000001000fd98       0x58 /home/leon/pico/pico-sdk/toolchain/gcc-arm-none-eabi-10.3-2021.10/bin/../lib/gcc/arm-none-eabi/10.3.1/../../../../arm-none-eabi/lib/thumb/v6-m/nofp/libc.a(lib_a-fputc.o)
                0x000000001000fd98                fputc
 .text._fputs_r
                0x000000001000fdf0       0x8c /home/leon/pico/pico-sdk/toolchain/gcc-arm-none-eabi-10.3-2021.10/bin/../lib/gcc/arm-none-eabi/10.3.1/../../../../arm-none-eabi/lib/thumb/v6-m/nofp/libc.a(lib_a-fputs.o)
                0x000000001000fdf0                _fputs_r
 .text.fputs    0x000000001000fe7c       0x18 /home/leon/pico/pico-sdk/toolchain/gcc-arm-none-eabi-10.3-2021.10/bin/../lib/gcc/arm-none-eabi/10.3.1/../../../../arm-none-eabi/lib/thumb/v6-m/nofp/libc.a(lib_a-fputs.o)
                0x000000001000fe7c                fputs
 .text.__sfvwrite_r
                0x000000001000fe94      0x2f4 /home/leon/pico/pico-sdk/toolchain/gcc-arm-none-eabi-10.3-2021.10/bin/../lib/gcc/arm-none-eabi/10.3.1/../../../../arm-none-eabi/lib/thumb/v6-m/nofp/libc.a(lib_a-fvwrite.o)
                0x000000001000fe94                __sfvwrite_r
 .text._fwrite_r
                0x0000000010010188       0xb0 /home/leon/pico/pico-sdk/toolchain/gcc-arm-none-eabi-10.3-2021.10/bin/../lib/gcc/arm-none-eabi/10.3.1/../../../../arm-none-eabi/lib/thumb/v6-m/nofp/libc.a(lib_a-fwrite.o)
                0x0000000010010188                _fwrite_r
 .text.fwrite   0x0000000010010238       0x20 /home/leon/pico/pico-sdk/toolchain/gcc-arm-none-eabi-10.3-2021.10/bin/../lib/gcc/arm-none-eabi/10.3.1/../../../../arm-none-eabi/lib/thumb/v6-m/nofp/libc.a(lib_a-fwrite.o)
                0x0000000010010238                fwrite
 .text.__retarget_lock_init_recursive
                0x0000000010010258        0x4 /home/leon/pico/pico-sdk/toolchain/gcc-arm-none-eabi-10.3-2021.10/bin/../lib/gcc/arm-none-eabi/10.3.1/../../../../arm-none-eabi/lib/thumb/v6-m/nofp/libc.a(lib_a-lock.o)
                0x0000000010010258                __retarget_lock_init_recursive
 .text.__retarget_lock_close_recursive
                0x000000001001025c        0x4 /home/leon/pico/pico-sdk/toolchain/gcc-arm-none-eabi-10.3-2021.10/bin/../lib/gcc/arm-none-eabi/10.3.1/../../../../arm-none-eabi/lib/thumb/v6-m/nofp/libc.a(lib_a-lock.o)
                0x000000001001025c                __retarget_lock_close_recursive
 .text.__retarget_lock_acquire_recursive
                0x0000000010010260        0x4 /home/leon/pico/pico-sdk/toolchain/gcc-arm-none-eabi-10.3-2021.10/bin/../lib/gcc/arm-none-eabi/10.3.1/../../../../arm-none-eabi/lib/thumb/v6-m/nofp/libc.a(lib_a-lock.o)
                0x0000000010010260                __retarget_lock_acquire_recursive
 .text.__retarget_lock_release_recursive
                0x0000000010010264        0x4 /home/leon/pico/pico-sdk/toolchain/gcc-arm-none-eabi-10.3-2021.10/bin/../lib/gcc/arm-none-eabi/10.3.1/../../../../arm-none-eabi/lib/thumb/v6-m/nofp/libc.a(lib_a-lock.o)
                0x0000000010010264                __retarget_lock_release_recursive
 .text.malloc   0x0000000010010268       0x14 /home/leon/pico/pico-sdk/toolchain/gcc-arm-none-eabi-10.3-2021.10/bin/../lib/gcc/arm-none-eabi/10.3.1/../../../../arm-none-eabi/lib/thumb/v6-m/nofp/libc.a(lib_a-malloc.o)
                0x0000000010010268                malloc
 .text.free     0x000000001001027c       0x14 /home/leon/pico/pico-sdk/toolchain/gcc-arm-none-eabi-10.3-2021.10/bin/../lib/gcc/arm-none-eabi/10.3.1/../../../../arm-none-eabi/lib/thumb/v6-m/nofp/libc.a(lib_a-malloc.o)
                0x000000001001027c                free
 .text._malloc_r
                0x0000000010010290      0x584 /home/leon/pico/pico-sdk/toolchain/gcc-arm-none-eabi-10.3-2021.10/bin/../lib/gcc/arm-none-eabi/10.3.1/../../../../arm-none-eabi/lib/thumb/v6-m/nofp/libc.a(lib_a-mallocr.o)
                0x0000000010010290                _malloc_r
 .text.__malloc_lock
                0x0000000010010814       0x10 /home/leon/pico/pico-sdk/toolchain/gcc-arm-none-eabi-10.3-2021.10/bin/../lib/gcc/arm-none-eabi/10.3.1/../../../../arm-none-eabi/lib/thumb/v6-m/nofp/libc.a(lib_a-mlock.o)
                0x0000000010010814                __malloc_lock
 .text.__malloc_unlock
                0x0000000010010824       0x10 /home/leon/pico/pico-sdk/toolchain/gcc-arm-none-eabi-10.3-2021.10/bin/../lib/gcc/arm-none-eabi/10.3.1/../../../../arm-none-eabi/lib/thumb/v6-m/nofp/libc.a(lib_a-mlock.o)
                0x0000000010010824                __malloc_unlock
 .text._putc_r  0x0000000010010834       0x74 /home/leon/pico/pico-sdk/toolchain/gcc-arm-none-eabi-10.3-2021.10/bin/../lib/gcc/arm-none-eabi/10.3.1/../../../../arm-none-eabi/lib/thumb/v6-m/nofp/libc.a(lib_a-putc.o)
                0x0000000010010834                _putc_r
 .text.realloc  0x00000000100108a8       0x18 /home/leon/pico/pico-sdk/toolchain/gcc-arm-none-eabi-10.3-2021.10/bin/../lib/gcc/arm-none-eabi/10.3.1/../../../../arm-none-eabi/lib/thumb/v6-m/nofp/libc.a(lib_a-realloc.o)
                0x00000000100108a8                realloc
 .text._realloc_r
                0x00000000100108c0      0x354 /home/leon/pico/pico-sdk/toolchain/gcc-arm-none-eabi-10.3-2021.10/bin/../lib/gcc/arm-none-eabi/10.3.1/../../../../arm-none-eabi/lib/thumb/v6-m/nofp/libc.a(lib_a-reallocr.o)
                0x00000000100108c0                _realloc_r
 .text._sbrk_r  0x0000000010010c14       0x24 /home/leon/pico/pico-sdk/toolchain/gcc-arm-none-eabi-10.3-2021.10/bin/../lib/gcc/arm-none-eabi/10.3.1/../../../../arm-none-eabi/lib/thumb/v6-m/nofp/libc.a(lib_a-sbrkr.o)
                0x0000000010010c14                _sbrk_r
 .text.raise    0x0000000010010c38       0x60 /home/leon/pico/pico-sdk/toolchain/gcc-arm-none-eabi-10.3-2021.10/bin/../lib/gcc/arm-none-eabi/10.3.1/../../../../arm-none-eabi/lib/thumb/v6-m/nofp/libc.a(lib_a-signal.o)
                0x0000000010010c38                raise
 .text._kill_r  0x0000000010010c98       0x28 /home/leon/pico/pico-sdk/toolchain/gcc-arm-none-eabi-10.3-2021.10/bin/../lib/gcc/arm-none-eabi/10.3.1/../../../../arm-none-eabi/lib/thumb/v6-m/nofp/libc.a(lib_a-signalr.o)
                0x0000000010010c98                _kill_r
 .text._getpid_r
                0x0000000010010cc0        0x8 /home/leon/pico/pico-sdk/toolchain/gcc-arm-none-eabi-10.3-2021.10/bin/../lib/gcc/arm-none-eabi/10.3.1/../../../../arm-none-eabi/lib/thumb/v6-m/nofp/libc.a(lib_a-signalr.o)
                0x0000000010010cc0                _getpid_r
 .text          0x0000000010010cc8       0x88 /home/leon/pico/pico-sdk/toolchain/gcc-arm-none-eabi-10.3-2021.10/bin/../lib/gcc/arm-none-eabi/10.3.1/../../../../arm-none-eabi/lib/thumb/v6-m/nofp/libc.a(lib_a-strcmp.o)
                0x0000000010010cc8                strcmp
 .text.strlen   0x0000000010010d50       0x5c /home/leon/pico/pico-sdk/toolchain/gcc-arm-none-eabi-10.3-2021.10/bin/../lib/gcc/arm-none-eabi/10.3.1/../../../../arm-none-eabi/lib/thumb/v6-m/nofp/libc.a(lib_a-strlen-stub.o)
                0x0000000010010d50                strlen
 .text.strncmp  0x0000000010010dac       0x74 /home/leon/pico/pico-sdk/toolchain/gcc-arm-none-eabi-10.3-2021.10/bin/../lib/gcc/arm-none-eabi/10.3.1/../../../../arm-none-eabi/lib/thumb/v6-m/nofp/libc.a(lib_a-strncmp.o)
                0x0000000010010dac                strncmp
 .text.__swbuf_r
                0x0000000010010e20       0xc8 /home/leon/pico/pico-sdk/toolchain/gcc-arm-none-eabi-10.3-2021.10/bin/../lib/gcc/arm-none-eabi/10.3.1/../../../../arm-none-eabi/lib/thumb/v6-m/nofp/libc.a(lib_a-wbuf.o)
                0x0000000010010e20                __swbuf_r
 .text._write_r
                0x0000000010010ee8       0x28 /home/leon/pico/pico-sdk/toolchain/gcc-arm-none-eabi-10.3-2021.10/bin/../lib/gcc/arm-none-eabi/10.3.1/../../../../arm-none-eabi/lib/thumb/v6-m/nofp/libc.a(lib_a-writer.o)
                0x0000000010010ee8                _write_r
 .text.__swsetup_r
                0x0000000010010f10       0xdc /home/leon/pico/pico-sdk/toolchain/gcc-arm-none-eabi-10.3-2021.10/bin/../lib/gcc/arm-none-eabi/10.3.1/../../../../arm-none-eabi/lib/thumb/v6-m/nofp/libc.a(lib_a-wsetup.o)
                0x0000000010010f10                __swsetup_r
 .text.__sflush_r
                0x0000000010010fec      0x140 /home/leon/pico/pico-sdk/toolchain/gcc-arm-none-eabi-10.3-2021.10/bin/../lib/gcc/arm-none-eabi/10.3.1/../../../../arm-none-eabi/lib/thumb/v6-m/nofp/libc.a(lib_a-fflush.o)
                0x0000000010010fec                __sflush_r
 .text._fflush_r
                0x000000001001112c       0x6c /home/leon/pico/pico-sdk/toolchain/gcc-arm-none-eabi-10.3-2021.10/bin/../lib/gcc/arm-none-eabi/10.3.1/../../../../arm-none-eabi/lib/thumb/v6-m/nofp/libc.a(lib_a-fflush.o)
                0x000000001001112c                _fflush_r
 .text._cleanup_r
                0x0000000010011198       0x10 /home/leon/pico/pico-sdk/toolchain/gcc-arm-none-eabi-10.3-2021.10/bin/../lib/gcc/arm-none-eabi/10.3.1/../../../../arm-none-eabi/lib/thumb/v6-m/nofp/libc.a(lib_a-findfp.o)
                0x0000000010011198                _cleanup_r
 .text.__sinit  0x00000000100111a8      0x120 /home/leon/pico/pico-sdk/toolchain/gcc-arm-none-eabi-10.3-2021.10/bin/../lib/gcc/arm-none-eabi/10.3.1/../../../../arm-none-eabi/lib/thumb/v6-m/nofp/libc.a(lib_a-findfp.o)
                0x00000000100111a8                __sinit
 .text.__sfp_lock_acquire
                0x00000000100112c8       0x10 /home/leon/pico/pico-sdk/toolchain/gcc-arm-none-eabi-10.3-2021.10/bin/../lib/gcc/arm-none-eabi/10.3.1/../../../../arm-none-eabi/lib/thumb/v6-m/nofp/libc.a(lib_a-findfp.o)
                0x00000000100112c8                __sfp_lock_acquire
 .text.__sfp_lock_release
                0x00000000100112d8       0x10 /home/leon/pico/pico-sdk/toolchain/gcc-arm-none-eabi-10.3-2021.10/bin/../lib/gcc/arm-none-eabi/10.3.1/../../../../arm-none-eabi/lib/thumb/v6-m/nofp/libc.a(lib_a-findfp.o)
                0x00000000100112d8                __sfp_lock_release
 .text._malloc_trim_r
                0x00000000100112e8       0x9c /home/leon/pico/pico-sdk/toolchain/gcc-arm-none-eabi-10.3-2021.10/bin/../lib/gcc/arm-none-eabi/10.3.1/../../../../arm-none-eabi/lib/thumb/v6-m/nofp/libc.a(lib_a-freer.o)
                0x00000000100112e8                _malloc_trim_r
 .text._free_r  0x0000000010011384      0x1c4 /home/leon/pico/pico-sdk/toolchain/gcc-arm-none-eabi-10.3-2021.10/bin/../lib/gcc/arm-none-eabi/10.3.1/../../../../arm-none-eabi/lib/thumb/v6-m/nofp/libc.a(lib_a-freer.o)
                0x0000000010011384                _free_r
 .text._fwalk_reent
                0x0000000010011548       0x48 /home/leon/pico/pico-sdk/toolchain/gcc-arm-none-eabi-10.3-2021.10/bin/../lib/gcc/arm-none-eabi/10.3.1/../../../../arm-none-eabi/lib/thumb/v6-m/nofp/libc.a(lib_a-fwalk.o)
                0x0000000010011548                _fwalk_reent
 .text.__smakebuf_r
                0x0000000010011590       0xe4 /home/leon/pico/pico-sdk/toolchain/gcc-arm-none-eabi-10.3-2021.10/bin/../lib/gcc/arm-none-eabi/10.3.1/../../../../arm-none-eabi/lib/thumb/v6-m/nofp/libc.a(lib_a-makebuf.o)
                0x0000000010011590                __smakebuf_r
 .text.__sread  0x0000000010011674       0x28 /home/leon/pico/pico-sdk/toolchain/gcc-arm-none-eabi-10.3-2021.10/bin/../lib/gcc/arm-none-eabi/10.3.1/../../../../arm-none-eabi/lib/thumb/v6-m/nofp/libc.a(lib_a-stdio.o)
                0x0000000010011674                __sread
 .text.__swrite
                0x000000001001169c       0x40 /home/leon/pico/pico-sdk/toolchain/gcc-arm-none-eabi-10.3-2021.10/bin/../lib/gcc/arm-none-eabi/10.3.1/../../../../arm-none-eabi/lib/thumb/v6-m/nofp/libc.a(lib_a-stdio.o)
                0x000000001001169c                __swrite
 .text.__sseek  0x00000000100116dc       0x2c /home/leon/pico/pico-sdk/toolchain/gcc-arm-none-eabi-10.3-2021.10/bin/../lib/gcc/arm-none-eabi/10.3.1/../../../../arm-none-eabi/lib/thumb/v6-m/nofp/libc.a(lib_a-stdio.o)
                0x00000000100116dc                __sseek
 .text.__sclose
                0x0000000010011708        0xc /home/leon/pico/pico-sdk/toolchain/gcc-arm-none-eabi-10.3-2021.10/bin/../lib/gcc/arm-none-eabi/10.3.1/../../../../arm-none-eabi/lib/thumb/v6-m/nofp/libc.a(lib_a-stdio.o)
                0x0000000010011708                __sclose
 .text._close_r
                0x0000000010011714       0x24 /home/leon/pico/pico-sdk/toolchain/gcc-arm-none-eabi-10.3-2021.10/bin/../lib/gcc/arm-none-eabi/10.3.1/../../../../arm-none-eabi/lib/thumb/v6-m/nofp/libc.a(lib_a-closer.o)
                0x0000000010011714                _close_r
 .text._fclose_r
                0x0000000010011738       0xdc /home/leon/pico/pico-sdk/toolchain/gcc-arm-none-eabi-10.3-2021.10/bin/../lib/gcc/arm-none-eabi/10.3.1/../../../../arm-none-eabi/lib/thumb/v6-m/nofp/libc.a(lib_a-fclose.o)
                0x0000000010011738                _fclose_r
 .text._fstat_r
                0x0000000010011814       0x28 /home/leon/pico/pico-sdk/toolchain/gcc-arm-none-eabi-10.3-2021.10/bin/../lib/gcc/arm-none-eabi/10.3.1/../../../../arm-none-eabi/lib/thumb/v6-m/nofp/libc.a(lib_a-fstatr.o)
                0x0000000010011814                _fstat_r
 .text._isatty_r
                0x000000001001183c       0x24 /home/leon/pico/pico-sdk/toolchain/gcc-arm-none-eabi-10.3-2021.10/bin/../lib/gcc/arm-none-eabi/10.3.1/../../../../arm-none-eabi/lib/thumb/v6-m/nofp/libc.a(lib_a-isattyr.o)
                0x000000001001183c                _isatty_r
 .text._lseek_r
                0x0000000010011860       0x28 /home/leon/pico/pico-sdk/toolchain/gcc-arm-none-eabi-10.3-2021.10/bin/../lib/gcc/arm-none-eabi/10.3.1/../../../../arm-none-eabi/lib/thumb/v6-m/nofp/libc.a(lib_a-lseekr.o)
                0x0000000010011860                _lseek_r
 .text._read_r  0x0000000010011888       0x28 /home/leon/pico/pico-sdk/toolchain/gcc-arm-none-eabi-10.3-2021.10/bin/../lib/gcc/arm-none-eabi/10.3.1/../../../../arm-none-eabi/lib/thumb/v6-m/nofp/libc.a(lib_a-readr.o)
                0x0000000010011888                _read_r
 .text._close   0x00000000100118b0       0x10 /home/leon/pico/pico-sdk/toolchain/gcc-arm-none-eabi-10.3-2021.10/bin/../lib/gcc/arm-none-eabi/10.3.1/../../../../arm-none-eabi/lib/thumb/v6-m/nofp/libnosys.a(close.o)
                0x00000000100118b0                _close
 .text._fstat   0x00000000100118c0       0x10 /home/leon/pico/pico-sdk/toolchain/gcc-arm-none-eabi-10.3-2021.10/bin/../lib/gcc/arm-none-eabi/10.3.1/../../../../arm-none-eabi/lib/thumb/v6-m/nofp/libnosys.a(fstat.o)
                0x00000000100118c0                _fstat
 .text._getpid  0x00000000100118d0       0x10 /home/leon/pico/pico-sdk/toolchain/gcc-arm-none-eabi-10.3-2021.10/bin/../lib/gcc/arm-none-eabi/10.3.1/../../../../arm-none-eabi/lib/thumb/v6-m/nofp/libnosys.a(getpid.o)
                0x00000000100118d0                _getpid
 .text._isatty  0x00000000100118e0       0x10 /home/leon/pico/pico-sdk/toolchain/gcc-arm-none-eabi-10.3-2021.10/bin/../lib/gcc/arm-none-eabi/10.3.1/../../../../arm-none-eabi/lib/thumb/v6-m/nofp/libnosys.a(isatty.o)
                0x00000000100118e0                _isatty
 .text._kill    0x00000000100118f0       0x10 /home/leon/pico/pico-sdk/toolchain/gcc-arm-none-eabi-10.3-2021.10/bin/../lib/gcc/arm-none-eabi/10.3.1/../../../../arm-none-eabi/lib/thumb/v6-m/nofp/libnosys.a(kill.o)
                0x00000000100118f0                _kill
 .text._lseek   0x0000000010011900       0x10 /home/leon/pico/pico-sdk/toolchain/gcc-arm-none-eabi-10.3-2021.10/bin/../lib/gcc/arm-none-eabi/10.3.1/../../../../arm-none-eabi/lib/thumb/v6-m/nofp/libnosys.a(lseek.o)
                0x0000000010011900                _lseek
 *(.fini)
 .fini          0x0000000010011910        0x4 /home/leon/pico/pico-sdk/toolchain/gcc-arm-none-eabi-10.3-2021.10/bin/../lib/gcc/arm-none-eabi/10.3.1/thumb/v6-m/nofp/crti.o
                0x0000000010011910                _fini
 *fill*         0x0000000010011914        0x4 
 .fini.__stub   0x0000000010011918      0x180 linker stubs
 *crtbegin.o(.ctors)
 *crtbegin?.o(.ctors)
 *(EXCLUDE_FILE(*crtend.o *crtend?.o) .ctors)
 *(SORT_BY_NAME(.ctors.*))
 *(.ctors)
 *crtbegin.o(.dtors)
 *crtbegin?.o(.dtors)
 *(EXCLUDE_FILE(*crtend.o *crtend?.o) .dtors)
 *(SORT_BY_NAME(.dtors.*))
 *(.dtors)
 *(.eh_frame*)
 .eh_frame      0x0000000010011a98        0x0 /home/leon/pico/pico-sdk/toolchain/gcc-arm-none-eabi-10.3-2021.10/bin/../lib/gcc/arm-none-eabi/10.3.1/thumb/v6-m/nofp/crtbegin.o
                0x0000000010011a98                . = ALIGN (0x4)

.glue_7         0x0000000010011a98        0x0
 .glue_7        0x0000000010011a98        0x0 linker stubs

.glue_7t        0x0000000010011a98        0x0
 .glue_7t       0x0000000010011a98        0x0 linker stubs

.vfp11_veneer   0x0000000010011a98        0x0
 .vfp11_veneer  0x0000000010011a98        0x0 linker stubs

.v4_bx          0x0000000010011a98        0x0
 .v4_bx         0x0000000010011a98        0x0 linker stubs

.iplt           0x0000000010011a98        0x0
 .iplt          0x0000000010011a98        0x0 /home/leon/pico/pico-sdk/toolchain/gcc-arm-none-eabi-10.3-2021.10/bin/../lib/gcc/arm-none-eabi/10.3.1/thumb/v6-m/nofp/crtbegin.o

.rodata         0x0000000010011a98     0x2210
 *(EXCLUDE_FILE(*libm.a: *libc.a:*lib_a-mem*.o *libgcc.a:) .rodata*)
 .rodata.main.str1.4
                0x0000000010011a98       0x4b CMakeFiles/LoRaSender.dir/LoRaSender.cpp.obj
 *fill*         0x0000000010011ae3        0x1 
 .rodata.spin_lock_claim_unused.str1.4
                0x0000000010011ae4       0x1b CMakeFiles/LoRaSender.dir/home/leon/pico/pico-sdk/src/rp2_common/hardware_sync/sync.c.obj
 *fill*         0x0000000010011aff        0x1 
 .rodata.user_irq_claim_unused.str1.4
                0x0000000010011b00       0x1b CMakeFiles/LoRaSender.dir/home/leon/pico/pico-sdk/src/rp2_common/hardware_irq/irq.c.obj
 *fill*         0x0000000010011b1b        0x5 
 .rodata.at_the_end_of_time
                0x0000000010011b20        0x8 CMakeFiles/LoRaSender.dir/home/leon/pico/pico-sdk/src/common/pico_time/time.c.obj
                0x0000000010011b20                at_the_end_of_time
 .rodata.hardware_alarm_claim.str1.4
                0x0000000010011b28       0x22 CMakeFiles/LoRaSender.dir/home/leon/pico/pico-sdk/src/rp2_common/hardware_timer/timer.c.obj
 *fill*         0x0000000010011b4a        0x2 
 .rodata.panic.str1.4
                0x0000000010011b4c       0x10 CMakeFiles/LoRaSender.dir/home/leon/pico/pico-sdk/src/rp2_common/pico_runtime/runtime.c.obj
                                         0x12 (size before relaxing)
 .rodata.hard_assertion_failure.str1.4
                0x0000000010011b5c        0xc CMakeFiles/LoRaSender.dir/home/leon/pico/pico-sdk/src/rp2_common/pico_runtime/runtime.c.obj
 .rodata._ftoa.str1.4
                0x0000000010011b68       0x15 CMakeFiles/LoRaSender.dir/home/leon/pico/pico-sdk/src/rp2_common/pico_printf/printf.c.obj
 *fill*         0x0000000010011b7d        0x3 
 .rodata._vsnprintf
                0x0000000010011b80      0x1e0 CMakeFiles/LoRaSender.dir/home/leon/pico/pico-sdk/src/rp2_common/pico_printf/printf.c.obj
 .rodata.pow10.0
                0x0000000010011d60       0x50 CMakeFiles/LoRaSender.dir/home/leon/pico/pico-sdk/src/rp2_common/pico_printf/printf.c.obj
 .rodata.missing_double_func_shim.str1.4
                0x0000000010011db0       0x18 CMakeFiles/LoRaSender.dir/home/leon/pico/pico-sdk/src/rp2_common/pico_double/double_init_rom.c.obj
 .rodata.missing_float_func_shim.str1.4
                0x0000000010011dc8       0x18 CMakeFiles/LoRaSender.dir/home/leon/pico/pico-sdk/src/rp2_common/pico_float/float_init_rom.c.obj
                                          0x1 (size before relaxing)
 .rodata.__wrap_malloc.str1.4
                0x0000000010011dc8        0xe CMakeFiles/LoRaSender.dir/home/leon/pico/pico-sdk/src/rp2_common/pico_malloc/pico_malloc.c.obj
 *fill*         0x0000000010011dd6        0x2 
 .rodata.str1.4
                0x0000000010011dd8       0x40 CMakeFiles/LoRaSender.dir/home/leon/pico/pico-sdk/src/rp2_common/pico_standard_link/binary_info.c.obj
 .rodata.__bi_44
                0x0000000010011e18        0xc CMakeFiles/LoRaSender.dir/home/leon/pico/pico-sdk/src/rp2_common/pico_standard_link/binary_info.c.obj
 .rodata.__bi_75
                0x0000000010011e24        0xc CMakeFiles/LoRaSender.dir/home/leon/pico/pico-sdk/src/rp2_common/pico_standard_link/binary_info.c.obj
 .rodata.__bi_81
                0x0000000010011e30        0xc CMakeFiles/LoRaSender.dir/home/leon/pico/pico-sdk/src/rp2_common/pico_standard_link/binary_info.c.obj
 .rodata.crlf_str.0
                0x0000000010011e3c        0x2 CMakeFiles/LoRaSender.dir/home/leon/pico/pico-sdk/src/rp2_common/pico_stdio/stdio.c.obj
 *fill*         0x0000000010011e3e        0x2 
 .rodata._resetd_driver
                0x0000000010011e40       0x18 CMakeFiles/LoRaSender.dir/home/leon/pico/pico-sdk/src/rp2_common/pico_stdio_usb/reset_interface.c.obj
 .rodata.str1.4